Component: ARM Compiler 5.06 update 7 (build 960) Tool: armlink [4d3601]

==============================================================================

Section Cross References

    bluetooth_adc.o(.text) refers to scm3c_hw_interface.o(.text) for initialize_mote
    bluetooth_adc.o(.text) refers to optical.o(.text) for perform_calibration
    bluetooth_adc.o(.text) refers to radio.o(.text) for radio_rxEnable
    bluetooth_adc.o(.text) refers to noretval__2printf.o(.text) for __2printf
    adc.o(.text) refers to _printf_percent.o(.ARM.Collect$$_printf_percent$$00000000) for _printf_percent
    adc.o(.text) refers to _printf_x.o(.ARM.Collect$$_printf_percent$$0000000C) for _printf_x
    adc.o(.text) refers to _printf_hex_int.o(.text) for _printf_longlong_hex
    adc.o(.text) refers to scm3c_hw_interface.o(.text) for set_asc_bit
    adc.o(.text) refers to noretval__2printf.o(.text) for __2printf
    adc.o(.text) refers to adc.o(.data) for g_adc_output
    cm0dsasm.o(STACK) refers (Special) to heapauxi.o(.text) for __use_two_region_memory
    cm0dsasm.o(HEAP) refers (Special) to heapauxi.o(.text) for __use_two_region_memory
    cm0dsasm.o(RESET) refers (Special) to heapauxi.o(.text) for __use_two_region_memory
    cm0dsasm.o(RESET) refers to cm0dsasm.o(STACK) for __initial_sp
    cm0dsasm.o(RESET) refers to cm0dsasm.o(.text) for Reset_Handler
    cm0dsasm.o(.text) refers (Special) to heapauxi.o(.text) for __use_two_region_memory
    cm0dsasm.o(.text) refers to uart.o(.text) for uart_rx_isr
    cm0dsasm.o(.text) refers to adc.o(.text) for adc_isr
    cm0dsasm.o(.text) refers to radio.o(.text) for radio_isr
    cm0dsasm.o(.text) refers to rftimer.o(.text) for rftimer_isr
    cm0dsasm.o(.text) refers to gpio.o(.text) for ext_gpio3_activehigh_debounced_isr
    cm0dsasm.o(.text) refers to optical.o(.text) for optical_32_isr
    cm0dsasm.o(.text) refers to __main.o(!!!main) for __main
    cm0dsasm.o(.text) refers to cm0dsasm.o(HEAP) for Heap_Mem
    cm0dsasm.o(.text) refers to cm0dsasm.o(STACK) for Stack_Mem
    gpio.o(.text) refers to noretval__2printf.o(.text) for __2printf
    gpio.o(.text) refers to optical.o(.text) for optical_sfd_isr
    optical.o(.text) refers to _printf_percent.o(.ARM.Collect$$_printf_percent$$00000000) for _printf_percent
    optical.o(.text) refers to _printf_d.o(.ARM.Collect$$_printf_percent$$00000009) for _printf_d
    optical.o(.text) refers to _printf_dec.o(.text) for _printf_int_dec
    optical.o(.text) refers to rt_memclr.o(.text) for __aeabi_memclr4
    optical.o(.text) refers to radio.o(.text) for radio_rxEnable
    optical.o(.text) refers to noretval__2printf.o(.text) for __2printf
    optical.o(.text) refers to scm3c_hw_interface.o(.text) for scm3c_hw_interface_get_HF_CLOCK_fine
    optical.o(.text) refers to optical.o(.bss) for optical_vars
    radio.o(.text) refers to _printf_percent.o(.ARM.Collect$$_printf_percent$$00000000) for _printf_percent
    radio.o(.text) refers to _printf_d.o(.ARM.Collect$$_printf_percent$$00000009) for _printf_d
    radio.o(.text) refers to _printf_dec.o(.text) for _printf_int_dec
    radio.o(.text) refers to _printf_x.o(.ARM.Collect$$_printf_percent$$0000000C) for _printf_x
    radio.o(.text) refers to _printf_hex_int.o(.text) for _printf_longlong_hex
    radio.o(.text) refers to rt_memcpy.o(.text) for __aeabi_memcpy
    radio.o(.text) refers to rftimer.o(.text) for rftimer_set_callback
    radio.o(.text) refers to scm3c_hw_interface.o(.text) for read_IF_estimate
    radio.o(.text) refers to rt_memclr.o(.text) for __aeabi_memclr
    radio.o(.text) refers to noretval__2printf.o(.text) for __2printf
    radio.o(.text) refers to radio.o(.bss) for radio_vars
    radio.o(.text) refers to aeabi_sdiv.o(.text) for __aeabi_idivmod
    radio.o(.text) refers to rt_memcpy.o(.emb_text) for __aeabi_memcpy4
    radio.o(.text) refers to radio.o(.data) for FIR_coeff
    radio.o(.text) refers to radio.o(.constdata) for .constdata
    radio.o(.text) refers to gpio.o(.text) for gpio_2_set
    retarget.o(.text) refers (Special) to use_no_semi_2.o(.text) for __use_no_semihosting
    retarget.o(.text) refers to noretval__2printf.o(.text) for __2printf
    retarget.o(.text) refers to retarget.o(.data) for __stdout
    retarget.o(.data) refers (Special) to use_no_semi_2.o(.text) for __use_no_semihosting
    rftimer.o(.text) refers to _printf_percent.o(.ARM.Collect$$_printf_percent$$00000000) for _printf_percent
    rftimer.o(.text) refers to _printf_d.o(.ARM.Collect$$_printf_percent$$00000009) for _printf_d
    rftimer.o(.text) refers to _printf_dec.o(.text) for _printf_int_dec
    rftimer.o(.text) refers to rt_memclr.o(.text) for __aeabi_memclr4
    rftimer.o(.text) refers to noretval__2printf.o(.text) for __2printf
    rftimer.o(.text) refers to gpio.o(.text) for gpio_2_set
    rftimer.o(.text) refers to rftimer.o(.bss) for rftimer_vars
    rftimer.o(.text) refers to rftimer.o(.data) for RF_TIMER_REG_CONTROL_ADDRESES
    scm3c_hw_interface.o(.text) refers to _printf_percent.o(.ARM.Collect$$_printf_percent$$00000000) for _printf_percent
    scm3c_hw_interface.o(.text) refers to _printf_x.o(.ARM.Collect$$_printf_percent$$0000000C) for _printf_x
    scm3c_hw_interface.o(.text) refers to _printf_hex_int.o(.text) for _printf_longlong_hex
    scm3c_hw_interface.o(.text) refers to _printf_d.o(.ARM.Collect$$_printf_percent$$00000009) for _printf_d
    scm3c_hw_interface.o(.text) refers to _printf_dec.o(.text) for _printf_int_dec
    scm3c_hw_interface.o(.text) refers to rt_memclr.o(.text) for __aeabi_memclr4
    scm3c_hw_interface.o(.text) refers to rt_memcpy.o(.emb_text) for __aeabi_memcpy4
    scm3c_hw_interface.o(.text) refers to noretval__2printf.o(.text) for __2printf
    scm3c_hw_interface.o(.text) refers to scm3c_hw_interface.o(.bss) for scm3c_hw_interface_vars
    scm3c_hw_interface.o(.text) refers to scm3c_hw_interface.o(.constdata) for default_dac_2m_setting
    scm3c_hw_interface.o(.text) refers to aeabi_sdiv.o(.text) for __aeabi_idivmod
    scm3c_hw_interface.o(.text) refers to optical.o(.text) for optical_init
    scm3c_hw_interface.o(.text) refers to radio.o(.text) for radio_init
    scm3c_hw_interface.o(.text) refers to rftimer.o(.text) for rftimer_init
    spi.o(.text) refers to _printf_pad.o(.text) for _printf_pre_padding
    spi.o(.text) refers to _printf_percent.o(.ARM.Collect$$_printf_percent$$00000000) for _printf_percent
    spi.o(.text) refers to _printf_d.o(.ARM.Collect$$_printf_percent$$00000009) for _printf_d
    spi.o(.text) refers to _printf_dec.o(.text) for _printf_int_dec
    spi.o(.text) refers to noretval__2printf.o(.text) for __2printf
    spi.o(.text) refers to spi.o(.conststring) for .conststring
    uart.o(.text) refers to noretval__2printf.o(.text) for __2printf
    use_no_semi_2.o(.text) refers (Special) to use_no_semi.o(.text) for __use_no_semihosting_swi
    __2printf.o(.text) refers to _printf_char_file.o(.text) for _printf_char_file
    __2printf.o(.text) refers to retarget.o(.data) for __stdout
    noretval__2printf.o(.text) refers to _printf_char_file.o(.text) for _printf_char_file
    noretval__2printf.o(.text) refers to retarget.o(.data) for __stdout
    __printf.o(.text) refers to _printf_percent.o(.ARM.Collect$$_printf_percent$$00000000) for _printf_percent
    _printf_dec.o(.text) refers to rtudiv10.o(.text) for __rt_udiv10
    _printf_dec.o(.text) refers to _printf_intcommon.o(.text) for _printf_int_common
    _printf_hex_ll.o(.text) refers to _printf_intcommon.o(.text) for _printf_int_common
    _printf_hex_ll.o(.text) refers to _printf_hex_ll.o(.constdata) for .constdata
    _printf_hex_int.o(.text) refers to _printf_intcommon.o(.text) for _printf_int_common
    _printf_hex_int.o(.text) refers to _printf_hex_int.o(.constdata) for .constdata
    _printf_hex_int_ll.o(.text) refers to _printf_intcommon.o(.text) for _printf_int_common
    _printf_hex_int_ll.o(.text) refers to _printf_hex_int_ll.o(.constdata) for .constdata
    _printf_hex_ptr.o(.text) refers to _printf_intcommon.o(.text) for _printf_int_common
    _printf_hex_ptr.o(.text) refers to _printf_hex_ptr.o(.constdata) for .constdata
    _printf_hex_int_ptr.o(.text) refers to _printf_intcommon.o(.text) for _printf_int_common
    _printf_hex_int_ptr.o(.text) refers to _printf_hex_int_ptr.o(.constdata) for .constdata
    _printf_hex_ll_ptr.o(.text) refers to _printf_intcommon.o(.text) for _printf_int_common
    _printf_hex_ll_ptr.o(.text) refers to _printf_hex_ll_ptr.o(.constdata) for .constdata
    _printf_hex_int_ll_ptr.o(.text) refers to _printf_intcommon.o(.text) for _printf_int_common
    _printf_hex_int_ll_ptr.o(.text) refers to _printf_hex_int_ll_ptr.o(.constdata) for .constdata
    __printf_flags.o(.text) refers to _printf_percent.o(.ARM.Collect$$_printf_percent$$00000000) for _printf_percent
    __printf_flags.o(.text) refers to __printf_flags.o(.constdata) for .constdata
    __printf_ss.o(.text) refers to _printf_percent.o(.ARM.Collect$$_printf_percent$$00000000) for _printf_percent
    __printf_flags_ss.o(.text) refers to _printf_percent.o(.ARM.Collect$$_printf_percent$$00000000) for _printf_percent
    __printf_flags_ss.o(.text) refers to __printf_flags_ss.o(.constdata) for .constdata
    __printf_wp.o(.text) refers to __printf_wp.o(i._is_digit) for _is_digit
    __printf_wp.o(.text) refers to _printf_percent.o(.ARM.Collect$$_printf_percent$$00000000) for _printf_percent
    __printf_flags_wp.o(.text) refers to __printf_wp.o(i._is_digit) for _is_digit
    __printf_flags_wp.o(.text) refers to _printf_percent.o(.ARM.Collect$$_printf_percent$$00000000) for _printf_percent
    __printf_flags_wp.o(.text) refers to __printf_flags_wp.o(.constdata) for .constdata
    __printf_ss_wp.o(.text) refers to __printf_wp.o(i._is_digit) for _is_digit
    __printf_ss_wp.o(.text) refers to _printf_percent.o(.ARM.Collect$$_printf_percent$$00000000) for _printf_percent
    __printf_flags_ss_wp.o(.text) refers to __printf_wp.o(i._is_digit) for _is_digit
    __printf_flags_ss_wp.o(.text) refers to _printf_percent.o(.ARM.Collect$$_printf_percent$$00000000) for _printf_percent
    __printf_flags_ss_wp.o(.text) refers to __printf_flags_ss_wp.o(.constdata) for .constdata
    _printf_x.o(.ARM.Collect$$_printf_percent$$0000000C) refers (Weak) to _printf_hex_int.o(.text) for _printf_int_hex
    _printf_d.o(.ARM.Collect$$_printf_percent$$00000009) refers (Weak) to _printf_dec.o(.text) for _printf_int_dec
    _printf_percent.o(.ARM.Collect$$_printf_percent$$00000000) refers (Special) to _printf_percent_end.o(.ARM.Collect$$_printf_percent$$00000017) for _printf_percent_end
    rt_memcpy.o(.text) refers to rt_memcpy.o(.emb_text) for __aeabi_memcpy4
    __main.o(!!!main) refers to __rtentry.o(.ARM.Collect$$rtentry$$00000000) for __rt_entry
    __rtentry.o(.ARM.Collect$$rtentry$$00000000) refers (Special) to __rtentry2.o(.ARM.Collect$$rtentry$$0000000A) for __rt_entry_li
    __rtentry.o(.ARM.Collect$$rtentry$$00000000) refers (Special) to __rtentry2.o(.ARM.Collect$$rtentry$$0000000D) for __rt_entry_main
    __rtentry.o(.ARM.Collect$$rtentry$$00000000) refers (Special) to __rtentry2.o(.ARM.Collect$$rtentry$$0000000C) for __rt_entry_postli_1
    __rtentry.o(.ARM.Collect$$rtentry$$00000000) refers (Special) to __rtentry2.o(.ARM.Collect$$rtentry$$00000009) for __rt_entry_postsh_1
    __rtentry.o(.ARM.Collect$$rtentry$$00000000) refers (Special) to __rtentry2.o(.ARM.Collect$$rtentry$$00000002) for __rt_entry_presh_1
    __rtentry.o(.ARM.Collect$$rtentry$$00000000) refers (Special) to __rtentry4.o(.ARM.Collect$$rtentry$$00000004) for __rt_entry_sh
    aeabi_idiv0_sigfpe.o(.text) refers to rt_div0.o(.text) for __rt_div0
    _printf_intcommon.o(.text) refers (Weak) to _printf_pad.o(.text) for _printf_pre_padding
    _printf_intcommon.o(.text) refers (Weak) to _printf_pad.o(.text) for _printf_pre_padding
    _printf_intcommon.o(.text) refers (Weak) to _printf_pad.o(.text) for _printf_post_padding
    _printf_char_file.o(.text) refers to _printf_char_common.o(.text) for _printf_char_common
    _printf_char_file.o(.text) refers to retarget.o(.text) for ferror
    __rtentry2.o(.ARM.Collect$$rtentry$$00000008) refers to boardinit2.o(.text) for _platform_post_stackheap_init
    __rtentry2.o(.ARM.Collect$$rtentry$$0000000A) refers to libinit.o(.ARM.Collect$$libinit$$00000000) for __rt_lib_init
    __rtentry2.o(.ARM.Collect$$rtentry$$0000000B) refers to boardinit3.o(.text) for _platform_post_lib_init
    __rtentry2.o(.ARM.Collect$$rtentry$$0000000D) refers to bluetooth_adc.o(.text) for main
    __rtentry2.o(.ARM.Collect$$rtentry$$0000000D) refers to exit.o(.text) for exit
    __rtentry2.o(.ARM.exidx) refers to __rtentry2.o(.ARM.Collect$$rtentry$$00000001) for .ARM.Collect$$rtentry$$00000001
    __rtentry2.o(.ARM.exidx) refers to __rtentry2.o(.ARM.Collect$$rtentry$$00000008) for .ARM.Collect$$rtentry$$00000008
    __rtentry2.o(.ARM.exidx) refers to __rtentry2.o(.ARM.Collect$$rtentry$$0000000A) for .ARM.Collect$$rtentry$$0000000A
    __rtentry2.o(.ARM.exidx) refers to __rtentry2.o(.ARM.Collect$$rtentry$$0000000B) for .ARM.Collect$$rtentry$$0000000B
    __rtentry2.o(.ARM.exidx) refers to __rtentry2.o(.ARM.Collect$$rtentry$$0000000D) for .ARM.Collect$$rtentry$$0000000D
    __rtentry4.o(.ARM.Collect$$rtentry$$00000004) refers to sys_stackheap_outer.o(.text) for __user_setup_stackheap
    __rtentry4.o(.ARM.exidx) refers to __rtentry4.o(.ARM.Collect$$rtentry$$00000004) for .ARM.Collect$$rtentry$$00000004
    rt_div0.o(.text) refers to defsig_fpe_outer.o(.text) for __rt_SIGFPE
    _printf_char_common.o(.text) refers to __printf_wp.o(.text) for __printf
    sys_stackheap_outer.o(.text) refers to libspace.o(.text) for __user_perproc_libspace
    sys_stackheap_outer.o(.text) refers to cm0dsasm.o(.text) for __user_initial_stackheap
    sys_stackheap_outer.o(__vectab_stack_and_reset_area) refers to tempstk.o(.text) for __temporary_stack_top
    sys_stackheap_outer.o(__vectab_stack_and_reset_area) refers to __main.o(!!!main) for __main
    exit.o(.text) refers to rtexit.o(.ARM.Collect$$rtexit$$00000000) for __rt_exit
    defsig_fpe_outer.o(.text) refers to defsig_fpe_inner.o(.text) for __rt_SIGFPE_inner
    defsig_fpe_outer.o(.text) refers to defsig_exit.o(.text) for __sig_exit
    defsig_fpe_formal.o(.text) refers to rt_raise.o(.text) for __rt_raise
    libinit.o(.ARM.Collect$$libinit$$00000000) refers (Special) to libinit2.o(.ARM.Collect$$libinit$$0000002E) for __rt_lib_init_alloca_1
    libinit.o(.ARM.Collect$$libinit$$00000000) refers (Special) to libinit2.o(.ARM.Collect$$libinit$$0000002C) for __rt_lib_init_argv_1
    libinit.o(.ARM.Collect$$libinit$$00000000) refers (Special) to libinit2.o(.ARM.Collect$$libinit$$0000001B) for __rt_lib_init_atexit_1
    libinit.o(.ARM.Collect$$libinit$$00000000) refers (Special) to libinit2.o(.ARM.Collect$$libinit$$00000021) for __rt_lib_init_clock_1
    libinit.o(.ARM.Collect$$libinit$$00000000) refers (Special) to libinit2.o(.ARM.Collect$$libinit$$00000032) for __rt_lib_init_cpp_1
    libinit.o(.ARM.Collect$$libinit$$00000000) refers (Special) to libinit2.o(.ARM.Collect$$libinit$$00000030) for __rt_lib_init_exceptions_1
    libinit.o(.ARM.Collect$$libinit$$00000000) refers (Special) to libinit2.o(.ARM.Collect$$libinit$$00000002) for __rt_lib_init_fp_1
    libinit.o(.ARM.Collect$$libinit$$00000000) refers (Special) to libinit2.o(.ARM.Collect$$libinit$$0000001F) for __rt_lib_init_fp_trap_1
    libinit.o(.ARM.Collect$$libinit$$00000000) refers (Special) to libinit2.o(.ARM.Collect$$libinit$$00000023) for __rt_lib_init_getenv_1
    libinit.o(.ARM.Collect$$libinit$$00000000) refers (Special) to libinit2.o(.ARM.Collect$$libinit$$0000000A) for __rt_lib_init_heap_1
    libinit.o(.ARM.Collect$$libinit$$00000000) refers (Special) to libinit2.o(.ARM.Collect$$libinit$$00000011) for __rt_lib_init_lc_collate_1
    libinit.o(.ARM.Collect$$libinit$$00000000) refers (Special) to libinit2.o(.ARM.Collect$$libinit$$00000013) for __rt_lib_init_lc_ctype_1
    libinit.o(.ARM.Collect$$libinit$$00000000) refers (Special) to libinit2.o(.ARM.Collect$$libinit$$00000015) for __rt_lib_init_lc_monetary_1
    libinit.o(.ARM.Collect$$libinit$$00000000) refers (Special) to libinit2.o(.ARM.Collect$$libinit$$00000017) for __rt_lib_init_lc_numeric_1
    libinit.o(.ARM.Collect$$libinit$$00000000) refers (Special) to libinit2.o(.ARM.Collect$$libinit$$00000019) for __rt_lib_init_lc_time_1
    libinit.o(.ARM.Collect$$libinit$$00000000) refers (Special) to libinit2.o(.ARM.Collect$$libinit$$00000004) for __rt_lib_init_preinit_1
    libinit.o(.ARM.Collect$$libinit$$00000000) refers (Special) to libinit2.o(.ARM.Collect$$libinit$$0000000E) for __rt_lib_init_rand_1
    libinit.o(.ARM.Collect$$libinit$$00000000) refers (Special) to libinit2.o(.ARM.Collect$$libinit$$00000033) for __rt_lib_init_return
    libinit.o(.ARM.Collect$$libinit$$00000000) refers (Special) to libinit2.o(.ARM.Collect$$libinit$$0000001D) for __rt_lib_init_signal_1
    libinit.o(.ARM.Collect$$libinit$$00000000) refers (Special) to libinit2.o(.ARM.Collect$$libinit$$00000025) for __rt_lib_init_stdio_1
    libinit.o(.ARM.Collect$$libinit$$00000000) refers (Special) to libinit2.o(.ARM.Collect$$libinit$$0000000C) for __rt_lib_init_user_alloc_1
    libspace.o(.text) refers to libspace.o(.bss) for __libspace_start
    rtexit.o(.ARM.Collect$$rtexit$$00000000) refers (Special) to rtexit2.o(.ARM.Collect$$rtexit$$00000004) for __rt_exit_exit
    rtexit.o(.ARM.Collect$$rtexit$$00000000) refers (Special) to rtexit2.o(.ARM.Collect$$rtexit$$00000003) for __rt_exit_ls
    rtexit.o(.ARM.Collect$$rtexit$$00000000) refers (Special) to rtexit2.o(.ARM.Collect$$rtexit$$00000002) for __rt_exit_prels_1
    rtexit.o(.ARM.exidx) refers (Special) to rtexit2.o(.ARM.Collect$$rtexit$$00000004) for __rt_exit_exit
    rtexit.o(.ARM.exidx) refers (Special) to rtexit2.o(.ARM.Collect$$rtexit$$00000003) for __rt_exit_ls
    rtexit.o(.ARM.exidx) refers (Special) to rtexit2.o(.ARM.Collect$$rtexit$$00000002) for __rt_exit_prels_1
    rtexit.o(.ARM.exidx) refers to rtexit.o(.ARM.Collect$$rtexit$$00000000) for .ARM.Collect$$rtexit$$00000000
    rt_raise.o(.text) refers to __raise.o(.text) for __raise
    rt_raise.o(.text) refers to retarget.o(.text) for _sys_exit
    defsig_exit.o(.text) refers to retarget.o(.text) for _sys_exit
    defsig_fpe_inner.o(.text) refers to defsig_general.o(.text) for __default_signal_display
    libinit2.o(.ARM.Collect$$libinit$$00000010) refers to libinit2.o(.ARM.Collect$$libinit$$0000000F) for .ARM.Collect$$libinit$$0000000F
    libinit2.o(.ARM.Collect$$libinit$$00000012) refers to libinit2.o(.ARM.Collect$$libinit$$0000000F) for .ARM.Collect$$libinit$$0000000F
    libinit2.o(.ARM.Collect$$libinit$$00000014) refers to libinit2.o(.ARM.Collect$$libinit$$0000000F) for .ARM.Collect$$libinit$$0000000F
    libinit2.o(.ARM.Collect$$libinit$$00000016) refers to libinit2.o(.ARM.Collect$$libinit$$0000000F) for .ARM.Collect$$libinit$$0000000F
    libinit2.o(.ARM.Collect$$libinit$$00000018) refers to libinit2.o(.ARM.Collect$$libinit$$0000000F) for .ARM.Collect$$libinit$$0000000F
    libinit2.o(.ARM.Collect$$libinit$$00000026) refers to argv_veneer.o(.text) for __ARM_argv_veneer
    libinit2.o(.ARM.Collect$$libinit$$00000027) refers to argv_veneer.o(.text) for __ARM_argv_veneer
    rtexit2.o(.ARM.Collect$$rtexit$$00000003) refers to libshutdown.o(.ARM.Collect$$libshutdown$$00000000) for __rt_lib_shutdown
    rtexit2.o(.ARM.Collect$$rtexit$$00000004) refers to retarget.o(.text) for _sys_exit
    rtexit2.o(.ARM.exidx) refers to rtexit2.o(.ARM.Collect$$rtexit$$00000001) for .ARM.Collect$$rtexit$$00000001
    rtexit2.o(.ARM.exidx) refers to rtexit2.o(.ARM.Collect$$rtexit$$00000003) for .ARM.Collect$$rtexit$$00000003
    rtexit2.o(.ARM.exidx) refers to rtexit2.o(.ARM.Collect$$rtexit$$00000004) for .ARM.Collect$$rtexit$$00000004
    __raise.o(.text) refers to defsig.o(CL$$defsig) for __default_signal_handler
    defsig_general.o(.text) refers to retarget.o(.text) for _ttywrch
    defsig.o(CL$$defsig) refers to defsig_fpe_inner.o(.text) for __rt_SIGFPE_inner
    defsig.o(CL$$defsig) refers to defsig_rtmem_inner.o(.text) for __rt_SIGRTMEM_inner
    _get_argv_nomalloc.o(.text) refers (Special) to hrguard.o(.text) for __heap_region$guard
    _get_argv_nomalloc.o(.text) refers to defsig_rtmem_outer.o(.text) for __rt_SIGRTMEM
    _get_argv_nomalloc.o(.text) refers to sys_command.o(.text) for _sys_command_string
    libshutdown.o(.ARM.Collect$$libshutdown$$00000000) refers (Special) to libshutdown2.o(.ARM.Collect$$libshutdown$$00000004) for __rt_lib_shutdown_cpp_1
    libshutdown.o(.ARM.Collect$$libshutdown$$00000000) refers (Special) to libshutdown2.o(.ARM.Collect$$libshutdown$$00000002) for __rt_lib_shutdown_fini_1
    libshutdown.o(.ARM.Collect$$libshutdown$$00000000) refers (Special) to libshutdown2.o(.ARM.Collect$$libshutdown$$00000009) for __rt_lib_shutdown_fp_trap_1
    libshutdown.o(.ARM.Collect$$libshutdown$$00000000) refers (Special) to libshutdown2.o(.ARM.Collect$$libshutdown$$00000011) for __rt_lib_shutdown_heap_1
    libshutdown.o(.ARM.Collect$$libshutdown$$00000000) refers (Special) to libshutdown2.o(.ARM.Collect$$libshutdown$$00000012) for __rt_lib_shutdown_return
    libshutdown.o(.ARM.Collect$$libshutdown$$00000000) refers (Special) to libshutdown2.o(.ARM.Collect$$libshutdown$$0000000C) for __rt_lib_shutdown_signal_1
    libshutdown.o(.ARM.Collect$$libshutdown$$00000000) refers (Special) to libshutdown2.o(.ARM.Collect$$libshutdown$$00000006) for __rt_lib_shutdown_stdio_1
    libshutdown.o(.ARM.Collect$$libshutdown$$00000000) refers (Special) to libshutdown2.o(.ARM.Collect$$libshutdown$$0000000E) for __rt_lib_shutdown_user_alloc_1
    sys_command.o(.text) refers (Special) to use_no_semi.o(.text) for __I$use$semihosting
    sys_command.o(.text) refers (Special) to indicate_semi.o(.text) for __semihosting_library_function
    defsig_abrt_inner.o(.text) refers to defsig_general.o(.text) for __default_signal_display
    defsig_rtred_inner.o(.text) refers to defsig_general.o(.text) for __default_signal_display
    defsig_rtmem_inner.o(.text) refers to defsig_general.o(.text) for __default_signal_display
    defsig_rtmem_outer.o(.text) refers to defsig_rtmem_inner.o(.text) for __rt_SIGRTMEM_inner
    defsig_rtmem_outer.o(.text) refers to defsig_exit.o(.text) for __sig_exit
    defsig_rtmem_formal.o(.text) refers to rt_raise.o(.text) for __rt_raise
    defsig_stak_inner.o(.text) refers to defsig_general.o(.text) for __default_signal_display
    defsig_pvfn_inner.o(.text) refers to defsig_general.o(.text) for __default_signal_display
    defsig_cppl_inner.o(.text) refers to defsig_general.o(.text) for __default_signal_display
    defsig_segv_inner.o(.text) refers to defsig_general.o(.text) for __default_signal_display
    defsig_other.o(.text) refers to defsig_general.o(.text) for __default_signal_display


==============================================================================

Removing Unused input sections from the image.

    Removing spi.o(.text), (756 bytes).
    Removing spi.o(.conststring), (78 bytes).

2 unused section(s) (total 834 bytes) removed from the image.

==============================================================================

Image Symbol Table

    Local Symbols

    Symbol Name                              Value     Ov Type        Size  Object(Section)

    RESET                                    0x00000000   Section      128  cm0dsasm.o(RESET)
    ../clib/angel/boardlib.s                 0x00000000   Number         0  boardinit2.o ABSOLUTE
    ../clib/angel/boardlib.s                 0x00000000   Number         0  boardinit1.o ABSOLUTE
    ../clib/angel/boardlib.s                 0x00000000   Number         0  boardshut.o ABSOLUTE
    ../clib/angel/boardlib.s                 0x00000000   Number         0  boardinit3.o ABSOLUTE
    ../clib/angel/handlers.s                 0x00000000   Number         0  __scatter_zi.o ABSOLUTE
    ../clib/angel/handlers.s                 0x00000000   Number         0  __scatter_copy.o ABSOLUTE
    ../clib/angel/kernel.s                   0x00000000   Number         0  rtexit.o ABSOLUTE
    ../clib/angel/kernel.s                   0x00000000   Number         0  rtexit2.o ABSOLUTE
    ../clib/angel/kernel.s                   0x00000000   Number         0  __rtentry4.o ABSOLUTE
    ../clib/angel/kernel.s                   0x00000000   Number         0  __rtentry.o ABSOLUTE
    ../clib/angel/kernel.s                   0x00000000   Number         0  __rtentry2.o ABSOLUTE
    ../clib/angel/rt.s                       0x00000000   Number         0  rt_div0.o ABSOLUTE
    ../clib/angel/rt.s                       0x00000000   Number         0  aeabi_idiv0.o ABSOLUTE
    ../clib/angel/rt.s                       0x00000000   Number         0  aeabi_idiv0_sigfpe.o ABSOLUTE
    ../clib/angel/rt.s                       0x00000000   Number         0  rt_raise.o ABSOLUTE
    ../clib/angel/scatterp.s                 0x00000000   Number         0  __scatter.o ABSOLUTE
    ../clib/angel/startup.s                  0x00000000   Number         0  __main.o ABSOLUTE
    ../clib/angel/sys.s                      0x00000000   Number         0  indicate_semi.o ABSOLUTE
    ../clib/angel/sys.s                      0x00000000   Number         0  use_no_semi.o ABSOLUTE
    ../clib/angel/sys.s                      0x00000000   Number         0  libspace.o ABSOLUTE
    ../clib/angel/sys.s                      0x00000000   Number         0  tempstk.o ABSOLUTE
    ../clib/angel/sys.s                      0x00000000   Number         0  sys_stackheap_outer.o ABSOLUTE
    ../clib/angel/sys.s                      0x00000000   Number         0  use_no_semi_2.o ABSOLUTE
    ../clib/angel/sysapp.c                   0x00000000   Number         0  sys_command.o ABSOLUTE
    ../clib/armsys.c                         0x00000000   Number         0  no_argv.o ABSOLUTE
    ../clib/armsys.c                         0x00000000   Number         0  _get_argv_nomalloc.o ABSOLUTE
    ../clib/armsys.c                         0x00000000   Number         0  argv_veneer.o ABSOLUTE
    ../clib/division.c                       0x00000000   Number         0  rtudiv10.o ABSOLUTE
    ../clib/division.s                       0x00000000   Number         0  aeabi_sdiv_div0.o ABSOLUTE
    ../clib/division.s                       0x00000000   Number         0  aeabi_sdiv.o ABSOLUTE
    ../clib/heapalloc.c                      0x00000000   Number         0  hrguard.o ABSOLUTE
    ../clib/heapaux.c                        0x00000000   Number         0  heapauxi.o ABSOLUTE
    ../clib/libinit.s                        0x00000000   Number         0  libshutdown.o ABSOLUTE
    ../clib/libinit.s                        0x00000000   Number         0  libinit2.o ABSOLUTE
    ../clib/libinit.s                        0x00000000   Number         0  libinit.o ABSOLUTE
    ../clib/libinit.s                        0x00000000   Number         0  libshutdown2.o ABSOLUTE
    ../clib/memcpset.c                       0x00000000   Number         0  rt_memclr.o ABSOLUTE
    ../clib/memcpset.c                       0x00000000   Number         0  rt_memcpy.o ABSOLUTE
    ../clib/memcpset.c                       0x00000000   Number         0  rt_memcpy.o ABSOLUTE
    ../clib/misc.s                           0x00000000   Number         0  printf_stubs.o ABSOLUTE
    ../clib/printf.c                         0x00000000   Number         0  _printf_hex_ptr.o ABSOLUTE
    ../clib/printf.c                         0x00000000   Number         0  _printf_intcommon.o ABSOLUTE
    ../clib/printf.c                         0x00000000   Number         0  _printf_char_common.o ABSOLUTE
    ../clib/printf.c                         0x00000000   Number         0  _printf_char_file.o ABSOLUTE
    ../clib/printf.c                         0x00000000   Number         0  __printf_flags_ss_wp.o ABSOLUTE
    ../clib/printf.c                         0x00000000   Number         0  __2printf.o ABSOLUTE
    ../clib/printf.c                         0x00000000   Number         0  noretval__2printf.o ABSOLUTE
    ../clib/printf.c                         0x00000000   Number         0  _printf_pad.o ABSOLUTE
    ../clib/printf.c                         0x00000000   Number         0  __printf.o ABSOLUTE
    ../clib/printf.c                         0x00000000   Number         0  _printf_dec.o ABSOLUTE
    ../clib/printf.c                         0x00000000   Number         0  _printf_hex_ll.o ABSOLUTE
    ../clib/printf.c                         0x00000000   Number         0  _printf_hex_int.o ABSOLUTE
    ../clib/printf.c                         0x00000000   Number         0  _printf_hex_int_ll.o ABSOLUTE
    ../clib/printf.c                         0x00000000   Number         0  _printf_hex_int_ptr.o ABSOLUTE
    ../clib/printf.c                         0x00000000   Number         0  _printf_hex_ll_ptr.o ABSOLUTE
    ../clib/printf.c                         0x00000000   Number         0  _printf_hex_int_ll_ptr.o ABSOLUTE
    ../clib/printf.c                         0x00000000   Number         0  __printf_flags.o ABSOLUTE
    ../clib/printf.c                         0x00000000   Number         0  __printf_ss.o ABSOLUTE
    ../clib/printf.c                         0x00000000   Number         0  __printf_flags_ss.o ABSOLUTE
    ../clib/printf.c                         0x00000000   Number         0  __printf_wp.o ABSOLUTE
    ../clib/printf.c                         0x00000000   Number         0  __printf_flags_wp.o ABSOLUTE
    ../clib/printf.c                         0x00000000   Number         0  __printf_ss_wp.o ABSOLUTE
    ../clib/printf.c                         0x00000000   Number         0  __printf_nopercent.o ABSOLUTE
    ../clib/printf_percent.s                 0x00000000   Number         0  _printf_percent_end.o ABSOLUTE
    ../clib/printf_percent.s                 0x00000000   Number         0  _printf_x.o ABSOLUTE
    ../clib/printf_percent.s                 0x00000000   Number         0  _printf_d.o ABSOLUTE
    ../clib/printf_percent.s                 0x00000000   Number         0  _printf_percent.o ABSOLUTE
    ../clib/signal.c                         0x00000000   Number         0  defsig_fpe_inner.o ABSOLUTE
    ../clib/signal.c                         0x00000000   Number         0  defsig_rtmem_formal.o ABSOLUTE
    ../clib/signal.c                         0x00000000   Number         0  defsig_general.o ABSOLUTE
    ../clib/signal.c                         0x00000000   Number         0  defsig_rtmem_outer.o ABSOLUTE
    ../clib/signal.c                         0x00000000   Number         0  defsig_exit.o ABSOLUTE
    ../clib/signal.c                         0x00000000   Number         0  defsig_abrt_inner.o ABSOLUTE
    ../clib/signal.c                         0x00000000   Number         0  defsig_rtmem_inner.o ABSOLUTE
    ../clib/signal.c                         0x00000000   Number         0  __raise.o ABSOLUTE
    ../clib/signal.c                         0x00000000   Number         0  defsig_fpe_formal.o ABSOLUTE
    ../clib/signal.c                         0x00000000   Number         0  defsig_fpe_outer.o ABSOLUTE
    ../clib/signal.c                         0x00000000   Number         0  defsig_rtred_inner.o ABSOLUTE
    ../clib/signal.c                         0x00000000   Number         0  defsig_stak_inner.o ABSOLUTE
    ../clib/signal.c                         0x00000000   Number         0  defsig_pvfn_inner.o ABSOLUTE
    ../clib/signal.c                         0x00000000   Number         0  defsig_cppl_inner.o ABSOLUTE
    ../clib/signal.c                         0x00000000   Number         0  defsig_segv_inner.o ABSOLUTE
    ../clib/signal.c                         0x00000000   Number         0  defsig_other.o ABSOLUTE
    ../clib/signal.s                         0x00000000   Number         0  defsig.o ABSOLUTE
    ../clib/stdlib.c                         0x00000000   Number         0  exit.o ABSOLUTE
    ../fplib/cfplib/fpinit.c                 0x00000000   Number         0  fpinit.o ABSOLUTE
    ..\..\adc.c                              0x00000000   Number         0  adc.o ABSOLUTE
    ..\..\cm0dsasm.s                         0x00000000   Number         0  cm0dsasm.o ABSOLUTE
    ..\..\gpio.c                             0x00000000   Number         0  gpio.o ABSOLUTE
    ..\..\optical.c                          0x00000000   Number         0  optical.o ABSOLUTE
    ..\..\radio.c                            0x00000000   Number         0  radio.o ABSOLUTE
    ..\..\retarget.c                         0x00000000   Number         0  retarget.o ABSOLUTE
    ..\..\rftimer.c                          0x00000000   Number         0  rftimer.o ABSOLUTE
    ..\..\scm3c_hw_interface.c               0x00000000   Number         0  scm3c_hw_interface.o ABSOLUTE
    ..\..\spi.c                              0x00000000   Number         0  spi.o ABSOLUTE
    ..\..\uart.c                             0x00000000   Number         0  uart.o ABSOLUTE
    Bluetooth_adc.c                          0x00000000   Number         0  bluetooth_adc.o ABSOLUTE
    dc.s                                     0x00000000   Number         0  dc.o ABSOLUTE
    !!!main                                  0x00000080   Section        8  __main.o(!!!main)
    !!!scatter                               0x00000088   Section       60  __scatter.o(!!!scatter)
    !!handler_copy                           0x000000c4   Section       26  __scatter_copy.o(!!handler_copy)
    !!handler_zi                             0x000000e0   Section       28  __scatter_zi.o(!!handler_zi)
    .ARM.Collect$$_printf_percent$$00000000  0x000000fc   Section        2  _printf_percent.o(.ARM.Collect$$_printf_percent$$00000000)
    .ARM.Collect$$_printf_percent$$00000009  0x000000fe   Section       10  _printf_d.o(.ARM.Collect$$_printf_percent$$00000009)
    .ARM.Collect$$_printf_percent$$0000000C  0x00000108   Section       10  _printf_x.o(.ARM.Collect$$_printf_percent$$0000000C)
    .ARM.Collect$$_printf_percent$$00000017  0x00000112   Section        4  _printf_percent_end.o(.ARM.Collect$$_printf_percent$$00000017)
    .ARM.Collect$$libinit$$00000000          0x00000116   Section        2  libinit.o(.ARM.Collect$$libinit$$00000000)
    .ARM.Collect$$libinit$$00000002          0x00000118   Section        0  libinit2.o(.ARM.Collect$$libinit$$00000002)
    .ARM.Collect$$libinit$$00000004          0x00000118   Section        0  libinit2.o(.ARM.Collect$$libinit$$00000004)
    .ARM.Collect$$libinit$$0000000A          0x00000118   Section        0  libinit2.o(.ARM.Collect$$libinit$$0000000A)
    .ARM.Collect$$libinit$$0000000C          0x00000118   Section        0  libinit2.o(.ARM.Collect$$libinit$$0000000C)
    .ARM.Collect$$libinit$$0000000E          0x00000118   Section        0  libinit2.o(.ARM.Collect$$libinit$$0000000E)
    .ARM.Collect$$libinit$$00000011          0x00000118   Section        0  libinit2.o(.ARM.Collect$$libinit$$00000011)
    .ARM.Collect$$libinit$$00000013          0x00000118   Section        0  libinit2.o(.ARM.Collect$$libinit$$00000013)
    .ARM.Collect$$libinit$$00000015          0x00000118   Section        0  libinit2.o(.ARM.Collect$$libinit$$00000015)
    .ARM.Collect$$libinit$$00000017          0x00000118   Section        0  libinit2.o(.ARM.Collect$$libinit$$00000017)
    .ARM.Collect$$libinit$$00000019          0x00000118   Section        0  libinit2.o(.ARM.Collect$$libinit$$00000019)
    .ARM.Collect$$libinit$$0000001B          0x00000118   Section        0  libinit2.o(.ARM.Collect$$libinit$$0000001B)
    .ARM.Collect$$libinit$$0000001D          0x00000118   Section        0  libinit2.o(.ARM.Collect$$libinit$$0000001D)
    .ARM.Collect$$libinit$$0000001F          0x00000118   Section        0  libinit2.o(.ARM.Collect$$libinit$$0000001F)
    .ARM.Collect$$libinit$$00000021          0x00000118   Section        0  libinit2.o(.ARM.Collect$$libinit$$00000021)
    .ARM.Collect$$libinit$$00000023          0x00000118   Section        0  libinit2.o(.ARM.Collect$$libinit$$00000023)
    .ARM.Collect$$libinit$$00000025          0x00000118   Section        0  libinit2.o(.ARM.Collect$$libinit$$00000025)
    .ARM.Collect$$libinit$$0000002C          0x00000118   Section        0  libinit2.o(.ARM.Collect$$libinit$$0000002C)
    .ARM.Collect$$libinit$$0000002E          0x00000118   Section        0  libinit2.o(.ARM.Collect$$libinit$$0000002E)
    .ARM.Collect$$libinit$$00000030          0x00000118   Section        0  libinit2.o(.ARM.Collect$$libinit$$00000030)
    .ARM.Collect$$libinit$$00000032          0x00000118   Section        0  libinit2.o(.ARM.Collect$$libinit$$00000032)
    .ARM.Collect$$libinit$$00000033          0x00000118   Section        2  libinit2.o(.ARM.Collect$$libinit$$00000033)
    .ARM.Collect$$libshutdown$$00000000      0x0000011a   Section        2  libshutdown.o(.ARM.Collect$$libshutdown$$00000000)
    .ARM.Collect$$libshutdown$$00000002      0x0000011c   Section        0  libshutdown2.o(.ARM.Collect$$libshutdown$$00000002)
    .ARM.Collect$$libshutdown$$00000004      0x0000011c   Section        0  libshutdown2.o(.ARM.Collect$$libshutdown$$00000004)
    .ARM.Collect$$libshutdown$$00000006      0x0000011c   Section        0  libshutdown2.o(.ARM.Collect$$libshutdown$$00000006)
    .ARM.Collect$$libshutdown$$00000009      0x0000011c   Section        0  libshutdown2.o(.ARM.Collect$$libshutdown$$00000009)
    .ARM.Collect$$libshutdown$$0000000C      0x0000011c   Section        0  libshutdown2.o(.ARM.Collect$$libshutdown$$0000000C)
    .ARM.Collect$$libshutdown$$0000000E      0x0000011c   Section        0  libshutdown2.o(.ARM.Collect$$libshutdown$$0000000E)
    .ARM.Collect$$libshutdown$$00000011      0x0000011c   Section        0  libshutdown2.o(.ARM.Collect$$libshutdown$$00000011)
    .ARM.Collect$$libshutdown$$00000012      0x0000011c   Section        2  libshutdown2.o(.ARM.Collect$$libshutdown$$00000012)
    .ARM.Collect$$rtentry$$00000000          0x0000011e   Section        0  __rtentry.o(.ARM.Collect$$rtentry$$00000000)
    .ARM.Collect$$rtentry$$00000002          0x0000011e   Section        0  __rtentry2.o(.ARM.Collect$$rtentry$$00000002)
    .ARM.Collect$$rtentry$$00000004          0x0000011e   Section        6  __rtentry4.o(.ARM.Collect$$rtentry$$00000004)
    .ARM.Collect$$rtentry$$00000009          0x00000124   Section        0  __rtentry2.o(.ARM.Collect$$rtentry$$00000009)
    .ARM.Collect$$rtentry$$0000000A          0x00000124   Section        4  __rtentry2.o(.ARM.Collect$$rtentry$$0000000A)
    .ARM.Collect$$rtentry$$0000000C          0x00000128   Section        0  __rtentry2.o(.ARM.Collect$$rtentry$$0000000C)
    .ARM.Collect$$rtentry$$0000000D          0x00000128   Section        8  __rtentry2.o(.ARM.Collect$$rtentry$$0000000D)
    .ARM.Collect$$rtexit$$00000000           0x00000130   Section        2  rtexit.o(.ARM.Collect$$rtexit$$00000000)
    .ARM.Collect$$rtexit$$00000002           0x00000132   Section        0  rtexit2.o(.ARM.Collect$$rtexit$$00000002)
    .ARM.Collect$$rtexit$$00000003           0x00000132   Section        4  rtexit2.o(.ARM.Collect$$rtexit$$00000003)
    .ARM.Collect$$rtexit$$00000004           0x00000136   Section        6  rtexit2.o(.ARM.Collect$$rtexit$$00000004)
    .emb_text                                0x0000013c   Section       56  rt_memcpy.o(.emb_text)
    .text                                    0x00000174   Section        0  bluetooth_adc.o(.text)
    .text                                    0x000001d0   Section        0  adc.o(.text)
    adc_set_asc_bit                          0x000001d1   Thumb Code    30  adc.o(.text)
    adc_set_pga_gain_asc_bits                0x000001ef   Thumb Code   100  adc.o(.text)
    adc_set_settling_time_asc_bits           0x00000253   Thumb Code   102  adc.o(.text)
    adc_set_bandgap_refernce_tuning_code_asc_bits 0x000002b9   Thumb Code    90  adc.o(.text)
    adc_set_const_gm_tuning_code_asc_bits    0x00000313   Thumb Code   102  adc.o(.text)
    .text                                    0x000004b8   Section      292  cm0dsasm.o(.text)
    .text                                    0x000005dc   Section        0  gpio.o(.text)
    .text                                    0x0000095c   Section        0  optical.o(.text)
    .text                                    0x00000cc0   Section        0  radio.o(.text)
    .text                                    0x00001864   Section        0  retarget.o(.text)
    .text                                    0x000018c8   Section        0  rftimer.o(.text)
    .text                                    0x00001aa0   Section        0  scm3c_hw_interface.o(.text)
    .text                                    0x000031d4   Section        0  uart.o(.text)
    .text                                    0x00003200   Section        2  use_no_semi_2.o(.text)
    .text                                    0x00003204   Section        0  noretval__2printf.o(.text)
    .text                                    0x00003220   Section        0  _printf_dec.o(.text)
    .text                                    0x0000328c   Section        0  _printf_hex_int.o(.text)
    .text                                    0x000032e4   Section        0  __printf_wp.o(.text)
    .text                                    0x000033f2   Section        0  rt_memcpy.o(.text)
    .text                                    0x00003474   Section        0  rt_memclr.o(.text)
    .text                                    0x000034b4   Section      346  aeabi_sdiv.o(.text)
    .text                                    0x0000360e   Section        0  heapauxi.o(.text)
    .text                                    0x00003614   Section        2  use_no_semi.o(.text)
    .text                                    0x00003616   Section        0  _printf_intcommon.o(.text)
    .text                                    0x000036c8   Section        0  _printf_char_file.o(.text)
    .text                                    0x000036f0   Section        0  rtudiv10.o(.text)
    .text                                    0x00003718   Section        0  _printf_char_common.o(.text)
    _printf_input_char                       0x00003719   Thumb Code    10  _printf_char_common.o(.text)
    .text                                    0x00003748   Section       62  sys_stackheap_outer.o(.text)
    .text                                    0x00003786   Section        0  exit.o(.text)
    .text                                    0x00003798   Section        8  libspace.o(.text)
    i._is_digit                              0x000037a0   Section        0  __printf_wp.o(i._is_digit)
    .constdata                               0x000037b0   Section       64  radio.o(.constdata)
    .constdata                               0x000037f0   Section       84  scm3c_hw_interface.o(.constdata)
    default_dac_2m_setting                   0x000037f0   Data          20  scm3c_hw_interface.o(.constdata)
    .constdata                               0x00003844   Section       40  _printf_hex_int.o(.constdata)
    uc_hextab                                0x00003844   Data          20  _printf_hex_int.o(.constdata)
    lc_hextab                                0x00003858   Data          20  _printf_hex_int.o(.constdata)
    .data                                    0x20000000   Section        3  adc.o(.data)
    .data                                    0x20000004   Section       72  radio.o(.data)
    .data                                    0x2000004c   Section        8  retarget.o(.data)
    .data                                    0x20000054   Section       80  rftimer.o(.data)
    .bss                                     0x200000a4   Section       32  optical.o(.bss)
    .bss                                     0x200000c4   Section     1120  radio.o(.bss)
    .bss                                     0x20000524   Section       76  rftimer.o(.bss)
    .bss                                     0x20000570   Section      204  scm3c_hw_interface.o(.bss)
    .bss                                     0x2000063c   Section       96  libspace.o(.bss)
    HEAP                                     0x200006a0   Section     1024  cm0dsasm.o(HEAP)
    Heap_Mem                                 0x200006a0   Data        1024  cm0dsasm.o(HEAP)
    STACK                                    0x20000aa0   Section     2048  cm0dsasm.o(STACK)
    Stack_Mem                                0x20000aa0   Data        2048  cm0dsasm.o(STACK)
    __initial_sp                             0x200012a0   Data           0  cm0dsasm.o(STACK)

    Global Symbols

    Symbol Name                              Value     Ov Type        Size  Object(Section)

    BuildAttributes$$THM_ISAv3M$S$PE$A:L22$X:L11$S22$IEEE1$IW$USESV6$~STKCKD$USESV7$~SHL$OSPACE$ROPI$EBA8$UX$STANDARDLIB$REQ8$PRES8$EABIv2 0x00000000   Number         0  anon$$obj.o ABSOLUTE
    __ARM_use_no_argv                        0x00000000   Number         0  bluetooth_adc.o ABSOLUTE
    __Vectors                                0x00000000   Data           4  cm0dsasm.o(RESET)
    _printf_flags                            0x00000000   Number         0  printf_stubs.o ABSOLUTE
    _printf_return_value                     0x00000000   Number         0  printf_stubs.o ABSOLUTE
    _printf_sizespec                         0x00000000   Number         0  printf_stubs.o ABSOLUTE
    _printf_widthprec                        0x00000000   Number         0  printf_stubs.o ABSOLUTE
    __ARM_exceptions_init                     - Undefined Weak Reference
    __alloca_initialize                       - Undefined Weak Reference
    __arm_fini_                               - Undefined Weak Reference
    __arm_preinit_                            - Undefined Weak Reference
    __cpp_initialize__aeabi_                  - Undefined Weak Reference
    __cxa_finalize                            - Undefined Weak Reference
    __rt_locale                               - Undefined Weak Reference
    __sigvec_lookup                           - Undefined Weak Reference
    _atexit_init                              - Undefined Weak Reference
    _call_atexit_fns                          - Undefined Weak Reference
    _clock_init                               - Undefined Weak Reference
    _fp_trap_init                             - Undefined Weak Reference
    _fp_trap_shutdown                         - Undefined Weak Reference
    _get_lc_collate                           - Undefined Weak Reference
    _get_lc_ctype                             - Undefined Weak Reference
    _get_lc_monetary                          - Undefined Weak Reference
    _get_lc_numeric                           - Undefined Weak Reference
    _get_lc_time                              - Undefined Weak Reference
    _getenv_init                              - Undefined Weak Reference
    _handle_redirection                       - Undefined Weak Reference
    _init_alloc                               - Undefined Weak Reference
    _init_user_alloc                          - Undefined Weak Reference
    _initio                                   - Undefined Weak Reference
    _printf_truncate_signed                   - Undefined Weak Reference
    _printf_truncate_unsigned                 - Undefined Weak Reference
    _rand_init                                - Undefined Weak Reference
    _signal_finish                            - Undefined Weak Reference
    _signal_init                              - Undefined Weak Reference
    _terminate_alloc                          - Undefined Weak Reference
    _terminate_user_alloc                     - Undefined Weak Reference
    _terminateio                              - Undefined Weak Reference
    __main                                   0x00000081   Thumb Code     8  __main.o(!!!main)
    __scatterload                            0x00000089   Thumb Code     0  __scatter.o(!!!scatter)
    __scatterload_rt2                        0x00000089   Thumb Code    52  __scatter.o(!!!scatter)
    __scatterload_rt2_thumb_only             0x00000089   Thumb Code     0  __scatter.o(!!!scatter)
    __scatterload_null                       0x00000099   Thumb Code     0  __scatter.o(!!!scatter)
    __scatterload_copy                       0x000000c5   Thumb Code    26  __scatter_copy.o(!!handler_copy)
    __scatterload_zeroinit                   0x000000e1   Thumb Code    28  __scatter_zi.o(!!handler_zi)
    _printf_percent                          0x000000fd   Thumb Code     0  _printf_percent.o(.ARM.Collect$$_printf_percent$$00000000)
    _printf_d                                0x000000ff   Thumb Code     0  _printf_d.o(.ARM.Collect$$_printf_percent$$00000009)
    _printf_x                                0x00000109   Thumb Code     0  _printf_x.o(.ARM.Collect$$_printf_percent$$0000000C)
    _printf_percent_end                      0x00000113   Thumb Code     0  _printf_percent_end.o(.ARM.Collect$$_printf_percent$$00000017)
    __rt_lib_init                            0x00000117   Thumb Code     0  libinit.o(.ARM.Collect$$libinit$$00000000)
    __rt_lib_init_alloca_1                   0x00000119   Thumb Code     0  libinit2.o(.ARM.Collect$$libinit$$0000002E)
    __rt_lib_init_argv_1                     0x00000119   Thumb Code     0  libinit2.o(.ARM.Collect$$libinit$$0000002C)
    __rt_lib_init_atexit_1                   0x00000119   Thumb Code     0  libinit2.o(.ARM.Collect$$libinit$$0000001B)
    __rt_lib_init_clock_1                    0x00000119   Thumb Code     0  libinit2.o(.ARM.Collect$$libinit$$00000021)
    __rt_lib_init_cpp_1                      0x00000119   Thumb Code     0  libinit2.o(.ARM.Collect$$libinit$$00000032)
    __rt_lib_init_exceptions_1               0x00000119   Thumb Code     0  libinit2.o(.ARM.Collect$$libinit$$00000030)
    __rt_lib_init_fp_1                       0x00000119   Thumb Code     0  libinit2.o(.ARM.Collect$$libinit$$00000002)
    __rt_lib_init_fp_trap_1                  0x00000119   Thumb Code     0  libinit2.o(.ARM.Collect$$libinit$$0000001F)
    __rt_lib_init_getenv_1                   0x00000119   Thumb Code     0  libinit2.o(.ARM.Collect$$libinit$$00000023)
    __rt_lib_init_heap_1                     0x00000119   Thumb Code     0  libinit2.o(.ARM.Collect$$libinit$$0000000A)
    __rt_lib_init_lc_collate_1               0x00000119   Thumb Code     0  libinit2.o(.ARM.Collect$$libinit$$00000011)
    __rt_lib_init_lc_ctype_1                 0x00000119   Thumb Code     0  libinit2.o(.ARM.Collect$$libinit$$00000013)
    __rt_lib_init_lc_monetary_1              0x00000119   Thumb Code     0  libinit2.o(.ARM.Collect$$libinit$$00000015)
    __rt_lib_init_lc_numeric_1               0x00000119   Thumb Code     0  libinit2.o(.ARM.Collect$$libinit$$00000017)
    __rt_lib_init_lc_time_1                  0x00000119   Thumb Code     0  libinit2.o(.ARM.Collect$$libinit$$00000019)
    __rt_lib_init_preinit_1                  0x00000119   Thumb Code     0  libinit2.o(.ARM.Collect$$libinit$$00000004)
    __rt_lib_init_rand_1                     0x00000119   Thumb Code     0  libinit2.o(.ARM.Collect$$libinit$$0000000E)
    __rt_lib_init_return                     0x00000119   Thumb Code     0  libinit2.o(.ARM.Collect$$libinit$$00000033)
    __rt_lib_init_signal_1                   0x00000119   Thumb Code     0  libinit2.o(.ARM.Collect$$libinit$$0000001D)
    __rt_lib_init_stdio_1                    0x00000119   Thumb Code     0  libinit2.o(.ARM.Collect$$libinit$$00000025)
    __rt_lib_init_user_alloc_1               0x00000119   Thumb Code     0  libinit2.o(.ARM.Collect$$libinit$$0000000C)
    __rt_lib_shutdown                        0x0000011b   Thumb Code     0  libshutdown.o(.ARM.Collect$$libshutdown$$00000000)
    __rt_lib_shutdown_cpp_1                  0x0000011d   Thumb Code     0  libshutdown2.o(.ARM.Collect$$libshutdown$$00000004)
    __rt_lib_shutdown_fini_1                 0x0000011d   Thumb Code     0  libshutdown2.o(.ARM.Collect$$libshutdown$$00000002)
    __rt_lib_shutdown_fp_trap_1              0x0000011d   Thumb Code     0  libshutdown2.o(.ARM.Collect$$libshutdown$$00000009)
    __rt_lib_shutdown_heap_1                 0x0000011d   Thumb Code     0  libshutdown2.o(.ARM.Collect$$libshutdown$$00000011)
    __rt_lib_shutdown_return                 0x0000011d   Thumb Code     0  libshutdown2.o(.ARM.Collect$$libshutdown$$00000012)
    __rt_lib_shutdown_signal_1               0x0000011d   Thumb Code     0  libshutdown2.o(.ARM.Collect$$libshutdown$$0000000C)
    __rt_lib_shutdown_stdio_1                0x0000011d   Thumb Code     0  libshutdown2.o(.ARM.Collect$$libshutdown$$00000006)
    __rt_lib_shutdown_user_alloc_1           0x0000011d   Thumb Code     0  libshutdown2.o(.ARM.Collect$$libshutdown$$0000000E)
    __rt_entry                               0x0000011f   Thumb Code     0  __rtentry.o(.ARM.Collect$$rtentry$$00000000)
    __rt_entry_presh_1                       0x0000011f   Thumb Code     0  __rtentry2.o(.ARM.Collect$$rtentry$$00000002)
    __rt_entry_sh                            0x0000011f   Thumb Code     0  __rtentry4.o(.ARM.Collect$$rtentry$$00000004)
    __rt_entry_li                            0x00000125   Thumb Code     0  __rtentry2.o(.ARM.Collect$$rtentry$$0000000A)
    __rt_entry_postsh_1                      0x00000125   Thumb Code     0  __rtentry2.o(.ARM.Collect$$rtentry$$00000009)
    __rt_entry_main                          0x00000129   Thumb Code     0  __rtentry2.o(.ARM.Collect$$rtentry$$0000000D)
    __rt_entry_postli_1                      0x00000129   Thumb Code     0  __rtentry2.o(.ARM.Collect$$rtentry$$0000000C)
    __rt_exit                                0x00000131   Thumb Code     0  rtexit.o(.ARM.Collect$$rtexit$$00000000)
    __rt_exit_ls                             0x00000133   Thumb Code     0  rtexit2.o(.ARM.Collect$$rtexit$$00000003)
    __rt_exit_prels_1                        0x00000133   Thumb Code     0  rtexit2.o(.ARM.Collect$$rtexit$$00000002)
    __rt_exit_exit                           0x00000137   Thumb Code     0  rtexit2.o(.ARM.Collect$$rtexit$$00000004)
    __aeabi_memcpy4                          0x0000013d   Thumb Code    56  rt_memcpy.o(.emb_text)
    __aeabi_memcpy8                          0x0000013d   Thumb Code     0  rt_memcpy.o(.emb_text)
    main                                     0x00000175   Thumb Code    74  bluetooth_adc.o(.text)
    adc_config                               0x00000379   Thumb Code   110  adc.o(.text)
    adc_trigger                              0x000003e7   Thumb Code    16  adc.o(.text)
    adc_enable_interrupt                     0x000003f7   Thumb Code    26  adc.o(.text)
    adc_disable_interrupt                    0x00000411   Thumb Code    26  adc.o(.text)
    adc_isr                                  0x0000042b   Thumb Code    28  adc.o(.text)
    Reset_Handler                            0x000004b9   Thumb Code    10  cm0dsasm.o(.text)
    UART_Handler                             0x000004c3   Thumb Code    20  cm0dsasm.o(.text)
    ADC_Handler                              0x000004d7   Thumb Code    20  cm0dsasm.o(.text)
    RF_Handler                               0x000004eb   Thumb Code    20  cm0dsasm.o(.text)
    RFTIMER_Handler                          0x000004ff   Thumb Code    20  cm0dsasm.o(.text)
    EXT_GPIO3_ACTIVEHIGH_DEBOUNCED_Handler   0x00000513   Thumb Code    20  cm0dsasm.o(.text)
    EXT_GPIO8_ACTIVEHIGH_Handler             0x00000527   Thumb Code    20  cm0dsasm.o(.text)
    EXT_GPIO9_ACTIVELOW_Handler              0x0000053b   Thumb Code    20  cm0dsasm.o(.text)
    EXT_GPIO10_ACTIVELOW                     0x0000054f   Thumb Code    20  cm0dsasm.o(.text)
    RAWCHIPS_STARTVAL_Handler                0x00000563   Thumb Code    20  cm0dsasm.o(.text)
    RAWCHIPS_32_Handler                      0x00000577   Thumb Code    20  cm0dsasm.o(.text)
    EXT_OPTICAL_IRQ_IN_Handler               0x0000058b   Thumb Code    20  cm0dsasm.o(.text)
    OPTICAL_SFD_Handler                      0x0000059f   Thumb Code    20  cm0dsasm.o(.text)
    __user_initial_stackheap                 0x000005b5   Thumb Code     0  cm0dsasm.o(.text)
    gpio_init                                0x000005dd   Thumb Code    14  gpio.o(.text)
    gpio_0_set                               0x000005eb   Thumb Code    14  gpio.o(.text)
    gpio_0_clr                               0x000005f9   Thumb Code    14  gpio.o(.text)
    gpio_0_toggle                            0x00000607   Thumb Code    14  gpio.o(.text)
    gpio_1_set                               0x00000615   Thumb Code    14  gpio.o(.text)
    gpio_1_clr                               0x00000623   Thumb Code    14  gpio.o(.text)
    gpio_1_toggle                            0x00000631   Thumb Code    14  gpio.o(.text)
    gpio_2_set                               0x0000063f   Thumb Code    14  gpio.o(.text)
    gpio_2_clr                               0x0000064d   Thumb Code    14  gpio.o(.text)
    gpio_2_toggle                            0x0000065b   Thumb Code    14  gpio.o(.text)
    gpio_3_set                               0x00000669   Thumb Code    14  gpio.o(.text)
    gpio_3_clr                               0x00000677   Thumb Code    14  gpio.o(.text)
    gpio_3_toggle                            0x00000685   Thumb Code    14  gpio.o(.text)
    gpio_4_set                               0x00000693   Thumb Code    14  gpio.o(.text)
    gpio_4_clr                               0x000006a1   Thumb Code    14  gpio.o(.text)
    gpio_4_toggle                            0x000006af   Thumb Code    14  gpio.o(.text)
    gpio_5_set                               0x000006bd   Thumb Code    14  gpio.o(.text)
    gpio_5_clr                               0x000006cb   Thumb Code    14  gpio.o(.text)
    gpio_5_toggle                            0x000006d9   Thumb Code    14  gpio.o(.text)
    gpio_6_set                               0x000006e7   Thumb Code    14  gpio.o(.text)
    gpio_6_clr                               0x000006f5   Thumb Code    14  gpio.o(.text)
    gpio_6_toggle                            0x00000703   Thumb Code    14  gpio.o(.text)
    gpio_7_set                               0x00000711   Thumb Code    14  gpio.o(.text)
    gpio_7_clr                               0x0000071f   Thumb Code    14  gpio.o(.text)
    gpio_7_toggle                            0x0000072d   Thumb Code    14  gpio.o(.text)
    gpio_8_set                               0x0000073b   Thumb Code    16  gpio.o(.text)
    gpio_8_clr                               0x0000074b   Thumb Code    16  gpio.o(.text)
    gpio_8_toggle                            0x0000075b   Thumb Code    16  gpio.o(.text)
    gpio_9_set                               0x0000076b   Thumb Code    16  gpio.o(.text)
    gpio_9_clr                               0x0000077b   Thumb Code    16  gpio.o(.text)
    gpio_9_toggle                            0x0000078b   Thumb Code    16  gpio.o(.text)
    gpio_10_set                              0x0000079b   Thumb Code    16  gpio.o(.text)
    gpio_10_clr                              0x000007ab   Thumb Code    16  gpio.o(.text)
    gpio_10_toggle                           0x000007bb   Thumb Code    16  gpio.o(.text)
    gpio_11_set                              0x000007cb   Thumb Code    16  gpio.o(.text)
    gpio_11_clr                              0x000007db   Thumb Code    16  gpio.o(.text)
    gpio_11_toggle                           0x000007eb   Thumb Code    16  gpio.o(.text)
    gpio_12_set                              0x000007fb   Thumb Code    16  gpio.o(.text)
    gpio_12_clr                              0x0000080b   Thumb Code    16  gpio.o(.text)
    gpio_12_toggle                           0x0000081b   Thumb Code    16  gpio.o(.text)
    gpio_13_set                              0x0000082b   Thumb Code    16  gpio.o(.text)
    gpio_13_clr                              0x0000083b   Thumb Code    16  gpio.o(.text)
    gpio_13_toggle                           0x0000084b   Thumb Code    16  gpio.o(.text)
    gpio_14_set                              0x0000085b   Thumb Code    16  gpio.o(.text)
    gpio_14_clr                              0x0000086b   Thumb Code    16  gpio.o(.text)
    gpio_14_toggle                           0x0000087b   Thumb Code    16  gpio.o(.text)
    gpio_15_set                              0x0000088b   Thumb Code    16  gpio.o(.text)
    gpio_15_clr                              0x0000089b   Thumb Code    16  gpio.o(.text)
    gpio_15_toggle                           0x000008ab   Thumb Code    16  gpio.o(.text)
    ext_gpio3_activehigh_debounced_isr       0x000008bb   Thumb Code    10  gpio.o(.text)
    ext_gpio8_activehigh_isr                 0x000008c5   Thumb Code     8  gpio.o(.text)
    ext_gpio9_activelow_isr                  0x000008cd   Thumb Code    10  gpio.o(.text)
    ext_gpio10_activelow_isr                 0x000008d7   Thumb Code    10  gpio.o(.text)
    optical_init                             0x0000095d   Thumb Code    24  optical.o(.text)
    optical_getCalibrationFinshed            0x00000975   Thumb Code     6  optical.o(.text)
    optical_enable                           0x0000097b   Thumb Code    10  optical.o(.text)
    perform_calibration                      0x00000985   Thumb Code    32  optical.o(.text)
    optical_32_isr                           0x000009a5   Thumb Code     2  optical.o(.text)
    optical_sfd_isr                          0x000009a7   Thumb Code   636  optical.o(.text)
    radio_txEnable                           0x00000cc1   Thumb Code    14  radio.o(.text)
    radio_loadPacket                         0x00000ccf   Thumb Code    34  radio.o(.text)
    radio_reset                              0x00000cf1   Thumb Code     8  radio.o(.text)
    radio_rfOff                              0x00000cf9   Thumb Code    22  radio.o(.text)
    radio_txNow                              0x00000d0f   Thumb Code     8  radio.o(.text)
    cb_timer_radio                           0x00000d17   Thumb Code    40  radio.o(.text)
    send_packet                              0x00000d3f   Thumb Code    66  radio.o(.text)
    radio_rxNow                              0x00000d81   Thumb Code    22  radio.o(.text)
    radio_rxEnable                           0x00000d97   Thumb Code    30  radio.o(.text)
    receive_packet_length                    0x00000db5   Thumb Code    92  radio.o(.text)
    receive_packet                           0x00000e11   Thumb Code    14  radio.o(.text)
    cb_startFrame_tx_radio                   0x00000e1f   Thumb Code     2  radio.o(.text)
    cb_endFrame_tx_radio                     0x00000e21   Thumb Code    16  radio.o(.text)
    cb_startFrame_rx_radio                   0x00000e31   Thumb Code     8  radio.o(.text)
    radio_getLQIchipErrors                   0x00000e39   Thumb Code     6  radio.o(.text)
    radio_getIFestimate                      0x00000e3f   Thumb Code     8  radio.o(.text)
    radio_getCrcOk                           0x00000e47   Thumb Code     8  radio.o(.text)
    radio_getReceivedFrame                   0x00000e4f   Thumb Code    58  radio.o(.text)
    cb_endFrame_rx_radio                     0x00000e89   Thumb Code   128  radio.o(.text)
    repeat_rx_tx                             0x00000f09   Thumb Code   328  radio.o(.text)
    default_radio_rx_cb                      0x00001051   Thumb Code    46  radio.o(.text)
    radio_setRxCb                            0x0000107f   Thumb Code     8  radio.o(.text)
    radio_setEndFrameRxCb                    0x00001087   Thumb Code     8  radio.o(.text)
    radio_setStartFrameRxCb                  0x0000108f   Thumb Code     8  radio.o(.text)
    radio_setEndFrameTxCb                    0x00001097   Thumb Code   190  radio.o(.text)
    radio_setStartFrameTxCb                  0x00001155   Thumb Code     6  radio.o(.text)
    radio_init                               0x0000115b   Thumb Code    76  radio.o(.text)
    setFrequencyRX                           0x000011a7   Thumb Code    22  radio.o(.text)
    setFrequencyTX                           0x000011bd   Thumb Code    22  radio.o(.text)
    radio_setFrequency                       0x000011d3   Thumb Code    48  radio.o(.text)
    radio_rfOn                               0x00001203   Thumb Code    16  radio.o(.text)
    radio_frequency_housekeeping             0x00001213   Thumb Code   430  radio.o(.text)
    radio_enable_interrupts                  0x000013c1   Thumb Code     8  radio.o(.text)
    radio_disable_interrupts                 0x000013c9   Thumb Code    10  radio.o(.text)
    radio_get_cdr_tau_value                  0x000013d3   Thumb Code     8  radio.o(.text)
    build_RX_channel_table                   0x000013db   Thumb Code   234  radio.o(.text)
    build_TX_channel_table                   0x000014c5   Thumb Code   292  radio.o(.text)
    radio_build_channel_table                0x000015e9   Thumb Code    72  radio.o(.text)
    radio_isr                                0x00001631   Thumb Code   254  radio.o(.text)
    rawchips_32_isr                          0x0000172f   Thumb Code   146  radio.o(.text)
    rawchips_startval_isr                    0x000017c1   Thumb Code    98  radio.o(.text)
    ferror                                   0x00001865   Thumb Code     6  retarget.o(.text)
    uart_out                                 0x0000186b   Thumb Code     8  retarget.o(.text)
    uart_in                                  0x00001873   Thumb Code    18  retarget.o(.text)
    fputc                                    0x00001885   Thumb Code    14  retarget.o(.text)
    fgetc                                    0x00001893   Thumb Code    10  retarget.o(.text)
    _ttywrch                                 0x0000189d   Thumb Code    14  retarget.o(.text)
    _sys_exit                                0x000018ab   Thumb Code    10  retarget.o(.text)
    rftimer_init                             0x000018c9   Thumb Code    26  rftimer.o(.text)
    rftimer_set_callback_by_id               0x000018e3   Thumb Code     8  rftimer.o(.text)
    rftimer_set_callback                     0x000018eb   Thumb Code    14  rftimer.o(.text)
    rftimer_enable_interrupts                0x000018f9   Thumb Code     8  rftimer.o(.text)
    rftimer_clear_interrupts_by_id           0x00001901   Thumb Code    10  rftimer.o(.text)
    rftimer_enable_interrupts_by_id          0x0000190b   Thumb Code    22  rftimer.o(.text)
    rftimer_setCompareIn_by_id               0x00001921   Thumb Code    46  rftimer.o(.text)
    rftimer_setCompareIn                     0x0000194f   Thumb Code    14  rftimer.o(.text)
    rftimer_readCounter                      0x0000195d   Thumb Code     8  rftimer.o(.text)
    rftimer_disable_interrupts               0x00001965   Thumb Code    10  rftimer.o(.text)
    rftimer_disable_interrupts_by_id         0x0000196f   Thumb Code    12  rftimer.o(.text)
    rftimer_clear_interrupts                 0x0000197b   Thumb Code    10  rftimer.o(.text)
    rftimer_set_repeat                       0x00001985   Thumb Code     6  rftimer.o(.text)
    delay_milliseconds_asynchronous          0x0000198b   Thumb Code    46  rftimer.o(.text)
    delay_milliseconds_synchronous           0x000019b9   Thumb Code    32  rftimer.o(.text)
    handle_interrupt                         0x000019d9   Thumb Code    60  rftimer.o(.text)
    rftimer_isr                              0x00001a15   Thumb Code    52  rftimer.o(.text)
    scm3c_hw_interface_init                  0x00001aa1   Thumb Code    56  scm3c_hw_interface.o(.text)
    scm3c_hw_interface_get_HF_CLOCK_fine     0x00001ad9   Thumb Code     8  scm3c_hw_interface.o(.text)
    scm3c_hw_interface_get_HF_CLOCK_coarse   0x00001ae1   Thumb Code     8  scm3c_hw_interface.o(.text)
    scm3c_hw_interface_get_RC2M_coarse       0x00001ae9   Thumb Code     8  scm3c_hw_interface.o(.text)
    scm3c_hw_interface_get_RC2M_fine         0x00001af1   Thumb Code     8  scm3c_hw_interface.o(.text)
    scm3c_hw_interface_get_RC2M_superfine    0x00001af9   Thumb Code     8  scm3c_hw_interface.o(.text)
    scm3c_hw_interface_get_IF_clk_target     0x00001b01   Thumb Code     8  scm3c_hw_interface.o(.text)
    scm3c_hw_interface_get_IF_coarse         0x00001b09   Thumb Code     8  scm3c_hw_interface.o(.text)
    scm3c_hw_interface_get_IF_fine           0x00001b11   Thumb Code     8  scm3c_hw_interface.o(.text)
    scm3c_hw_interface_set_HF_CLOCK_fine     0x00001b19   Thumb Code     8  scm3c_hw_interface.o(.text)
    scm3c_hw_interface_set_HF_CLOCK_coarse   0x00001b21   Thumb Code     8  scm3c_hw_interface.o(.text)
    scm3c_hw_interface_set_RC2M_coarse       0x00001b29   Thumb Code     8  scm3c_hw_interface.o(.text)
    scm3c_hw_interface_set_RC2M_fine         0x00001b31   Thumb Code     8  scm3c_hw_interface.o(.text)
    scm3c_hw_interface_set_RC2M_superfine    0x00001b39   Thumb Code     8  scm3c_hw_interface.o(.text)
    scm3c_hw_interface_set_IF_clk_target     0x00001b41   Thumb Code     8  scm3c_hw_interface.o(.text)
    scm3c_hw_interface_set_IF_coarse         0x00001b49   Thumb Code     8  scm3c_hw_interface.o(.text)
    scm3c_hw_interface_set_IF_fine           0x00001b51   Thumb Code     8  scm3c_hw_interface.o(.text)
    scm3c_hw_interface_set_asc               0x00001b59   Thumb Code    16  scm3c_hw_interface.o(.text)
    reverse                                  0x00001b69   Thumb Code    78  scm3c_hw_interface.o(.text)
    crc32c                                   0x00001bb7   Thumb Code    68  scm3c_hw_interface.o(.text)
    crc_check                                0x00001bfb   Thumb Code    54  scm3c_hw_interface.o(.text)
    flipChar                                 0x00001c31   Thumb Code    48  scm3c_hw_interface.o(.text)
    clear_asc_bit                            0x00001c61   Thumb Code    32  scm3c_hw_interface.o(.text)
    set_asc_bit                              0x00001c81   Thumb Code    32  scm3c_hw_interface.o(.text)
    GPO_control                              0x00001ca1   Thumb Code   170  scm3c_hw_interface.o(.text)
    GPI_control                              0x00001d4b   Thumb Code   182  scm3c_hw_interface.o(.text)
    GPO_enables                              0x00001e01   Thumb Code    64  scm3c_hw_interface.o(.text)
    GPI_enables                              0x00001e41   Thumb Code   236  scm3c_hw_interface.o(.text)
    init_ldo_control                         0x00001f2d   Thumb Code   142  scm3c_hw_interface.o(.text)
    sram_test                                0x00001fbb   Thumb Code   412  scm3c_hw_interface.o(.text)
    set_IF_LDO_voltage                       0x00002157   Thumb Code    50  scm3c_hw_interface.o(.text)
    set_VDDD_LDO_voltage                     0x00002189   Thumb Code    94  scm3c_hw_interface.o(.text)
    set_AUX_LDO_voltage                      0x000021e7   Thumb Code    94  scm3c_hw_interface.o(.text)
    set_ALWAYSON_LDO_voltage                 0x00002245   Thumb Code   102  scm3c_hw_interface.o(.text)
    set_zcc_demod_threshold                  0x000022ab   Thumb Code    46  scm3c_hw_interface.o(.text)
    set_IF_ZCC_clkdiv                        0x000022d9   Thumb Code    46  scm3c_hw_interface.o(.text)
    set_IF_ZCC_early                         0x00002307   Thumb Code    46  scm3c_hw_interface.o(.text)
    set_IF_stg3gm_ASC                        0x00002335   Thumb Code   438  scm3c_hw_interface.o(.text)
    set_IF_comparator_trim_I                 0x000024eb   Thumb Code    96  scm3c_hw_interface.o(.text)
    set_IF_comparator_trim_Q                 0x0000254b   Thumb Code    96  scm3c_hw_interface.o(.text)
    set_IF_gain_ASC                          0x000025ab   Thumb Code    96  scm3c_hw_interface.o(.text)
    radio_init_rx_MF                         0x0000260b   Thumb Code   282  scm3c_hw_interface.o(.text)
    radio_init_rx_ZCC                        0x00002725   Thumb Code   182  scm3c_hw_interface.o(.text)
    set_LO_supply                            0x000027db   Thumb Code    32  scm3c_hw_interface.o(.text)
    set_PA_supply                            0x000027fb   Thumb Code    30  scm3c_hw_interface.o(.text)
    set_LC_current                           0x00002819   Thumb Code    50  scm3c_hw_interface.o(.text)
    radio_init_tx                            0x0000284b   Thumb Code    60  scm3c_hw_interface.o(.text)
    divProgram                               0x00002887   Thumb Code    62  scm3c_hw_interface.o(.text)
    prescaler                                0x000028c5   Thumb Code   574  scm3c_hw_interface.o(.text)
    set_DIV_supply                           0x00002b03   Thumb Code    34  scm3c_hw_interface.o(.text)
    radio_init_divider                       0x00002b25   Thumb Code    40  scm3c_hw_interface.o(.text)
    read_counters_3B                         0x00002b4d   Thumb Code    66  scm3c_hw_interface.o(.text)
    read_IF_estimate                         0x00002b8f   Thumb Code    28  scm3c_hw_interface.o(.text)
    read_LQI                                 0x00002bab   Thumb Code     6  scm3c_hw_interface.o(.text)
    read_RSSI                                0x00002bb1   Thumb Code    10  scm3c_hw_interface.o(.text)
    set_IF_clock_frequency                   0x00002bbb   Thumb Code   116  scm3c_hw_interface.o(.text)
    set_sys_clk_secondary_freq               0x00002c2f   Thumb Code   166  scm3c_hw_interface.o(.text)
    analog_scan_chain_load                   0x00002cd5   Thumb Code    12  scm3c_hw_interface.o(.text)
    analog_scan_chain_write                  0x00002ce1   Thumb Code    94  scm3c_hw_interface.o(.text)
    LC_FREQCHANGE                            0x00002d3f   Thumb Code   114  scm3c_hw_interface.o(.text)
    LC_monotonic                             0x00002db1   Thumb Code   116  scm3c_hw_interface.o(.text)
    flip_lsb8                                0x00002e25   Thumb Code   156  scm3c_hw_interface.o(.text)
    set_2M_RC_frequency                      0x00002ec1   Thumb Code   144  scm3c_hw_interface.o(.text)
    initialize_mote                          0x00002f51   Thumb Code   250  scm3c_hw_interface.o(.text)
    estimate_temperature_2M_32k              0x0000304b   Thumb Code    70  scm3c_hw_interface.o(.text)
    initialize_2M_DAC                        0x00003091   Thumb Code    30  scm3c_hw_interface.o(.text)
    read_counters                            0x000030af   Thumb Code    66  scm3c_hw_interface.o(.text)
    update_PN31_byte                         0x000030f1   Thumb Code    36  scm3c_hw_interface.o(.text)
    disable_polyphase_ASC                    0x00003115   Thumb Code    20  scm3c_hw_interface.o(.text)
    enable_polyphase_ASC                     0x00003129   Thumb Code    20  scm3c_hw_interface.o(.text)
    disable_div_power_ASC                    0x0000313d   Thumb Code    20  scm3c_hw_interface.o(.text)
    enable_div_power_ASC                     0x00003151   Thumb Code    20  scm3c_hw_interface.o(.text)
    ext_clk_ble_ASC                          0x00003165   Thumb Code    16  scm3c_hw_interface.o(.text)
    int_clk_ble_ASC                          0x00003175   Thumb Code    16  scm3c_hw_interface.o(.text)
    enable_1mhz_ble_ASC                      0x00003185   Thumb Code    16  scm3c_hw_interface.o(.text)
    disable_1mhz_ble_ASC                     0x00003195   Thumb Code    16  scm3c_hw_interface.o(.text)
    uart_rx_isr                              0x000031d5   Thumb Code    10  uart.o(.text)
    __use_no_semihosting                     0x00003201   Thumb Code     2  use_no_semi_2.o(.text)
    __2printf                                0x00003205   Thumb Code    22  noretval__2printf.o(.text)
    _printf_int_dec                          0x00003221   Thumb Code    90  _printf_dec.o(.text)
    _printf_int_hex                          0x0000328d   Thumb Code    84  _printf_hex_int.o(.text)
    _printf_longlong_hex                     0x0000328d   Thumb Code     0  _printf_hex_int.o(.text)
    __printf                                 0x000032e5   Thumb Code   270  __printf_wp.o(.text)
    __aeabi_memcpy                           0x000033f3   Thumb Code   130  rt_memcpy.o(.text)
    __rt_memcpy                              0x000033f3   Thumb Code     0  rt_memcpy.o(.text)
    _memset_w                                0x00003475   Thumb Code    26  rt_memclr.o(.text)
    _memset                                  0x0000348f   Thumb Code    30  rt_memclr.o(.text)
    __aeabi_memclr                           0x000034ad   Thumb Code     4  rt_memclr.o(.text)
    __rt_memclr                              0x000034ad   Thumb Code     0  rt_memclr.o(.text)
    __aeabi_memclr4                          0x000034b1   Thumb Code     0  rt_memclr.o(.text)
    __aeabi_memclr8                          0x000034b1   Thumb Code     0  rt_memclr.o(.text)
    __rt_memclr_w                            0x000034b1   Thumb Code     4  rt_memclr.o(.text)
    __aeabi_uidiv                            0x000034b5   Thumb Code     0  aeabi_sdiv.o(.text)
    __aeabi_uidivmod                         0x000034b5   Thumb Code    20  aeabi_sdiv.o(.text)
    __aeabi_idiv                             0x000034c9   Thumb Code     0  aeabi_sdiv.o(.text)
    __aeabi_idivmod                          0x000034c9   Thumb Code   326  aeabi_sdiv.o(.text)
    __use_two_region_memory                  0x0000360f   Thumb Code     2  heapauxi.o(.text)
    __rt_heap_escrow$2region                 0x00003611   Thumb Code     2  heapauxi.o(.text)
    __rt_heap_expand$2region                 0x00003613   Thumb Code     2  heapauxi.o(.text)
    __I$use$semihosting                      0x00003615   Thumb Code     0  use_no_semi.o(.text)
    __use_no_semihosting_swi                 0x00003615   Thumb Code     2  use_no_semi.o(.text)
    _printf_int_common                       0x00003617   Thumb Code   176  _printf_intcommon.o(.text)
    _printf_char_file                        0x000036c9   Thumb Code    34  _printf_char_file.o(.text)
    __rt_udiv10                              0x000036f1   Thumb Code    40  rtudiv10.o(.text)
    _printf_char_common                      0x00003723   Thumb Code    32  _printf_char_common.o(.text)
    __user_setup_stackheap                   0x00003749   Thumb Code    62  sys_stackheap_outer.o(.text)
    exit                                     0x00003787   Thumb Code    16  exit.o(.text)
    __user_libspace                          0x00003799   Thumb Code     8  libspace.o(.text)
    __user_perproc_libspace                  0x00003799   Thumb Code     0  libspace.o(.text)
    __user_perthread_libspace                0x00003799   Thumb Code     0  libspace.o(.text)
    _is_digit                                0x000037a1   Thumb Code    14  __printf_wp.o(i._is_digit)
    Region$$Table$$Base                      0x0000386c   Number         0  anon$$obj.o(Region$$Table)
    Region$$Table$$Limit                     0x0000388c   Number         0  anon$$obj.o(Region$$Table)
    g_adc_output                             0x20000000   Data           3  adc.o(.data)
    chip_index                               0x20000004   Data           4  radio.o(.data)
    raw_chips                                0x20000008   Data           4  radio.o(.data)
    jj                                       0x2000000c   Data           4  radio.o(.data)
    acfg3_val                                0x20000010   Data           4  radio.o(.data)
    FIR_coeff                                0x20000014   Data          11  radio.o(.data)
    IF_estimate_history                      0x20000020   Data          44  radio.o(.data)
    __stdout                                 0x2000004c   Data           4  retarget.o(.data)
    __stdin                                  0x20000050   Data           4  retarget.o(.data)
    delay_completed                          0x20000054   Data           8  rftimer.o(.data)
    is_repeating                             0x2000005c   Data           8  rftimer.o(.data)
    RF_TIMER_REG_ADDRESSES                   0x20000064   Data          32  rftimer.o(.data)
    RF_TIMER_REG_CONTROL_ADDRESES            0x20000084   Data          32  rftimer.o(.data)
    optical_vars                             0x200000a4   Data          32  optical.o(.bss)
    chips                                    0x200000c4   Data         400  radio.o(.bss)
    cdr_tau_history                          0x20000254   Data          22  radio.o(.bss)
    radio_vars                               0x2000026c   Data         696  radio.o(.bss)
    rftimer_vars                             0x20000524   Data          44  rftimer.o(.bss)
    timer_durations                          0x20000550   Data          32  rftimer.o(.bss)
    scm3c_hw_interface_vars                  0x20000570   Data         204  scm3c_hw_interface.o(.bss)
    __libspace_start                         0x2000063c   Data          96  libspace.o(.bss)
    __temporary_stack_top$libspace           0x2000069c   Data           0  libspace.o(.bss)



==============================================================================

Memory Map of the image

  Image entry point : Not specified.

  Load Region LR_IROM1 (Base: 0x00000000, Size: 0x00003930, Max: 0x00010000, ABSOLUTE)

    Execution Region ER_IROM1 (Exec base: 0x00000000, Load base: 0x00000000, Size: 0x0000388c, Max: 0x00010000, ABSOLUTE)

    Exec Addr    Load Addr    Size         Type   Attr      Idx    E Section Name        Object

    0x00000000   0x00000000   0x00000080   Data   RO           66    RESET               cm0dsasm.o
    0x00000080   0x00000080   0x00000008   Code   RO          295  * !!!main             c_p.l(__main.o)
    0x00000088   0x00000088   0x0000003c   Code   RO          473    !!!scatter          c_p.l(__scatter.o)
    0x000000c4   0x000000c4   0x0000001a   Code   RO          475    !!handler_copy      c_p.l(__scatter_copy.o)
    0x000000de   0x000000de   0x00000002   PAD
    0x000000e0   0x000000e0   0x0000001c   Code   RO          477    !!handler_zi        c_p.l(__scatter_zi.o)
    0x000000fc   0x000000fc   0x00000002   Code   RO          282    .ARM.Collect$$_printf_percent$$00000000  c_p.l(_printf_percent.o)
    0x000000fe   0x000000fe   0x0000000a   Code   RO          281    .ARM.Collect$$_printf_percent$$00000009  c_p.l(_printf_d.o)
    0x00000108   0x00000108   0x0000000a   Code   RO          280    .ARM.Collect$$_printf_percent$$0000000C  c_p.l(_printf_x.o)
    0x00000112   0x00000112   0x00000004   Code   RO          308    .ARM.Collect$$_printf_percent$$00000017  c_p.l(_printf_percent_end.o)
    0x00000116   0x00000116   0x00000002   Code   RO          346    .ARM.Collect$$libinit$$00000000  c_p.l(libinit.o)
    0x00000118   0x00000118   0x00000000   Code   RO          360    .ARM.Collect$$libinit$$00000002  c_p.l(libinit2.o)
    0x00000118   0x00000118   0x00000000   Code   RO          362    .ARM.Collect$$libinit$$00000004  c_p.l(libinit2.o)
    0x00000118   0x00000118   0x00000000   Code   RO          365    .ARM.Collect$$libinit$$0000000A  c_p.l(libinit2.o)
    0x00000118   0x00000118   0x00000000   Code   RO          367    .ARM.Collect$$libinit$$0000000C  c_p.l(libinit2.o)
    0x00000118   0x00000118   0x00000000   Code   RO          369    .ARM.Collect$$libinit$$0000000E  c_p.l(libinit2.o)
    0x00000118   0x00000118   0x00000000   Code   RO          372    .ARM.Collect$$libinit$$00000011  c_p.l(libinit2.o)
    0x00000118   0x00000118   0x00000000   Code   RO          374    .ARM.Collect$$libinit$$00000013  c_p.l(libinit2.o)
    0x00000118   0x00000118   0x00000000   Code   RO          376    .ARM.Collect$$libinit$$00000015  c_p.l(libinit2.o)
    0x00000118   0x00000118   0x00000000   Code   RO          378    .ARM.Collect$$libinit$$00000017  c_p.l(libinit2.o)
    0x00000118   0x00000118   0x00000000   Code   RO          380    .ARM.Collect$$libinit$$00000019  c_p.l(libinit2.o)
    0x00000118   0x00000118   0x00000000   Code   RO          382    .ARM.Collect$$libinit$$0000001B  c_p.l(libinit2.o)
    0x00000118   0x00000118   0x00000000   Code   RO          384    .ARM.Collect$$libinit$$0000001D  c_p.l(libinit2.o)
    0x00000118   0x00000118   0x00000000   Code   RO          386    .ARM.Collect$$libinit$$0000001F  c_p.l(libinit2.o)
    0x00000118   0x00000118   0x00000000   Code   RO          388    .ARM.Collect$$libinit$$00000021  c_p.l(libinit2.o)
    0x00000118   0x00000118   0x00000000   Code   RO          390    .ARM.Collect$$libinit$$00000023  c_p.l(libinit2.o)
    0x00000118   0x00000118   0x00000000   Code   RO          392    .ARM.Collect$$libinit$$00000025  c_p.l(libinit2.o)
    0x00000118   0x00000118   0x00000000   Code   RO          396    .ARM.Collect$$libinit$$0000002C  c_p.l(libinit2.o)
    0x00000118   0x00000118   0x00000000   Code   RO          398    .ARM.Collect$$libinit$$0000002E  c_p.l(libinit2.o)
    0x00000118   0x00000118   0x00000000   Code   RO          400    .ARM.Collect$$libinit$$00000030  c_p.l(libinit2.o)
    0x00000118   0x00000118   0x00000000   Code   RO          402    .ARM.Collect$$libinit$$00000032  c_p.l(libinit2.o)
    0x00000118   0x00000118   0x00000002   Code   RO          403    .ARM.Collect$$libinit$$00000033  c_p.l(libinit2.o)
    0x0000011a   0x0000011a   0x00000002   Code   RO          427    .ARM.Collect$$libshutdown$$00000000  c_p.l(libshutdown.o)
    0x0000011c   0x0000011c   0x00000000   Code   RO          453    .ARM.Collect$$libshutdown$$00000002  c_p.l(libshutdown2.o)
    0x0000011c   0x0000011c   0x00000000   Code   RO          455    .ARM.Collect$$libshutdown$$00000004  c_p.l(libshutdown2.o)
    0x0000011c   0x0000011c   0x00000000   Code   RO          457    .ARM.Collect$$libshutdown$$00000006  c_p.l(libshutdown2.o)
    0x0000011c   0x0000011c   0x00000000   Code   RO          460    .ARM.Collect$$libshutdown$$00000009  c_p.l(libshutdown2.o)
    0x0000011c   0x0000011c   0x00000000   Code   RO          463    .ARM.Collect$$libshutdown$$0000000C  c_p.l(libshutdown2.o)
    0x0000011c   0x0000011c   0x00000000   Code   RO          465    .ARM.Collect$$libshutdown$$0000000E  c_p.l(libshutdown2.o)
    0x0000011c   0x0000011c   0x00000000   Code   RO          468    .ARM.Collect$$libshutdown$$00000011  c_p.l(libshutdown2.o)
    0x0000011c   0x0000011c   0x00000002   Code   RO          469    .ARM.Collect$$libshutdown$$00000012  c_p.l(libshutdown2.o)
    0x0000011e   0x0000011e   0x00000000   Code   RO          299    .ARM.Collect$$rtentry$$00000000  c_p.l(__rtentry.o)
    0x0000011e   0x0000011e   0x00000000   Code   RO          312    .ARM.Collect$$rtentry$$00000002  c_p.l(__rtentry2.o)
    0x0000011e   0x0000011e   0x00000006   Code   RO          324    .ARM.Collect$$rtentry$$00000004  c_p.l(__rtentry4.o)
    0x00000124   0x00000124   0x00000000   Code   RO          314    .ARM.Collect$$rtentry$$00000009  c_p.l(__rtentry2.o)
    0x00000124   0x00000124   0x00000004   Code   RO          315    .ARM.Collect$$rtentry$$0000000A  c_p.l(__rtentry2.o)
    0x00000128   0x00000128   0x00000000   Code   RO          317    .ARM.Collect$$rtentry$$0000000C  c_p.l(__rtentry2.o)
    0x00000128   0x00000128   0x00000008   Code   RO          318    .ARM.Collect$$rtentry$$0000000D  c_p.l(__rtentry2.o)
    0x00000130   0x00000130   0x00000002   Code   RO          351    .ARM.Collect$$rtexit$$00000000  c_p.l(rtexit.o)
    0x00000132   0x00000132   0x00000000   Code   RO          405    .ARM.Collect$$rtexit$$00000002  c_p.l(rtexit2.o)
    0x00000132   0x00000132   0x00000004   Code   RO          406    .ARM.Collect$$rtexit$$00000003  c_p.l(rtexit2.o)
    0x00000136   0x00000136   0x00000006   Code   RO          407    .ARM.Collect$$rtexit$$00000004  c_p.l(rtexit2.o)
    0x0000013c   0x0000013c   0x00000038   Code   RO          283    .emb_text           c_p.l(rt_memcpy.o)
    0x00000174   0x00000174   0x0000005c   Code   RO            1    .text               bluetooth_adc.o
    0x000001d0   0x000001d0   0x000002e8   Code   RO           40    .text               adc.o
    0x000004b8   0x000004b8   0x00000124   Code   RO           67  * .text               cm0dsasm.o
    0x000005dc   0x000005dc   0x00000380   Code   RO           72    .text               gpio.o
    0x0000095c   0x0000095c   0x00000364   Code   RO           87    .text               optical.o
    0x00000cc0   0x00000cc0   0x00000ba4   Code   RO          111    .text               radio.o
    0x00001864   0x00001864   0x00000064   Code   RO          137    .text               retarget.o
    0x000018c8   0x000018c8   0x000001d8   Code   RO          165    .text               rftimer.o
    0x00001aa0   0x00001aa0   0x00001734   Code   RO          184    .text               scm3c_hw_interface.o
    0x000031d4   0x000031d4   0x0000002c   Code   RO          216    .text               uart.o
    0x00003200   0x00003200   0x00000002   Code   RO          227    .text               c_p.l(use_no_semi_2.o)
    0x00003202   0x00003202   0x00000002   PAD
    0x00003204   0x00003204   0x0000001c   Code   RO          231    .text               c_p.l(noretval__2printf.o)
    0x00003220   0x00003220   0x0000006c   Code   RO          237    .text               c_p.l(_printf_dec.o)
    0x0000328c   0x0000328c   0x00000058   Code   RO          242    .text               c_p.l(_printf_hex_int.o)
    0x000032e4   0x000032e4   0x0000010e   Code   RO          268    .text               c_p.l(__printf_wp.o)
    0x000033f2   0x000033f2   0x00000082   Code   RO          284    .text               c_p.l(rt_memcpy.o)
    0x00003474   0x00003474   0x00000040   Code   RO          287    .text               c_p.l(rt_memclr.o)
    0x000034b4   0x000034b4   0x0000015a   Code   RO          289    .text               c_p.l(aeabi_sdiv.o)
    0x0000360e   0x0000360e   0x00000006   Code   RO          293    .text               c_p.l(heapauxi.o)
    0x00003614   0x00003614   0x00000002   Code   RO          297    .text               c_p.l(use_no_semi.o)
    0x00003616   0x00003616   0x000000b0   Code   RO          304    .text               c_p.l(_printf_intcommon.o)
    0x000036c6   0x000036c6   0x00000002   PAD
    0x000036c8   0x000036c8   0x00000028   Code   RO          306    .text               c_p.l(_printf_char_file.o)
    0x000036f0   0x000036f0   0x00000028   Code   RO          309    .text               c_p.l(rtudiv10.o)
    0x00003718   0x00003718   0x00000030   Code   RO          328    .text               c_p.l(_printf_char_common.o)
    0x00003748   0x00003748   0x0000003e   Code   RO          330    .text               c_p.l(sys_stackheap_outer.o)
    0x00003786   0x00003786   0x00000010   Code   RO          335    .text               c_p.l(exit.o)
    0x00003796   0x00003796   0x00000002   PAD
    0x00003798   0x00003798   0x00000008   Code   RO          347    .text               c_p.l(libspace.o)
    0x000037a0   0x000037a0   0x0000000e   Code   RO          270    i._is_digit         c_p.l(__printf_wp.o)
    0x000037ae   0x000037ae   0x00000002   PAD
    0x000037b0   0x000037b0   0x00000040   Data   RO          113    .constdata          radio.o
    0x000037f0   0x000037f0   0x00000054   Data   RO          186    .constdata          scm3c_hw_interface.o
    0x00003844   0x00003844   0x00000028   Data   RO          243    .constdata          c_p.l(_printf_hex_int.o)
    0x0000386c   0x0000386c   0x00000020   Data   RO          471    Region$$Table       anon$$obj.o


    Execution Region RW_IRAM1 (Exec base: 0x20000000, Load base: 0x0000388c, Size: 0x000012a0, Max: 0x00010000, ABSOLUTE)

    Exec Addr    Load Addr    Size         Type   Attr      Idx    E Section Name        Object

    0x20000000   0x0000388c   0x00000003   Data   RW           41    .data               adc.o
    0x20000003   0x0000388f   0x00000001   PAD
    0x20000004   0x00003890   0x00000048   Data   RW          114    .data               radio.o
    0x2000004c   0x000038d8   0x00000008   Data   RW          138    .data               retarget.o
    0x20000054   0x000038e0   0x00000050   Data   RW          167    .data               rftimer.o
    0x200000a4        -       0x00000020   Zero   RW           88    .bss                optical.o
    0x200000c4        -       0x00000460   Zero   RW          112    .bss                radio.o
    0x20000524        -       0x0000004c   Zero   RW          166    .bss                rftimer.o
    0x20000570        -       0x000000cc   Zero   RW          185    .bss                scm3c_hw_interface.o
    0x2000063c        -       0x00000060   Zero   RW          348    .bss                c_p.l(libspace.o)
    0x2000069c   0x00003930   0x00000004   PAD
    0x200006a0        -       0x00000400   Zero   RW           65    HEAP                cm0dsasm.o
    0x20000aa0        -       0x00000800   Zero   RW           64    STACK               cm0dsasm.o


==============================================================================

Image component sizes


      Code (inc. data)   RO Data    RW Data    ZI Data      Debug   Object Name

       744        114          0          3          0       5423   adc.o
        92         18          0          0          0       5011   bluetooth_adc.o
       292         32        128          0       3072       1076   cm0dsasm.o
       896        124          0          0          0       5531   gpio.o
       868        158          0          0         32       4366   optical.o
      2980        324         64         72       1120      13281   radio.o
       100         20          0          8          0       3399   retarget.o
       472         88          0         80         76       4921   rftimer.o
      5940        786         84          0        204      19730   scm3c_hw_interface.o
        44         34          0          0          0        426   uart.o

    ----------------------------------------------------------------------
     12428       1698        308        164       4504      63164   Object Totals
         0          0         32          0          0          0   (incl. Generated)
         0          0          0          1          0          0   (incl. Padding)

    ----------------------------------------------------------------------

      Code (inc. data)   RO Data    RW Data    ZI Data      Debug   Library Member Name

         8          0          0          0          0         68   __main.o
       284          0          0          0          0        136   __printf_wp.o
         0          0          0          0          0          0   __rtentry.o
        12          0          0          0          0          0   __rtentry2.o
         6          0          0          0          0          0   __rtentry4.o
        60          8          0          0          0          0   __scatter.o
        26          0          0          0          0          0   __scatter_copy.o
        28          0          0          0          0          0   __scatter_zi.o
        48          6          0          0          0         88   _printf_char_common.o
        40          6          0          0          0         72   _printf_char_file.o
        10          0          0          0          0          0   _printf_d.o
       108         18          0          0          0         76   _printf_dec.o
        88          4         40          0          0         72   _printf_hex_int.o
       176          0          0          0          0         84   _printf_intcommon.o
         2          0          0          0          0          0   _printf_percent.o
         4          0          0          0          0          0   _printf_percent_end.o
        10          0          0          0          0          0   _printf_x.o
       346          0          0          0          0         92   aeabi_sdiv.o
        16          0          0          0          0         68   exit.o
         6          0          0          0          0        136   heapauxi.o
         2          0          0          0          0          0   libinit.o
         2          0          0          0          0          0   libinit2.o
         2          0          0          0          0          0   libshutdown.o
         2          0          0          0          0          0   libshutdown2.o
         8          4          0          0         96         68   libspace.o
        28          6          0          0          0         84   noretval__2printf.o
        64          0          0          0          0        108   rt_memclr.o
       186          0          0          0          0        144   rt_memcpy.o
         2          0          0          0          0          0   rtexit.o
        10          0          0          0          0          0   rtexit2.o
        40          0          0          0          0         60   rtudiv10.o
        62          0          0          0          0         80   sys_stackheap_outer.o
         2          0          0          0          0         68   use_no_semi.o
         2          0          0          0          0         68   use_no_semi_2.o

    ----------------------------------------------------------------------
      1700         52         40          0        100       1572   Library Totals
        10          0          0          0          4          0   (incl. Padding)

    ----------------------------------------------------------------------

      Code (inc. data)   RO Data    RW Data    ZI Data      Debug   Library Name

      1690         52         40          0         96       1572   c_p.l

    ----------------------------------------------------------------------
      1700         52         40          0        100       1572   Library Totals

    ----------------------------------------------------------------------

==============================================================================


      Code (inc. data)   RO Data    RW Data    ZI Data      Debug   

     14128       1750        348        164       4604      63124   Grand Totals
     14128       1750        348        164       4604      63124   ELF Image Totals
     14128       1750        348        164          0          0   ROM Totals

==============================================================================

    Total RO  Size (Code + RO Data)                14476 (  14.14kB)
    Total RW  Size (RW Data + ZI Data)              4768 (   4.66kB)
    Total ROM Size (Code + RO Data + RW Data)      14640 (  14.30kB)

==============================================================================

