<!doctype html public "-//w3c//dtd html 4.0 transitional//en">
<html><head>
<title>Static Call Graph - [.\Objects\ble_tx.axf]</title></head>
<body><HR>
<H1>Static Call Graph for image .\Objects\ble_tx.axf</H1><HR>
<BR><P>#&#060CALLGRAPH&#062# ARM Linker, 5060960: Last Updated: Thu May 01 08:24:25 2025
<BR><P>
<H3>Maximum Stack Usage =        208 bytes + Unknown(Functions without stacksize, Untraceable Function Pointers)</H3><H3>
Call chain for Maximum Stack Depth:</H3>
EXT_GPIO8_ACTIVEHIGH_Handler &rArr; ext_gpio8_activehigh_isr &rArr; optical_sfd_isr &rArr; __2printf &rArr; _printf_char_file &rArr; _printf_char_common &rArr; __printf
<P>
<H3>
Functions with no stack information
</H3><UL>
 <LI><a href="#[1e]">__user_initial_stackheap</a>
</UL>
</UL>
<P>
<H3>
Function Pointers
</H3><UL>
 <LI><a href="#[9]">ADC_Handler</a> from cm0dsasm.o(.text) referenced from cm0dsasm.o(RESET)
 <LI><a href="#[11]">EXT_GPIO10_ACTIVELOW</a> from cm0dsasm.o(.text) referenced from cm0dsasm.o(RESET)
 <LI><a href="#[7]">EXT_GPIO3_ACTIVEHIGH_DEBOUNCED_Handler</a> from cm0dsasm.o(.text) referenced from cm0dsasm.o(RESET)
 <LI><a href="#[f]">EXT_GPIO8_ACTIVEHIGH_Handler</a> from cm0dsasm.o(.text) referenced from cm0dsasm.o(RESET)
 <LI><a href="#[10]">EXT_GPIO9_ACTIVELOW_Handler</a> from cm0dsasm.o(.text) referenced from cm0dsasm.o(RESET)
 <LI><a href="#[8]">EXT_OPTICAL_IRQ_IN_Handler</a> from cm0dsasm.o(.text) referenced from cm0dsasm.o(RESET)
 <LI><a href="#[e]">OPTICAL_SFD_Handler</a> from cm0dsasm.o(.text) referenced from cm0dsasm.o(RESET)
 <LI><a href="#[d]">RAWCHIPS_32_Handler</a> from cm0dsasm.o(.text) referenced from cm0dsasm.o(RESET)
 <LI><a href="#[c]">RAWCHIPS_STARTVAL_Handler</a> from cm0dsasm.o(.text) referenced from cm0dsasm.o(RESET)
 <LI><a href="#[b]">RFTIMER_Handler</a> from cm0dsasm.o(.text) referenced from cm0dsasm.o(RESET)
 <LI><a href="#[a]">RF_Handler</a> from cm0dsasm.o(.text) referenced from cm0dsasm.o(RESET)
 <LI><a href="#[1c]">Reset_Handler</a> from cm0dsasm.o(.text) referenced from cm0dsasm.o(RESET)
 <LI><a href="#[6]">UART_Handler</a> from cm0dsasm.o(.text) referenced from cm0dsasm.o(RESET)
 <LI><a href="#[1d]">__main</a> from __main.o(!!!main) referenced from cm0dsasm.o(.text)
 <LI><a href="#[1b]">_printf_input_char</a> from _printf_char_common.o(.text) referenced from _printf_char_common.o(.text)
 <LI><a href="#[12]">ble_tx_rftimer_callback</a> from ble_tx.o(.text) referenced from ble_tx.o(.text)
 <LI><a href="#[18]">cb_endFrame_rx_radio</a> from radio.o(.text) referenced from radio.o(.text)
 <LI><a href="#[16]">cb_endFrame_tx_radio</a> from radio.o(.text) referenced from radio.o(.text)
 <LI><a href="#[17]">cb_startFrame_rx_radio</a> from radio.o(.text) referenced from radio.o(.text)
 <LI><a href="#[15]">cb_startFrame_tx_radio</a> from radio.o(.text) referenced from radio.o(.text)
 <LI><a href="#[14]">cb_timer_radio</a> from radio.o(.text) referenced from radio.o(.text)
 <LI><a href="#[19]">default_radio_rx_cb</a> from radio.o(.text) referenced from radio.o(.text)
 <LI><a href="#[1a]">fputc</a> from retarget.o(.text) referenced from _printf_char_file.o(.text)
</UL>
<P>
<H3>
Global Symbols
</H3>
<P><STRONG><a name="[1d]"></a>__main</STRONG> (Thumb, 8 bytes, Stack size 0 bytes, __main.o(!!!main))
<BR><BR>[Calls]<UL><LI><a href="#[20]">&gt;&gt;</a>&nbsp;&nbsp;&nbsp;__rt_entry
<LI><a href="#[1f]">&gt;&gt;</a>&nbsp;&nbsp;&nbsp;__scatterload
</UL>

<P><STRONG><a name="[1f]"></a>__scatterload</STRONG> (Thumb, 0 bytes, Stack size unknown bytes, __scatter.o(!!!scatter))
<BR><BR>[Called By]<UL><LI><a href="#[1d]">&gt;&gt;</a>&nbsp;&nbsp;&nbsp;__main
</UL>

<P><STRONG><a name="[21]"></a>__scatterload_rt2</STRONG> (Thumb, 52 bytes, Stack size unknown bytes, __scatter.o(!!!scatter), UNUSED)
<BR><BR>[Calls]<UL><LI><a href="#[20]">&gt;&gt;</a>&nbsp;&nbsp;&nbsp;__rt_entry
</UL>

<P><STRONG><a name="[e9]"></a>__scatterload_rt2_thumb_only</STRONG> (Thumb, 0 bytes, Stack size unknown bytes, __scatter.o(!!!scatter), UNUSED)

<P><STRONG><a name="[ea]"></a>__scatterload_null</STRONG> (Thumb, 0 bytes, Stack size unknown bytes, __scatter.o(!!!scatter), UNUSED)

<P><STRONG><a name="[22]"></a>__scatterload_copy</STRONG> (Thumb, 26 bytes, Stack size unknown bytes, __scatter_copy.o(!!handler_copy), UNUSED)
<BR><BR>[Calls]<UL><LI><a href="#[22]">&gt;&gt;</a>&nbsp;&nbsp;&nbsp;__scatterload_copy
</UL>
<BR>[Called By]<UL><LI><a href="#[22]">&gt;&gt;</a>&nbsp;&nbsp;&nbsp;__scatterload_copy
</UL>

<P><STRONG><a name="[eb]"></a>__scatterload_zeroinit</STRONG> (Thumb, 28 bytes, Stack size unknown bytes, __scatter_zi.o(!!handler_zi), UNUSED)

<P><STRONG><a name="[d5]"></a>_printf_percent</STRONG> (Thumb, 0 bytes, Stack size unknown bytes, _printf_percent.o(.ARM.Collect$$_printf_percent$$00000000))
<BR><BR>[Called By]<UL><LI><a href="#[d4]">&gt;&gt;</a>&nbsp;&nbsp;&nbsp;__printf
</UL>

<P><STRONG><a name="[23]"></a>_printf_d</STRONG> (Thumb, 0 bytes, Stack size unknown bytes, _printf_d.o(.ARM.Collect$$_printf_percent$$00000009))
<BR><BR>[Stack]<UL><LI>Max Depth = 72 + Unknown Stack Size
<LI>Call Chain = _printf_d &rArr; _printf_int_dec &rArr; _printf_int_common
</UL>
<BR>[Calls]<UL><LI><a href="#[24]">&gt;&gt;</a>&nbsp;&nbsp;&nbsp;_printf_x
<LI><a href="#[25]">&gt;&gt;</a>&nbsp;&nbsp;&nbsp;_printf_int_dec
</UL>

<P><STRONG><a name="[24]"></a>_printf_x</STRONG> (Thumb, 0 bytes, Stack size unknown bytes, _printf_x.o(.ARM.Collect$$_printf_percent$$0000000C))
<BR><BR>[Stack]<UL><LI>Max Depth = 56 + Unknown Stack Size
<LI>Call Chain = _printf_x &rArr; _printf_int_hex &rArr; _printf_int_common
</UL>
<BR>[Calls]<UL><LI><a href="#[26]">&gt;&gt;</a>&nbsp;&nbsp;&nbsp;_printf_percent_end
<LI><a href="#[27]">&gt;&gt;</a>&nbsp;&nbsp;&nbsp;_printf_int_hex
</UL>
<BR>[Called By]<UL><LI><a href="#[23]">&gt;&gt;</a>&nbsp;&nbsp;&nbsp;_printf_d
</UL>

<P><STRONG><a name="[26]"></a>_printf_percent_end</STRONG> (Thumb, 0 bytes, Stack size unknown bytes, _printf_percent_end.o(.ARM.Collect$$_printf_percent$$00000017))
<BR><BR>[Called By]<UL><LI><a href="#[24]">&gt;&gt;</a>&nbsp;&nbsp;&nbsp;_printf_x
</UL>

<P><STRONG><a name="[2b]"></a>__rt_lib_init</STRONG> (Thumb, 0 bytes, Stack size unknown bytes, libinit.o(.ARM.Collect$$libinit$$00000000))
<BR><BR>[Called By]<UL><LI><a href="#[2a]">&gt;&gt;</a>&nbsp;&nbsp;&nbsp;__rt_entry_li
</UL>

<P><STRONG><a name="[ec]"></a>__rt_lib_init_alloca_1</STRONG> (Thumb, 0 bytes, Stack size unknown bytes, libinit2.o(.ARM.Collect$$libinit$$0000002E))

<P><STRONG><a name="[ed]"></a>__rt_lib_init_argv_1</STRONG> (Thumb, 0 bytes, Stack size unknown bytes, libinit2.o(.ARM.Collect$$libinit$$0000002C))

<P><STRONG><a name="[ee]"></a>__rt_lib_init_atexit_1</STRONG> (Thumb, 0 bytes, Stack size unknown bytes, libinit2.o(.ARM.Collect$$libinit$$0000001B))

<P><STRONG><a name="[ef]"></a>__rt_lib_init_clock_1</STRONG> (Thumb, 0 bytes, Stack size unknown bytes, libinit2.o(.ARM.Collect$$libinit$$00000021))

<P><STRONG><a name="[f0]"></a>__rt_lib_init_cpp_1</STRONG> (Thumb, 0 bytes, Stack size unknown bytes, libinit2.o(.ARM.Collect$$libinit$$00000032))

<P><STRONG><a name="[f1]"></a>__rt_lib_init_exceptions_1</STRONG> (Thumb, 0 bytes, Stack size unknown bytes, libinit2.o(.ARM.Collect$$libinit$$00000030))

<P><STRONG><a name="[f2]"></a>__rt_lib_init_fp_1</STRONG> (Thumb, 0 bytes, Stack size unknown bytes, libinit2.o(.ARM.Collect$$libinit$$00000002))

<P><STRONG><a name="[f3]"></a>__rt_lib_init_fp_trap_1</STRONG> (Thumb, 0 bytes, Stack size unknown bytes, libinit2.o(.ARM.Collect$$libinit$$0000001F))

<P><STRONG><a name="[f4]"></a>__rt_lib_init_getenv_1</STRONG> (Thumb, 0 bytes, Stack size unknown bytes, libinit2.o(.ARM.Collect$$libinit$$00000023))

<P><STRONG><a name="[f5]"></a>__rt_lib_init_heap_1</STRONG> (Thumb, 0 bytes, Stack size unknown bytes, libinit2.o(.ARM.Collect$$libinit$$0000000A))

<P><STRONG><a name="[f6]"></a>__rt_lib_init_lc_collate_1</STRONG> (Thumb, 0 bytes, Stack size unknown bytes, libinit2.o(.ARM.Collect$$libinit$$00000011))

<P><STRONG><a name="[f7]"></a>__rt_lib_init_lc_ctype_1</STRONG> (Thumb, 0 bytes, Stack size unknown bytes, libinit2.o(.ARM.Collect$$libinit$$00000013))

<P><STRONG><a name="[f8]"></a>__rt_lib_init_lc_monetary_1</STRONG> (Thumb, 0 bytes, Stack size unknown bytes, libinit2.o(.ARM.Collect$$libinit$$00000015))

<P><STRONG><a name="[f9]"></a>__rt_lib_init_lc_numeric_1</STRONG> (Thumb, 0 bytes, Stack size unknown bytes, libinit2.o(.ARM.Collect$$libinit$$00000017))

<P><STRONG><a name="[fa]"></a>__rt_lib_init_lc_time_1</STRONG> (Thumb, 0 bytes, Stack size unknown bytes, libinit2.o(.ARM.Collect$$libinit$$00000019))

<P><STRONG><a name="[fb]"></a>__rt_lib_init_preinit_1</STRONG> (Thumb, 0 bytes, Stack size unknown bytes, libinit2.o(.ARM.Collect$$libinit$$00000004))

<P><STRONG><a name="[fc]"></a>__rt_lib_init_rand_1</STRONG> (Thumb, 0 bytes, Stack size unknown bytes, libinit2.o(.ARM.Collect$$libinit$$0000000E))

<P><STRONG><a name="[fd]"></a>__rt_lib_init_return</STRONG> (Thumb, 0 bytes, Stack size unknown bytes, libinit2.o(.ARM.Collect$$libinit$$00000033))

<P><STRONG><a name="[fe]"></a>__rt_lib_init_signal_1</STRONG> (Thumb, 0 bytes, Stack size unknown bytes, libinit2.o(.ARM.Collect$$libinit$$0000001D))

<P><STRONG><a name="[ff]"></a>__rt_lib_init_stdio_1</STRONG> (Thumb, 0 bytes, Stack size unknown bytes, libinit2.o(.ARM.Collect$$libinit$$00000025))

<P><STRONG><a name="[100]"></a>__rt_lib_init_user_alloc_1</STRONG> (Thumb, 0 bytes, Stack size unknown bytes, libinit2.o(.ARM.Collect$$libinit$$0000000C))

<P><STRONG><a name="[30]"></a>__rt_lib_shutdown</STRONG> (Thumb, 0 bytes, Stack size unknown bytes, libshutdown.o(.ARM.Collect$$libshutdown$$00000000))
<BR><BR>[Called By]<UL><LI><a href="#[2f]">&gt;&gt;</a>&nbsp;&nbsp;&nbsp;__rt_exit_ls
</UL>

<P><STRONG><a name="[101]"></a>__rt_lib_shutdown_cpp_1</STRONG> (Thumb, 0 bytes, Stack size unknown bytes, libshutdown2.o(.ARM.Collect$$libshutdown$$00000004))

<P><STRONG><a name="[102]"></a>__rt_lib_shutdown_fini_1</STRONG> (Thumb, 0 bytes, Stack size unknown bytes, libshutdown2.o(.ARM.Collect$$libshutdown$$00000002))

<P><STRONG><a name="[103]"></a>__rt_lib_shutdown_fp_trap_1</STRONG> (Thumb, 0 bytes, Stack size unknown bytes, libshutdown2.o(.ARM.Collect$$libshutdown$$00000009))

<P><STRONG><a name="[104]"></a>__rt_lib_shutdown_heap_1</STRONG> (Thumb, 0 bytes, Stack size unknown bytes, libshutdown2.o(.ARM.Collect$$libshutdown$$00000011))

<P><STRONG><a name="[105]"></a>__rt_lib_shutdown_return</STRONG> (Thumb, 0 bytes, Stack size unknown bytes, libshutdown2.o(.ARM.Collect$$libshutdown$$00000012))

<P><STRONG><a name="[106]"></a>__rt_lib_shutdown_signal_1</STRONG> (Thumb, 0 bytes, Stack size unknown bytes, libshutdown2.o(.ARM.Collect$$libshutdown$$0000000C))

<P><STRONG><a name="[107]"></a>__rt_lib_shutdown_stdio_1</STRONG> (Thumb, 0 bytes, Stack size unknown bytes, libshutdown2.o(.ARM.Collect$$libshutdown$$00000006))

<P><STRONG><a name="[108]"></a>__rt_lib_shutdown_user_alloc_1</STRONG> (Thumb, 0 bytes, Stack size unknown bytes, libshutdown2.o(.ARM.Collect$$libshutdown$$0000000E))

<P><STRONG><a name="[20]"></a>__rt_entry</STRONG> (Thumb, 0 bytes, Stack size unknown bytes, __rtentry.o(.ARM.Collect$$rtentry$$00000000))
<BR><BR>[Called By]<UL><LI><a href="#[1d]">&gt;&gt;</a>&nbsp;&nbsp;&nbsp;__main
<LI><a href="#[21]">&gt;&gt;</a>&nbsp;&nbsp;&nbsp;__scatterload_rt2
</UL>

<P><STRONG><a name="[109]"></a>__rt_entry_presh_1</STRONG> (Thumb, 0 bytes, Stack size unknown bytes, __rtentry2.o(.ARM.Collect$$rtentry$$00000002))

<P><STRONG><a name="[28]"></a>__rt_entry_sh</STRONG> (Thumb, 0 bytes, Stack size unknown bytes, __rtentry4.o(.ARM.Collect$$rtentry$$00000004))
<BR><BR>[Stack]<UL><LI>Max Depth = 8 + Unknown Stack Size
<LI>Call Chain = __rt_entry_sh &rArr; __user_setup_stackheap
</UL>
<BR>[Calls]<UL><LI><a href="#[29]">&gt;&gt;</a>&nbsp;&nbsp;&nbsp;__user_setup_stackheap
</UL>

<P><STRONG><a name="[2a]"></a>__rt_entry_li</STRONG> (Thumb, 0 bytes, Stack size unknown bytes, __rtentry2.o(.ARM.Collect$$rtentry$$0000000A))
<BR><BR>[Calls]<UL><LI><a href="#[2b]">&gt;&gt;</a>&nbsp;&nbsp;&nbsp;__rt_lib_init
</UL>

<P><STRONG><a name="[10a]"></a>__rt_entry_postsh_1</STRONG> (Thumb, 0 bytes, Stack size unknown bytes, __rtentry2.o(.ARM.Collect$$rtentry$$00000009))

<P><STRONG><a name="[2c]"></a>__rt_entry_main</STRONG> (Thumb, 0 bytes, Stack size unknown bytes, __rtentry2.o(.ARM.Collect$$rtentry$$0000000D))
<BR><BR>[Stack]<UL><LI>Max Depth = 136 + Unknown Stack Size
<LI>Call Chain = __rt_entry_main &rArr; main &rArr; perform_calibration &rArr; __2printf &rArr; _printf_char_file &rArr; _printf_char_common &rArr; __printf
</UL>
<BR>[Calls]<UL><LI><a href="#[2e]">&gt;&gt;</a>&nbsp;&nbsp;&nbsp;exit
<LI><a href="#[2d]">&gt;&gt;</a>&nbsp;&nbsp;&nbsp;main
</UL>

<P><STRONG><a name="[10b]"></a>__rt_entry_postli_1</STRONG> (Thumb, 0 bytes, Stack size unknown bytes, __rtentry2.o(.ARM.Collect$$rtentry$$0000000C))

<P><STRONG><a name="[e8]"></a>__rt_exit</STRONG> (Thumb, 0 bytes, Stack size unknown bytes, rtexit.o(.ARM.Collect$$rtexit$$00000000))
<BR><BR>[Called By]<UL><LI><a href="#[2e]">&gt;&gt;</a>&nbsp;&nbsp;&nbsp;exit
</UL>

<P><STRONG><a name="[2f]"></a>__rt_exit_ls</STRONG> (Thumb, 0 bytes, Stack size unknown bytes, rtexit2.o(.ARM.Collect$$rtexit$$00000003))
<BR><BR>[Calls]<UL><LI><a href="#[30]">&gt;&gt;</a>&nbsp;&nbsp;&nbsp;__rt_lib_shutdown
</UL>

<P><STRONG><a name="[10c]"></a>__rt_exit_prels_1</STRONG> (Thumb, 0 bytes, Stack size unknown bytes, rtexit2.o(.ARM.Collect$$rtexit$$00000002))

<P><STRONG><a name="[31]"></a>__rt_exit_exit</STRONG> (Thumb, 0 bytes, Stack size unknown bytes, rtexit2.o(.ARM.Collect$$rtexit$$00000004))
<BR><BR>[Stack]<UL><LI>Max Depth = 128 + Unknown Stack Size
<LI>Call Chain = __rt_exit_exit &rArr; _sys_exit &rArr; __2printf &rArr; _printf_char_file &rArr; _printf_char_common &rArr; __printf
</UL>
<BR>[Calls]<UL><LI><a href="#[32]">&gt;&gt;</a>&nbsp;&nbsp;&nbsp;_sys_exit
</UL>

<P><STRONG><a name="[a5]"></a>__aeabi_memcpy4</STRONG> (Thumb, 56 bytes, Stack size 0 bytes, rt_memcpy.o(.emb_text))
<BR><BR>[Called By]<UL><LI><a href="#[4b]">&gt;&gt;</a>&nbsp;&nbsp;&nbsp;__aeabi_memcpy
<LI><a href="#[bf]">&gt;&gt;</a>&nbsp;&nbsp;&nbsp;GPI_enables
<LI><a href="#[be]">&gt;&gt;</a>&nbsp;&nbsp;&nbsp;GPO_enables
<LI><a href="#[bb]">&gt;&gt;</a>&nbsp;&nbsp;&nbsp;scm3c_hw_interface_set_asc
<LI><a href="#[ba]">&gt;&gt;</a>&nbsp;&nbsp;&nbsp;scm3c_hw_interface_init
<LI><a href="#[a4]">&gt;&gt;</a>&nbsp;&nbsp;&nbsp;build_TX_channel_table
</UL>

<P><STRONG><a name="[10d]"></a>__aeabi_memcpy8</STRONG> (Thumb, 0 bytes, Stack size 0 bytes, rt_memcpy.o(.emb_text), UNUSED)

<P><STRONG><a name="[2d]"></a>main</STRONG> (Thumb, 138 bytes, Stack size 0 bytes, ble_tx.o(.text))
<BR><BR>[Stack]<UL><LI>Max Depth = 136 + Unknown Stack Size
<LI>Call Chain = main &rArr; perform_calibration &rArr; __2printf &rArr; _printf_char_file &rArr; _printf_char_common &rArr; __printf
</UL>
<BR>[Calls]<UL><LI><a href="#[34]">&gt;&gt;</a>&nbsp;&nbsp;&nbsp;__2printf
<LI><a href="#[37]">&gt;&gt;</a>&nbsp;&nbsp;&nbsp;rftimer_set_callback_by_id
<LI><a href="#[39]">&gt;&gt;</a>&nbsp;&nbsp;&nbsp;rftimer_enable_interrupts_by_id
<LI><a href="#[38]">&gt;&gt;</a>&nbsp;&nbsp;&nbsp;rftimer_enable_interrupts
<LI><a href="#[44]">&gt;&gt;</a>&nbsp;&nbsp;&nbsp;radio_rxNow
<LI><a href="#[43]">&gt;&gt;</a>&nbsp;&nbsp;&nbsp;radio_rxEnable
<LI><a href="#[3d]">&gt;&gt;</a>&nbsp;&nbsp;&nbsp;perform_calibration
<LI><a href="#[33]">&gt;&gt;</a>&nbsp;&nbsp;&nbsp;initialize_mote
<LI><a href="#[3c]">&gt;&gt;</a>&nbsp;&nbsp;&nbsp;crc_check
<LI><a href="#[42]">&gt;&gt;</a>&nbsp;&nbsp;&nbsp;ble_transmit
<LI><a href="#[36]">&gt;&gt;</a>&nbsp;&nbsp;&nbsp;ble_init_tx
<LI><a href="#[35]">&gt;&gt;</a>&nbsp;&nbsp;&nbsp;ble_init
<LI><a href="#[41]">&gt;&gt;</a>&nbsp;&nbsp;&nbsp;ble_adv_packet
<LI><a href="#[3a]">&gt;&gt;</a>&nbsp;&nbsp;&nbsp;analog_scan_chain_write
<LI><a href="#[3b]">&gt;&gt;</a>&nbsp;&nbsp;&nbsp;analog_scan_chain_load
<LI><a href="#[40]">&gt;&gt;</a>&nbsp;&nbsp;&nbsp;LC_FREQCHANGE
<LI><a href="#[3f]">&gt;&gt;</a>&nbsp;&nbsp;&nbsp;GPO_control
<LI><a href="#[3e]">&gt;&gt;</a>&nbsp;&nbsp;&nbsp;GPI_control
</UL>
<BR>[Called By]<UL><LI><a href="#[2c]">&gt;&gt;</a>&nbsp;&nbsp;&nbsp;__rt_entry_main
</UL>

<P><STRONG><a name="[35]"></a>ble_init</STRONG> (Thumb, 70 bytes, Stack size 8 bytes, ble.o(.text))
<BR><BR>[Stack]<UL><LI>Max Depth = 8<LI>Call Chain = ble_init
</UL>
<BR>[Calls]<UL><LI><a href="#[45]">&gt;&gt;</a>&nbsp;&nbsp;&nbsp;__aeabi_memclr4
</UL>
<BR>[Called By]<UL><LI><a href="#[2d]">&gt;&gt;</a>&nbsp;&nbsp;&nbsp;main
</UL>

<P><STRONG><a name="[46]"></a>ble_generate_packet</STRONG> (Thumb, 984 bytes, Stack size 112 bytes, ble.o(.text), UNUSED)
<BR><BR>[Calls]<UL><LI><a href="#[49]">&gt;&gt;</a>&nbsp;&nbsp;&nbsp;__aeabi_dmul
<LI><a href="#[4a]">&gt;&gt;</a>&nbsp;&nbsp;&nbsp;__aeabi_d2iz
<LI><a href="#[48]">&gt;&gt;</a>&nbsp;&nbsp;&nbsp;__aeabi_dadd
<LI><a href="#[45]">&gt;&gt;</a>&nbsp;&nbsp;&nbsp;__aeabi_memclr4
<LI><a href="#[4b]">&gt;&gt;</a>&nbsp;&nbsp;&nbsp;__aeabi_memcpy
<LI><a href="#[47]">&gt;&gt;</a>&nbsp;&nbsp;&nbsp;flipChar
</UL>

<P><STRONG><a name="[41]"></a>ble_adv_packet</STRONG> (Thumb, 300 bytes, Stack size 8 bytes, ble.o(.text))
<BR><BR>[Stack]<UL><LI>Max Depth = 8<LI>Call Chain = ble_adv_packet
</UL>
<BR>[Calls]<UL><LI><a href="#[45]">&gt;&gt;</a>&nbsp;&nbsp;&nbsp;__aeabi_memclr4
</UL>
<BR>[Called By]<UL><LI><a href="#[2d]">&gt;&gt;</a>&nbsp;&nbsp;&nbsp;main
</UL>

<P><STRONG><a name="[4c]"></a>ble_scan_rsp_packet</STRONG> (Thumb, 252 bytes, Stack size 8 bytes, ble.o(.text), UNUSED)
<BR><BR>[Calls]<UL><LI><a href="#[45]">&gt;&gt;</a>&nbsp;&nbsp;&nbsp;__aeabi_memclr4
</UL>

<P><STRONG><a name="[4d]"></a>ble_gen_test_packet</STRONG> (Thumb, 300 bytes, Stack size 8 bytes, ble.o(.text), UNUSED)
<BR><BR>[Calls]<UL><LI><a href="#[45]">&gt;&gt;</a>&nbsp;&nbsp;&nbsp;__aeabi_memclr4
</UL>

<P><STRONG><a name="[4e]"></a>ble_set_advertiser_address</STRONG> (Thumb, 18 bytes, Stack size 8 bytes, ble.o(.text), UNUSED)
<BR><BR>[Calls]<UL><LI><a href="#[4b]">&gt;&gt;</a>&nbsp;&nbsp;&nbsp;__aeabi_memcpy
</UL>

<P><STRONG><a name="[10e]"></a>ble_set_channel</STRONG> (Thumb, 8 bytes, Stack size 0 bytes, ble.o(.text), UNUSED)

<P><STRONG><a name="[10f]"></a>ble_set_name_tx_en</STRONG> (Thumb, 8 bytes, Stack size 0 bytes, ble.o(.text), UNUSED)

<P><STRONG><a name="[4f]"></a>ble_set_name</STRONG> (Thumb, 18 bytes, Stack size 8 bytes, ble.o(.text), UNUSED)
<BR><BR>[Calls]<UL><LI><a href="#[4b]">&gt;&gt;</a>&nbsp;&nbsp;&nbsp;__aeabi_memcpy
</UL>

<P><STRONG><a name="[110]"></a>ble_set_tuning_code_tx_en</STRONG> (Thumb, 8 bytes, Stack size 0 bytes, ble.o(.text), UNUSED)

<P><STRONG><a name="[50]"></a>ble_set_tuning_code</STRONG> (Thumb, 18 bytes, Stack size 8 bytes, ble.o(.text), UNUSED)
<BR><BR>[Calls]<UL><LI><a href="#[4b]">&gt;&gt;</a>&nbsp;&nbsp;&nbsp;__aeabi_memcpy
</UL>

<P><STRONG><a name="[111]"></a>ble_set_counters_tx_en</STRONG> (Thumb, 8 bytes, Stack size 0 bytes, ble.o(.text), UNUSED)

<P><STRONG><a name="[112]"></a>ble_set_count_2M</STRONG> (Thumb, 6 bytes, Stack size 0 bytes, ble.o(.text), UNUSED)

<P><STRONG><a name="[113]"></a>ble_set_count_32k</STRONG> (Thumb, 6 bytes, Stack size 0 bytes, ble.o(.text), UNUSED)

<P><STRONG><a name="[114]"></a>ble_set_temperature_tx_en</STRONG> (Thumb, 8 bytes, Stack size 0 bytes, ble.o(.text), UNUSED)

<P><STRONG><a name="[115]"></a>ble_set_temperature</STRONG> (Thumb, 8 bytes, Stack size 0 bytes, ble.o(.text), UNUSED)

<P><STRONG><a name="[116]"></a>ble_set_data_tx_en</STRONG> (Thumb, 8 bytes, Stack size 0 bytes, ble.o(.text), UNUSED)

<P><STRONG><a name="[51]"></a>ble_set_data</STRONG> (Thumb, 18 bytes, Stack size 8 bytes, ble.o(.text), UNUSED)
<BR><BR>[Calls]<UL><LI><a href="#[4b]">&gt;&gt;</a>&nbsp;&nbsp;&nbsp;__aeabi_memcpy
</UL>

<P><STRONG><a name="[36]"></a>ble_init_tx</STRONG> (Thumb, 140 bytes, Stack size 8 bytes, ble.o(.text))
<BR><BR>[Stack]<UL><LI>Max Depth = 16<LI>Call Chain = ble_init_tx &rArr; set_asc_bit
</UL>
<BR>[Calls]<UL><LI><a href="#[52]">&gt;&gt;</a>&nbsp;&nbsp;&nbsp;set_asc_bit
<LI><a href="#[55]">&gt;&gt;</a>&nbsp;&nbsp;&nbsp;set_PA_supply
<LI><a href="#[56]">&gt;&gt;</a>&nbsp;&nbsp;&nbsp;set_LO_supply
<LI><a href="#[54]">&gt;&gt;</a>&nbsp;&nbsp;&nbsp;set_LC_current
<LI><a href="#[53]">&gt;&gt;</a>&nbsp;&nbsp;&nbsp;clear_asc_bit
</UL>
<BR>[Called By]<UL><LI><a href="#[2d]">&gt;&gt;</a>&nbsp;&nbsp;&nbsp;main
</UL>

<P><STRONG><a name="[57]"></a>ble_init_rx</STRONG> (Thumb, 88 bytes, Stack size 8 bytes, ble.o(.text), UNUSED)
<BR><BR>[Calls]<UL><LI><a href="#[52]">&gt;&gt;</a>&nbsp;&nbsp;&nbsp;set_asc_bit
<LI><a href="#[5a]">&gt;&gt;</a>&nbsp;&nbsp;&nbsp;set_IF_stg3gm_ASC
<LI><a href="#[59]">&gt;&gt;</a>&nbsp;&nbsp;&nbsp;set_IF_gain_ASC
<LI><a href="#[5b]">&gt;&gt;</a>&nbsp;&nbsp;&nbsp;set_IF_ZCC_clkdiv
<LI><a href="#[58]">&gt;&gt;</a>&nbsp;&nbsp;&nbsp;radio_init_rx_ZCC
<LI><a href="#[53]">&gt;&gt;</a>&nbsp;&nbsp;&nbsp;clear_asc_bit
</UL>

<P><STRONG><a name="[42]"></a>ble_transmit</STRONG> (Thumb, 62 bytes, Stack size 8 bytes, ble.o(.text))
<BR><BR>[Stack]<UL><LI>Max Depth = 24<LI>Call Chain = ble_transmit &rArr; ble_load_tx_arb_fifo
</UL>
<BR>[Calls]<UL><LI><a href="#[5d]">&gt;&gt;</a>&nbsp;&nbsp;&nbsp;radio_txEnable
<LI><a href="#[5c]">&gt;&gt;</a>&nbsp;&nbsp;&nbsp;ble_load_tx_arb_fifo
</UL>
<BR>[Called By]<UL><LI><a href="#[2d]">&gt;&gt;</a>&nbsp;&nbsp;&nbsp;main
</UL>

<P><STRONG><a name="[1c]"></a>Reset_Handler</STRONG> (Thumb, 10 bytes, Stack size 0 bytes, cm0dsasm.o(.text))

<P><STRONG><a name="[6]"></a>UART_Handler</STRONG> (Thumb, 20 bytes, Stack size 0 bytes, cm0dsasm.o(.text))
<BR><BR>[Stack]<UL><LI>Max Depth = 136 + Unknown Stack Size
<LI>Call Chain = UART_Handler &rArr; uart_rx_isr &rArr; __2printf &rArr; _printf_char_file &rArr; _printf_char_common &rArr; __printf
</UL>
<BR>[Calls]<UL><LI><a href="#[5e]">&gt;&gt;</a>&nbsp;&nbsp;&nbsp;uart_rx_isr
</UL>
<BR>[Address Reference Count : 1]<UL><LI> cm0dsasm.o(RESET)
</UL>
<P><STRONG><a name="[9]"></a>ADC_Handler</STRONG> (Thumb, 20 bytes, Stack size 0 bytes, cm0dsasm.o(.text))
<BR><BR>[Stack]<UL><LI>Max Depth = 136 + Unknown Stack Size
<LI>Call Chain = ADC_Handler &rArr; adc_isr &rArr; __2printf &rArr; _printf_char_file &rArr; _printf_char_common &rArr; __printf
</UL>
<BR>[Calls]<UL><LI><a href="#[5f]">&gt;&gt;</a>&nbsp;&nbsp;&nbsp;adc_isr
</UL>
<BR>[Address Reference Count : 1]<UL><LI> cm0dsasm.o(RESET)
</UL>
<P><STRONG><a name="[a]"></a>RF_Handler</STRONG> (Thumb, 20 bytes, Stack size 0 bytes, cm0dsasm.o(.text))
<BR><BR>[Stack]<UL><LI>Max Depth = 16<LI>Call Chain = RF_Handler &rArr; radio_isr
</UL>
<BR>[Calls]<UL><LI><a href="#[60]">&gt;&gt;</a>&nbsp;&nbsp;&nbsp;radio_isr
</UL>
<BR>[Address Reference Count : 1]<UL><LI> cm0dsasm.o(RESET)
</UL>
<P><STRONG><a name="[b]"></a>RFTIMER_Handler</STRONG> (Thumb, 20 bytes, Stack size 0 bytes, cm0dsasm.o(.text))
<BR><BR>[Stack]<UL><LI>Max Depth = 152 + Unknown Stack Size
<LI>Call Chain = RFTIMER_Handler &rArr; rftimer_isr &rArr; handle_interrupt &rArr; __2printf &rArr; _printf_char_file &rArr; _printf_char_common &rArr; __printf
</UL>
<BR>[Calls]<UL><LI><a href="#[61]">&gt;&gt;</a>&nbsp;&nbsp;&nbsp;rftimer_isr
</UL>
<BR>[Address Reference Count : 1]<UL><LI> cm0dsasm.o(RESET)
</UL>
<P><STRONG><a name="[7]"></a>EXT_GPIO3_ACTIVEHIGH_DEBOUNCED_Handler</STRONG> (Thumb, 20 bytes, Stack size 0 bytes, cm0dsasm.o(.text))
<BR><BR>[Stack]<UL><LI>Max Depth = 136 + Unknown Stack Size
<LI>Call Chain = EXT_GPIO3_ACTIVEHIGH_DEBOUNCED_Handler &rArr; ext_gpio3_activehigh_debounced_isr &rArr; __2printf &rArr; _printf_char_file &rArr; _printf_char_common &rArr; __printf
</UL>
<BR>[Calls]<UL><LI><a href="#[62]">&gt;&gt;</a>&nbsp;&nbsp;&nbsp;ext_gpio3_activehigh_debounced_isr
</UL>
<BR>[Address Reference Count : 1]<UL><LI> cm0dsasm.o(RESET)
</UL>
<P><STRONG><a name="[f]"></a>EXT_GPIO8_ACTIVEHIGH_Handler</STRONG> (Thumb, 20 bytes, Stack size 0 bytes, cm0dsasm.o(.text))
<BR><BR>[Stack]<UL><LI>Max Depth = 208 + Unknown Stack Size
<LI>Call Chain = EXT_GPIO8_ACTIVEHIGH_Handler &rArr; ext_gpio8_activehigh_isr &rArr; optical_sfd_isr &rArr; __2printf &rArr; _printf_char_file &rArr; _printf_char_common &rArr; __printf
</UL>
<BR>[Calls]<UL><LI><a href="#[63]">&gt;&gt;</a>&nbsp;&nbsp;&nbsp;ext_gpio8_activehigh_isr
</UL>
<BR>[Address Reference Count : 1]<UL><LI> cm0dsasm.o(RESET)
</UL>
<P><STRONG><a name="[10]"></a>EXT_GPIO9_ACTIVELOW_Handler</STRONG> (Thumb, 20 bytes, Stack size 0 bytes, cm0dsasm.o(.text))
<BR><BR>[Stack]<UL><LI>Max Depth = 136 + Unknown Stack Size
<LI>Call Chain = EXT_GPIO9_ACTIVELOW_Handler &rArr; ext_gpio9_activelow_isr &rArr; __2printf &rArr; _printf_char_file &rArr; _printf_char_common &rArr; __printf
</UL>
<BR>[Calls]<UL><LI><a href="#[64]">&gt;&gt;</a>&nbsp;&nbsp;&nbsp;ext_gpio9_activelow_isr
</UL>
<BR>[Address Reference Count : 1]<UL><LI> cm0dsasm.o(RESET)
</UL>
<P><STRONG><a name="[11]"></a>EXT_GPIO10_ACTIVELOW</STRONG> (Thumb, 20 bytes, Stack size 0 bytes, cm0dsasm.o(.text))
<BR><BR>[Stack]<UL><LI>Max Depth = 136 + Unknown Stack Size
<LI>Call Chain = EXT_GPIO10_ACTIVELOW &rArr; ext_gpio10_activelow_isr &rArr; __2printf &rArr; _printf_char_file &rArr; _printf_char_common &rArr; __printf
</UL>
<BR>[Calls]<UL><LI><a href="#[65]">&gt;&gt;</a>&nbsp;&nbsp;&nbsp;ext_gpio10_activelow_isr
</UL>
<BR>[Address Reference Count : 1]<UL><LI> cm0dsasm.o(RESET)
</UL>
<P><STRONG><a name="[c]"></a>RAWCHIPS_STARTVAL_Handler</STRONG> (Thumb, 20 bytes, Stack size 0 bytes, cm0dsasm.o(.text))
<BR><BR>[Stack]<UL><LI>Max Depth = 8<LI>Call Chain = RAWCHIPS_STARTVAL_Handler &rArr; rawchips_startval_isr
</UL>
<BR>[Calls]<UL><LI><a href="#[66]">&gt;&gt;</a>&nbsp;&nbsp;&nbsp;rawchips_startval_isr
</UL>
<BR>[Address Reference Count : 1]<UL><LI> cm0dsasm.o(RESET)
</UL>
<P><STRONG><a name="[d]"></a>RAWCHIPS_32_Handler</STRONG> (Thumb, 20 bytes, Stack size 0 bytes, cm0dsasm.o(.text))
<BR><BR>[Stack]<UL><LI>Max Depth = 144 + Unknown Stack Size
<LI>Call Chain = RAWCHIPS_32_Handler &rArr; rawchips_32_isr &rArr; __2printf &rArr; _printf_char_file &rArr; _printf_char_common &rArr; __printf
</UL>
<BR>[Calls]<UL><LI><a href="#[67]">&gt;&gt;</a>&nbsp;&nbsp;&nbsp;rawchips_32_isr
</UL>
<BR>[Address Reference Count : 1]<UL><LI> cm0dsasm.o(RESET)
</UL>
<P><STRONG><a name="[8]"></a>EXT_OPTICAL_IRQ_IN_Handler</STRONG> (Thumb, 20 bytes, Stack size 0 bytes, cm0dsasm.o(.text))
<BR><BR>[Calls]<UL><LI><a href="#[68]">&gt;&gt;</a>&nbsp;&nbsp;&nbsp;optical_32_isr
</UL>
<BR>[Address Reference Count : 1]<UL><LI> cm0dsasm.o(RESET)
</UL>
<P><STRONG><a name="[e]"></a>OPTICAL_SFD_Handler</STRONG> (Thumb, 20 bytes, Stack size 0 bytes, cm0dsasm.o(.text))
<BR><BR>[Stack]<UL><LI>Max Depth = 200 + Unknown Stack Size
<LI>Call Chain = OPTICAL_SFD_Handler &rArr; optical_sfd_isr &rArr; __2printf &rArr; _printf_char_file &rArr; _printf_char_common &rArr; __printf
</UL>
<BR>[Calls]<UL><LI><a href="#[69]">&gt;&gt;</a>&nbsp;&nbsp;&nbsp;optical_sfd_isr
</UL>
<BR>[Address Reference Count : 1]<UL><LI> cm0dsasm.o(RESET)
</UL>
<P><STRONG><a name="[1e]"></a>__user_initial_stackheap</STRONG> (Thumb, 0 bytes, Stack size unknown bytes, cm0dsasm.o(.text))
<BR><BR>[Called By]<UL><LI><a href="#[29]">&gt;&gt;</a>&nbsp;&nbsp;&nbsp;__user_setup_stackheap
</UL>

<P><STRONG><a name="[e5]"></a>ferror</STRONG> (Thumb, 6 bytes, Stack size 0 bytes, retarget.o(.text))
<BR><BR>[Called By]<UL><LI><a href="#[d3]">&gt;&gt;</a>&nbsp;&nbsp;&nbsp;_printf_char_file
</UL>

<P><STRONG><a name="[6b]"></a>uart_out</STRONG> (Thumb, 8 bytes, Stack size 0 bytes, retarget.o(.text))
<BR><BR>[Called By]<UL><LI><a href="#[1a]">&gt;&gt;</a>&nbsp;&nbsp;&nbsp;fputc
<LI><a href="#[6a]">&gt;&gt;</a>&nbsp;&nbsp;&nbsp;uart_in
</UL>

<P><STRONG><a name="[6a]"></a>uart_in</STRONG> (Thumb, 18 bytes, Stack size 8 bytes, retarget.o(.text), UNUSED)
<BR><BR>[Calls]<UL><LI><a href="#[6b]">&gt;&gt;</a>&nbsp;&nbsp;&nbsp;uart_out
</UL>
<BR>[Called By]<UL><LI><a href="#[6c]">&gt;&gt;</a>&nbsp;&nbsp;&nbsp;fgetc
</UL>

<P><STRONG><a name="[1a]"></a>fputc</STRONG> (Thumb, 14 bytes, Stack size 8 bytes, retarget.o(.text))
<BR><BR>[Stack]<UL><LI>Max Depth = 8<LI>Call Chain = fputc
</UL>
<BR>[Calls]<UL><LI><a href="#[6b]">&gt;&gt;</a>&nbsp;&nbsp;&nbsp;uart_out
</UL>
<BR>[Called By]<UL><LI><a href="#[6d]">&gt;&gt;</a>&nbsp;&nbsp;&nbsp;_ttywrch
</UL>
<BR>[Address Reference Count : 1]<UL><LI> _printf_char_file.o(.text)
</UL>
<P><STRONG><a name="[6c]"></a>fgetc</STRONG> (Thumb, 10 bytes, Stack size 8 bytes, retarget.o(.text), UNUSED)
<BR><BR>[Calls]<UL><LI><a href="#[6a]">&gt;&gt;</a>&nbsp;&nbsp;&nbsp;uart_in
</UL>

<P><STRONG><a name="[6d]"></a>_ttywrch</STRONG> (Thumb, 14 bytes, Stack size 8 bytes, retarget.o(.text), UNUSED)
<BR><BR>[Calls]<UL><LI><a href="#[1a]">&gt;&gt;</a>&nbsp;&nbsp;&nbsp;fputc
</UL>

<P><STRONG><a name="[32]"></a>_sys_exit</STRONG> (Thumb, 10 bytes, Stack size 0 bytes, retarget.o(.text))
<BR><BR>[Stack]<UL><LI>Max Depth = 128 + Unknown Stack Size
<LI>Call Chain = _sys_exit &rArr; __2printf &rArr; _printf_char_file &rArr; _printf_char_common &rArr; __printf
</UL>
<BR>[Calls]<UL><LI><a href="#[34]">&gt;&gt;</a>&nbsp;&nbsp;&nbsp;__2printf
</UL>
<BR>[Called By]<UL><LI><a href="#[31]">&gt;&gt;</a>&nbsp;&nbsp;&nbsp;__rt_exit_exit
</UL>

<P><STRONG><a name="[6e]"></a>optical_init</STRONG> (Thumb, 22 bytes, Stack size 8 bytes, optical.o(.text))
<BR><BR>[Stack]<UL><LI>Max Depth = 8<LI>Call Chain = optical_init
</UL>
<BR>[Calls]<UL><LI><a href="#[45]">&gt;&gt;</a>&nbsp;&nbsp;&nbsp;__aeabi_memclr4
</UL>
<BR>[Called By]<UL><LI><a href="#[33]">&gt;&gt;</a>&nbsp;&nbsp;&nbsp;initialize_mote
</UL>

<P><STRONG><a name="[70]"></a>optical_getCalibrationFinshed</STRONG> (Thumb, 6 bytes, Stack size 0 bytes, optical.o(.text))
<BR><BR>[Called By]<UL><LI><a href="#[3d]">&gt;&gt;</a>&nbsp;&nbsp;&nbsp;perform_calibration
</UL>

<P><STRONG><a name="[6f]"></a>optical_enable</STRONG> (Thumb, 10 bytes, Stack size 0 bytes, optical.o(.text))
<BR><BR>[Called By]<UL><LI><a href="#[3d]">&gt;&gt;</a>&nbsp;&nbsp;&nbsp;perform_calibration
</UL>

<P><STRONG><a name="[3d]"></a>perform_calibration</STRONG> (Thumb, 32 bytes, Stack size 8 bytes, optical.o(.text))
<BR><BR>[Stack]<UL><LI>Max Depth = 136 + Unknown Stack Size
<LI>Call Chain = perform_calibration &rArr; __2printf &rArr; _printf_char_file &rArr; _printf_char_common &rArr; __printf
</UL>
<BR>[Calls]<UL><LI><a href="#[34]">&gt;&gt;</a>&nbsp;&nbsp;&nbsp;__2printf
<LI><a href="#[71]">&gt;&gt;</a>&nbsp;&nbsp;&nbsp;radio_rfOff
<LI><a href="#[6f]">&gt;&gt;</a>&nbsp;&nbsp;&nbsp;optical_enable
<LI><a href="#[70]">&gt;&gt;</a>&nbsp;&nbsp;&nbsp;optical_getCalibrationFinshed
<LI><a href="#[43]">&gt;&gt;</a>&nbsp;&nbsp;&nbsp;radio_rxEnable
</UL>
<BR>[Called By]<UL><LI><a href="#[2d]">&gt;&gt;</a>&nbsp;&nbsp;&nbsp;main
</UL>

<P><STRONG><a name="[68]"></a>optical_32_isr</STRONG> (Thumb, 2 bytes, Stack size 0 bytes, optical.o(.text))
<BR><BR>[Called By]<UL><LI><a href="#[8]">&gt;&gt;</a>&nbsp;&nbsp;&nbsp;EXT_OPTICAL_IRQ_IN_Handler
</UL>

<P><STRONG><a name="[69]"></a>optical_sfd_isr</STRONG> (Thumb, 580 bytes, Stack size 72 bytes, optical.o(.text))
<BR><BR>[Stack]<UL><LI>Max Depth = 200 + Unknown Stack Size
<LI>Call Chain = optical_sfd_isr &rArr; __2printf &rArr; _printf_char_file &rArr; _printf_char_common &rArr; __printf
</UL>
<BR>[Calls]<UL><LI><a href="#[34]">&gt;&gt;</a>&nbsp;&nbsp;&nbsp;__2printf
<LI><a href="#[7a]">&gt;&gt;</a>&nbsp;&nbsp;&nbsp;set_sys_clk_secondary_freq
<LI><a href="#[82]">&gt;&gt;</a>&nbsp;&nbsp;&nbsp;set_IF_clock_frequency
<LI><a href="#[7e]">&gt;&gt;</a>&nbsp;&nbsp;&nbsp;set_2M_RC_frequency
<LI><a href="#[81]">&gt;&gt;</a>&nbsp;&nbsp;&nbsp;scm3c_hw_interface_set_RC2M_superfine
<LI><a href="#[80]">&gt;&gt;</a>&nbsp;&nbsp;&nbsp;scm3c_hw_interface_set_RC2M_fine
<LI><a href="#[7f]">&gt;&gt;</a>&nbsp;&nbsp;&nbsp;scm3c_hw_interface_set_RC2M_coarse
<LI><a href="#[84]">&gt;&gt;</a>&nbsp;&nbsp;&nbsp;scm3c_hw_interface_set_IF_fine
<LI><a href="#[83]">&gt;&gt;</a>&nbsp;&nbsp;&nbsp;scm3c_hw_interface_set_IF_coarse
<LI><a href="#[7c]">&gt;&gt;</a>&nbsp;&nbsp;&nbsp;scm3c_hw_interface_set_HF_CLOCK_fine
<LI><a href="#[7b]">&gt;&gt;</a>&nbsp;&nbsp;&nbsp;scm3c_hw_interface_set_HF_CLOCK_coarse
<LI><a href="#[76]">&gt;&gt;</a>&nbsp;&nbsp;&nbsp;scm3c_hw_interface_get_RC2M_superfine
<LI><a href="#[75]">&gt;&gt;</a>&nbsp;&nbsp;&nbsp;scm3c_hw_interface_get_RC2M_fine
<LI><a href="#[74]">&gt;&gt;</a>&nbsp;&nbsp;&nbsp;scm3c_hw_interface_get_RC2M_coarse
<LI><a href="#[79]">&gt;&gt;</a>&nbsp;&nbsp;&nbsp;scm3c_hw_interface_get_IF_fine
<LI><a href="#[78]">&gt;&gt;</a>&nbsp;&nbsp;&nbsp;scm3c_hw_interface_get_IF_coarse
<LI><a href="#[77]">&gt;&gt;</a>&nbsp;&nbsp;&nbsp;scm3c_hw_interface_get_IF_clk_target
<LI><a href="#[72]">&gt;&gt;</a>&nbsp;&nbsp;&nbsp;scm3c_hw_interface_get_HF_CLOCK_fine
<LI><a href="#[73]">&gt;&gt;</a>&nbsp;&nbsp;&nbsp;scm3c_hw_interface_get_HF_CLOCK_coarse
<LI><a href="#[7d]">&gt;&gt;</a>&nbsp;&nbsp;&nbsp;LC_monotonic
<LI><a href="#[3a]">&gt;&gt;</a>&nbsp;&nbsp;&nbsp;analog_scan_chain_write
<LI><a href="#[3b]">&gt;&gt;</a>&nbsp;&nbsp;&nbsp;analog_scan_chain_load
</UL>
<BR>[Called By]<UL><LI><a href="#[63]">&gt;&gt;</a>&nbsp;&nbsp;&nbsp;ext_gpio8_activehigh_isr
<LI><a href="#[e]">&gt;&gt;</a>&nbsp;&nbsp;&nbsp;OPTICAL_SFD_Handler
</UL>

<P><STRONG><a name="[5d]"></a>radio_txEnable</STRONG> (Thumb, 14 bytes, Stack size 0 bytes, radio.o(.text))
<BR><BR>[Called By]<UL><LI><a href="#[88]">&gt;&gt;</a>&nbsp;&nbsp;&nbsp;send_packet
<LI><a href="#[42]">&gt;&gt;</a>&nbsp;&nbsp;&nbsp;ble_transmit
</UL>

<P><STRONG><a name="[85]"></a>radio_loadPacket</STRONG> (Thumb, 34 bytes, Stack size 16 bytes, radio.o(.text), UNUSED)
<BR><BR>[Calls]<UL><LI><a href="#[4b]">&gt;&gt;</a>&nbsp;&nbsp;&nbsp;__aeabi_memcpy
</UL>
<BR>[Called By]<UL><LI><a href="#[88]">&gt;&gt;</a>&nbsp;&nbsp;&nbsp;send_packet
</UL>

<P><STRONG><a name="[86]"></a>radio_reset</STRONG> (Thumb, 8 bytes, Stack size 0 bytes, radio.o(.text))
<BR><BR>[Called By]<UL><LI><a href="#[71]">&gt;&gt;</a>&nbsp;&nbsp;&nbsp;radio_rfOff
</UL>

<P><STRONG><a name="[71]"></a>radio_rfOff</STRONG> (Thumb, 22 bytes, Stack size 4 bytes, radio.o(.text))
<BR><BR>[Stack]<UL><LI>Max Depth = 4<LI>Call Chain = radio_rfOff
</UL>
<BR>[Calls]<UL><LI><a href="#[86]">&gt;&gt;</a>&nbsp;&nbsp;&nbsp;radio_reset
</UL>
<BR>[Called By]<UL><LI><a href="#[a6]">&gt;&gt;</a>&nbsp;&nbsp;&nbsp;radio_build_channel_table
<LI><a href="#[16]">&gt;&gt;</a>&nbsp;&nbsp;&nbsp;cb_endFrame_tx_radio
<LI><a href="#[14]">&gt;&gt;</a>&nbsp;&nbsp;&nbsp;cb_timer_radio
<LI><a href="#[3d]">&gt;&gt;</a>&nbsp;&nbsp;&nbsp;perform_calibration
</UL>

<P><STRONG><a name="[87]"></a>radio_txNow</STRONG> (Thumb, 8 bytes, Stack size 0 bytes, radio.o(.text))
<BR><BR>[Called By]<UL><LI><a href="#[14]">&gt;&gt;</a>&nbsp;&nbsp;&nbsp;cb_timer_radio
</UL>

<P><STRONG><a name="[14]"></a>cb_timer_radio</STRONG> (Thumb, 40 bytes, Stack size 4 bytes, radio.o(.text))
<BR><BR>[Stack]<UL><LI>Max Depth = 8<LI>Call Chain = cb_timer_radio &rArr; radio_rfOff
</UL>
<BR>[Calls]<UL><LI><a href="#[87]">&gt;&gt;</a>&nbsp;&nbsp;&nbsp;radio_txNow
<LI><a href="#[71]">&gt;&gt;</a>&nbsp;&nbsp;&nbsp;radio_rfOff
</UL>
<BR>[Address Reference Count : 1]<UL><LI> radio.o(.text)
</UL>
<P><STRONG><a name="[88]"></a>send_packet</STRONG> (Thumb, 66 bytes, Stack size 16 bytes, radio.o(.text), UNUSED)
<BR><BR>[Calls]<UL><LI><a href="#[89]">&gt;&gt;</a>&nbsp;&nbsp;&nbsp;rftimer_set_callback
<LI><a href="#[8b]">&gt;&gt;</a>&nbsp;&nbsp;&nbsp;rftimer_setCompareIn
<LI><a href="#[8a]">&gt;&gt;</a>&nbsp;&nbsp;&nbsp;rftimer_readCounter
<LI><a href="#[85]">&gt;&gt;</a>&nbsp;&nbsp;&nbsp;radio_loadPacket
<LI><a href="#[5d]">&gt;&gt;</a>&nbsp;&nbsp;&nbsp;radio_txEnable
</UL>
<BR>[Called By]<UL><LI><a href="#[96]">&gt;&gt;</a>&nbsp;&nbsp;&nbsp;repeat_rx_tx
</UL>

<P><STRONG><a name="[44]"></a>radio_rxNow</STRONG> (Thumb, 22 bytes, Stack size 0 bytes, radio.o(.text))
<BR><BR>[Called By]<UL><LI><a href="#[18]">&gt;&gt;</a>&nbsp;&nbsp;&nbsp;cb_endFrame_rx_radio
<LI><a href="#[8c]">&gt;&gt;</a>&nbsp;&nbsp;&nbsp;receive_packet_length
<LI><a href="#[2d]">&gt;&gt;</a>&nbsp;&nbsp;&nbsp;main
</UL>

<P><STRONG><a name="[43]"></a>radio_rxEnable</STRONG> (Thumb, 30 bytes, Stack size 0 bytes, radio.o(.text))
<BR><BR>[Called By]<UL><LI><a href="#[18]">&gt;&gt;</a>&nbsp;&nbsp;&nbsp;cb_endFrame_rx_radio
<LI><a href="#[8c]">&gt;&gt;</a>&nbsp;&nbsp;&nbsp;receive_packet_length
<LI><a href="#[3d]">&gt;&gt;</a>&nbsp;&nbsp;&nbsp;perform_calibration
<LI><a href="#[2d]">&gt;&gt;</a>&nbsp;&nbsp;&nbsp;main
</UL>

<P><STRONG><a name="[8c]"></a>receive_packet_length</STRONG> (Thumb, 92 bytes, Stack size 16 bytes, radio.o(.text), UNUSED)
<BR><BR>[Calls]<UL><LI><a href="#[89]">&gt;&gt;</a>&nbsp;&nbsp;&nbsp;rftimer_set_callback
<LI><a href="#[8b]">&gt;&gt;</a>&nbsp;&nbsp;&nbsp;rftimer_setCompareIn
<LI><a href="#[8a]">&gt;&gt;</a>&nbsp;&nbsp;&nbsp;rftimer_readCounter
<LI><a href="#[44]">&gt;&gt;</a>&nbsp;&nbsp;&nbsp;radio_rxNow
<LI><a href="#[43]">&gt;&gt;</a>&nbsp;&nbsp;&nbsp;radio_rxEnable
</UL>
<BR>[Called By]<UL><LI><a href="#[96]">&gt;&gt;</a>&nbsp;&nbsp;&nbsp;repeat_rx_tx
<LI><a href="#[8d]">&gt;&gt;</a>&nbsp;&nbsp;&nbsp;receive_packet
</UL>

<P><STRONG><a name="[8d]"></a>receive_packet</STRONG> (Thumb, 14 bytes, Stack size 8 bytes, radio.o(.text), UNUSED)
<BR><BR>[Calls]<UL><LI><a href="#[8c]">&gt;&gt;</a>&nbsp;&nbsp;&nbsp;receive_packet_length
</UL>

<P><STRONG><a name="[15]"></a>cb_startFrame_tx_radio</STRONG> (Thumb, 2 bytes, Stack size 0 bytes, radio.o(.text))
<BR>[Address Reference Count : 1]<UL><LI> radio.o(.text)
</UL>
<P><STRONG><a name="[16]"></a>cb_endFrame_tx_radio</STRONG> (Thumb, 16 bytes, Stack size 4 bytes, radio.o(.text))
<BR><BR>[Stack]<UL><LI>Max Depth = 8<LI>Call Chain = cb_endFrame_tx_radio &rArr; radio_rfOff
</UL>
<BR>[Calls]<UL><LI><a href="#[71]">&gt;&gt;</a>&nbsp;&nbsp;&nbsp;radio_rfOff
</UL>
<BR>[Address Reference Count : 1]<UL><LI> radio.o(.text)
</UL>
<P><STRONG><a name="[17]"></a>cb_startFrame_rx_radio</STRONG> (Thumb, 8 bytes, Stack size 0 bytes, radio.o(.text))
<BR>[Address Reference Count : 1]<UL><LI> radio.o(.text)
</UL>
<P><STRONG><a name="[95]"></a>radio_getLQIchipErrors</STRONG> (Thumb, 6 bytes, Stack size 0 bytes, radio.o(.text))
<BR><BR>[Called By]<UL><LI><a href="#[18]">&gt;&gt;</a>&nbsp;&nbsp;&nbsp;cb_endFrame_rx_radio
</UL>

<P><STRONG><a name="[8e]"></a>radio_getIFestimate</STRONG> (Thumb, 8 bytes, Stack size 8 bytes, radio.o(.text))
<BR><BR>[Stack]<UL><LI>Max Depth = 8<LI>Call Chain = radio_getIFestimate
</UL>
<BR>[Calls]<UL><LI><a href="#[8f]">&gt;&gt;</a>&nbsp;&nbsp;&nbsp;read_IF_estimate
</UL>
<BR>[Called By]<UL><LI><a href="#[18]">&gt;&gt;</a>&nbsp;&nbsp;&nbsp;cb_endFrame_rx_radio
</UL>

<P><STRONG><a name="[94]"></a>radio_getCrcOk</STRONG> (Thumb, 8 bytes, Stack size 0 bytes, radio.o(.text))
<BR><BR>[Called By]<UL><LI><a href="#[18]">&gt;&gt;</a>&nbsp;&nbsp;&nbsp;cb_endFrame_rx_radio
</UL>

<P><STRONG><a name="[90]"></a>radio_getReceivedFrame</STRONG> (Thumb, 58 bytes, Stack size 40 bytes, radio.o(.text))
<BR><BR>[Stack]<UL><LI>Max Depth = 64<LI>Call Chain = radio_getReceivedFrame &rArr; __aeabi_memcpy
</UL>
<BR>[Calls]<UL><LI><a href="#[4b]">&gt;&gt;</a>&nbsp;&nbsp;&nbsp;__aeabi_memcpy
<LI><a href="#[91]">&gt;&gt;</a>&nbsp;&nbsp;&nbsp;read_RSSI
<LI><a href="#[92]">&gt;&gt;</a>&nbsp;&nbsp;&nbsp;read_LQI
</UL>
<BR>[Called By]<UL><LI><a href="#[18]">&gt;&gt;</a>&nbsp;&nbsp;&nbsp;cb_endFrame_rx_radio
</UL>

<P><STRONG><a name="[18]"></a>cb_endFrame_rx_radio</STRONG> (Thumb, 128 bytes, Stack size 16 bytes, radio.o(.text))
<BR><BR>[Stack]<UL><LI>Max Depth = 80<LI>Call Chain = cb_endFrame_rx_radio &rArr; radio_getReceivedFrame &rArr; __aeabi_memcpy
</UL>
<BR>[Calls]<UL><LI><a href="#[93]">&gt;&gt;</a>&nbsp;&nbsp;&nbsp;__aeabi_memclr
<LI><a href="#[90]">&gt;&gt;</a>&nbsp;&nbsp;&nbsp;radio_getReceivedFrame
<LI><a href="#[94]">&gt;&gt;</a>&nbsp;&nbsp;&nbsp;radio_getCrcOk
<LI><a href="#[8e]">&gt;&gt;</a>&nbsp;&nbsp;&nbsp;radio_getIFestimate
<LI><a href="#[95]">&gt;&gt;</a>&nbsp;&nbsp;&nbsp;radio_getLQIchipErrors
<LI><a href="#[44]">&gt;&gt;</a>&nbsp;&nbsp;&nbsp;radio_rxNow
<LI><a href="#[43]">&gt;&gt;</a>&nbsp;&nbsp;&nbsp;radio_rxEnable
</UL>
<BR>[Address Reference Count : 1]<UL><LI> radio.o(.text)
</UL>
<P><STRONG><a name="[96]"></a>repeat_rx_tx</STRONG> (Thumb, 328 bytes, Stack size 80 bytes, radio.o(.text), UNUSED)
<BR><BR>[Calls]<UL><LI><a href="#[34]">&gt;&gt;</a>&nbsp;&nbsp;&nbsp;__2printf
<LI><a href="#[8c]">&gt;&gt;</a>&nbsp;&nbsp;&nbsp;receive_packet_length
<LI><a href="#[88]">&gt;&gt;</a>&nbsp;&nbsp;&nbsp;send_packet
<LI><a href="#[40]">&gt;&gt;</a>&nbsp;&nbsp;&nbsp;LC_FREQCHANGE
</UL>

<P><STRONG><a name="[19]"></a>default_radio_rx_cb</STRONG> (Thumb, 46 bytes, Stack size 16 bytes, radio.o(.text))
<BR><BR>[Stack]<UL><LI>Max Depth = 144 + Unknown Stack Size
<LI>Call Chain = default_radio_rx_cb &rArr; __2printf &rArr; _printf_char_file &rArr; _printf_char_common &rArr; __printf
</UL>
<BR>[Calls]<UL><LI><a href="#[34]">&gt;&gt;</a>&nbsp;&nbsp;&nbsp;__2printf
</UL>
<BR>[Address Reference Count : 1]<UL><LI> radio.o(.text)
</UL>
<P><STRONG><a name="[9c]"></a>radio_setRxCb</STRONG> (Thumb, 8 bytes, Stack size 0 bytes, radio.o(.text))
<BR><BR>[Called By]<UL><LI><a href="#[97]">&gt;&gt;</a>&nbsp;&nbsp;&nbsp;radio_init
</UL>

<P><STRONG><a name="[9b]"></a>radio_setEndFrameRxCb</STRONG> (Thumb, 8 bytes, Stack size 0 bytes, radio.o(.text))
<BR><BR>[Called By]<UL><LI><a href="#[97]">&gt;&gt;</a>&nbsp;&nbsp;&nbsp;radio_init
</UL>

<P><STRONG><a name="[9a]"></a>radio_setStartFrameRxCb</STRONG> (Thumb, 8 bytes, Stack size 0 bytes, radio.o(.text))
<BR><BR>[Called By]<UL><LI><a href="#[97]">&gt;&gt;</a>&nbsp;&nbsp;&nbsp;radio_init
</UL>

<P><STRONG><a name="[99]"></a>radio_setEndFrameTxCb</STRONG> (Thumb, 190 bytes, Stack size 0 bytes, radio.o(.text))
<BR><BR>[Called By]<UL><LI><a href="#[97]">&gt;&gt;</a>&nbsp;&nbsp;&nbsp;radio_init
</UL>

<P><STRONG><a name="[98]"></a>radio_setStartFrameTxCb</STRONG> (Thumb, 6 bytes, Stack size 0 bytes, radio.o(.text))
<BR><BR>[Called By]<UL><LI><a href="#[97]">&gt;&gt;</a>&nbsp;&nbsp;&nbsp;radio_init
</UL>

<P><STRONG><a name="[97]"></a>radio_init</STRONG> (Thumb, 76 bytes, Stack size 8 bytes, radio.o(.text))
<BR><BR>[Stack]<UL><LI>Max Depth = 8<LI>Call Chain = radio_init
</UL>
<BR>[Calls]<UL><LI><a href="#[45]">&gt;&gt;</a>&nbsp;&nbsp;&nbsp;__aeabi_memclr4
<LI><a href="#[98]">&gt;&gt;</a>&nbsp;&nbsp;&nbsp;radio_setStartFrameTxCb
<LI><a href="#[99]">&gt;&gt;</a>&nbsp;&nbsp;&nbsp;radio_setEndFrameTxCb
<LI><a href="#[9a]">&gt;&gt;</a>&nbsp;&nbsp;&nbsp;radio_setStartFrameRxCb
<LI><a href="#[9b]">&gt;&gt;</a>&nbsp;&nbsp;&nbsp;radio_setEndFrameRxCb
<LI><a href="#[9c]">&gt;&gt;</a>&nbsp;&nbsp;&nbsp;radio_setRxCb
</UL>
<BR>[Called By]<UL><LI><a href="#[33]">&gt;&gt;</a>&nbsp;&nbsp;&nbsp;initialize_mote
</UL>

<P><STRONG><a name="[9d]"></a>setFrequencyRX</STRONG> (Thumb, 22 bytes, Stack size 8 bytes, radio.o(.text), UNUSED)
<BR><BR>[Calls]<UL><LI><a href="#[7d]">&gt;&gt;</a>&nbsp;&nbsp;&nbsp;LC_monotonic
</UL>
<BR>[Called By]<UL><LI><a href="#[9f]">&gt;&gt;</a>&nbsp;&nbsp;&nbsp;radio_setFrequency
</UL>

<P><STRONG><a name="[9e]"></a>setFrequencyTX</STRONG> (Thumb, 22 bytes, Stack size 8 bytes, radio.o(.text), UNUSED)
<BR><BR>[Calls]<UL><LI><a href="#[7d]">&gt;&gt;</a>&nbsp;&nbsp;&nbsp;LC_monotonic
</UL>
<BR>[Called By]<UL><LI><a href="#[9f]">&gt;&gt;</a>&nbsp;&nbsp;&nbsp;radio_setFrequency
</UL>

<P><STRONG><a name="[9f]"></a>radio_setFrequency</STRONG> (Thumb, 48 bytes, Stack size 16 bytes, radio.o(.text), UNUSED)
<BR><BR>[Calls]<UL><LI><a href="#[9e]">&gt;&gt;</a>&nbsp;&nbsp;&nbsp;setFrequencyTX
<LI><a href="#[9d]">&gt;&gt;</a>&nbsp;&nbsp;&nbsp;setFrequencyRX
</UL>

<P><STRONG><a name="[117]"></a>radio_rfOn</STRONG> (Thumb, 16 bytes, Stack size 0 bytes, radio.o(.text), UNUSED)

<P><STRONG><a name="[a0]"></a>radio_frequency_housekeeping</STRONG> (Thumb, 430 bytes, Stack size 48 bytes, radio.o(.text), UNUSED)
<BR><BR>[Calls]<UL><LI><a href="#[a1]">&gt;&gt;</a>&nbsp;&nbsp;&nbsp;__aeabi_idivmod
<LI><a href="#[82]">&gt;&gt;</a>&nbsp;&nbsp;&nbsp;set_IF_clock_frequency
<LI><a href="#[84]">&gt;&gt;</a>&nbsp;&nbsp;&nbsp;scm3c_hw_interface_set_IF_fine
<LI><a href="#[83]">&gt;&gt;</a>&nbsp;&nbsp;&nbsp;scm3c_hw_interface_set_IF_coarse
<LI><a href="#[79]">&gt;&gt;</a>&nbsp;&nbsp;&nbsp;scm3c_hw_interface_get_IF_fine
<LI><a href="#[78]">&gt;&gt;</a>&nbsp;&nbsp;&nbsp;scm3c_hw_interface_get_IF_coarse
</UL>

<P><STRONG><a name="[118]"></a>radio_enable_interrupts</STRONG> (Thumb, 8 bytes, Stack size 0 bytes, radio.o(.text), UNUSED)

<P><STRONG><a name="[119]"></a>radio_disable_interrupts</STRONG> (Thumb, 10 bytes, Stack size 0 bytes, radio.o(.text), UNUSED)

<P><STRONG><a name="[11a]"></a>radio_get_cdr_tau_value</STRONG> (Thumb, 8 bytes, Stack size 0 bytes, radio.o(.text), UNUSED)

<P><STRONG><a name="[a2]"></a>build_RX_channel_table</STRONG> (Thumb, 234 bytes, Stack size 160 bytes, radio.o(.text), UNUSED)
<BR><BR>[Calls]<UL><LI><a href="#[a3]">&gt;&gt;</a>&nbsp;&nbsp;&nbsp;__aeabi_uidivmod
<LI><a href="#[45]">&gt;&gt;</a>&nbsp;&nbsp;&nbsp;__aeabi_memclr4
<LI><a href="#[7d]">&gt;&gt;</a>&nbsp;&nbsp;&nbsp;LC_monotonic
</UL>
<BR>[Called By]<UL><LI><a href="#[a6]">&gt;&gt;</a>&nbsp;&nbsp;&nbsp;radio_build_channel_table
</UL>

<P><STRONG><a name="[a4]"></a>build_TX_channel_table</STRONG> (Thumb, 292 bytes, Stack size 224 bytes, radio.o(.text), UNUSED)
<BR><BR>[Calls]<UL><LI><a href="#[a3]">&gt;&gt;</a>&nbsp;&nbsp;&nbsp;__aeabi_uidivmod
<LI><a href="#[45]">&gt;&gt;</a>&nbsp;&nbsp;&nbsp;__aeabi_memclr4
<LI><a href="#[a5]">&gt;&gt;</a>&nbsp;&nbsp;&nbsp;__aeabi_memcpy4
<LI><a href="#[7d]">&gt;&gt;</a>&nbsp;&nbsp;&nbsp;LC_monotonic
</UL>
<BR>[Called By]<UL><LI><a href="#[a6]">&gt;&gt;</a>&nbsp;&nbsp;&nbsp;radio_build_channel_table
</UL>

<P><STRONG><a name="[a6]"></a>radio_build_channel_table</STRONG> (Thumb, 72 bytes, Stack size 16 bytes, radio.o(.text), UNUSED)
<BR><BR>[Calls]<UL><LI><a href="#[a4]">&gt;&gt;</a>&nbsp;&nbsp;&nbsp;build_TX_channel_table
<LI><a href="#[a2]">&gt;&gt;</a>&nbsp;&nbsp;&nbsp;build_RX_channel_table
<LI><a href="#[71]">&gt;&gt;</a>&nbsp;&nbsp;&nbsp;radio_rfOff
<LI><a href="#[52]">&gt;&gt;</a>&nbsp;&nbsp;&nbsp;set_asc_bit
<LI><a href="#[53]">&gt;&gt;</a>&nbsp;&nbsp;&nbsp;clear_asc_bit
</UL>

<P><STRONG><a name="[60]"></a>radio_isr</STRONG> (Thumb, 254 bytes, Stack size 16 bytes, radio.o(.text))
<BR><BR>[Stack]<UL><LI>Max Depth = 16<LI>Call Chain = radio_isr
</UL>
<BR>[Calls]<UL><LI><a href="#[a8]">&gt;&gt;</a>&nbsp;&nbsp;&nbsp;gpio_6_set
<LI><a href="#[aa]">&gt;&gt;</a>&nbsp;&nbsp;&nbsp;gpio_6_clr
<LI><a href="#[a7]">&gt;&gt;</a>&nbsp;&nbsp;&nbsp;gpio_2_set
<LI><a href="#[a9]">&gt;&gt;</a>&nbsp;&nbsp;&nbsp;gpio_2_clr
</UL>
<BR>[Called By]<UL><LI><a href="#[a]">&gt;&gt;</a>&nbsp;&nbsp;&nbsp;RF_Handler
</UL>

<P><STRONG><a name="[67]"></a>rawchips_32_isr</STRONG> (Thumb, 146 bytes, Stack size 16 bytes, radio.o(.text))
<BR><BR>[Stack]<UL><LI>Max Depth = 144 + Unknown Stack Size
<LI>Call Chain = rawchips_32_isr &rArr; __2printf &rArr; _printf_char_file &rArr; _printf_char_common &rArr; __printf
</UL>
<BR>[Calls]<UL><LI><a href="#[34]">&gt;&gt;</a>&nbsp;&nbsp;&nbsp;__2printf
</UL>
<BR>[Called By]<UL><LI><a href="#[d]">&gt;&gt;</a>&nbsp;&nbsp;&nbsp;RAWCHIPS_32_Handler
</UL>

<P><STRONG><a name="[66]"></a>rawchips_startval_isr</STRONG> (Thumb, 98 bytes, Stack size 8 bytes, radio.o(.text))
<BR><BR>[Stack]<UL><LI>Max Depth = 8<LI>Call Chain = rawchips_startval_isr
</UL>
<BR>[Called By]<UL><LI><a href="#[c]">&gt;&gt;</a>&nbsp;&nbsp;&nbsp;RAWCHIPS_STARTVAL_Handler
</UL>

<P><STRONG><a name="[b0]"></a>adc_config</STRONG> (Thumb, 110 bytes, Stack size 8 bytes, adc.o(.text), UNUSED)
<BR><BR>[Calls]<UL><LI><a href="#[af]">&gt;&gt;</a>&nbsp;&nbsp;&nbsp;adc_set_const_gm_tuning_code_asc_bits
<LI><a href="#[ae]">&gt;&gt;</a>&nbsp;&nbsp;&nbsp;adc_set_bandgap_refernce_tuning_code_asc_bits
<LI><a href="#[ad]">&gt;&gt;</a>&nbsp;&nbsp;&nbsp;adc_set_settling_time_asc_bits
<LI><a href="#[ac]">&gt;&gt;</a>&nbsp;&nbsp;&nbsp;adc_set_pga_gain_asc_bits
<LI><a href="#[ab]">&gt;&gt;</a>&nbsp;&nbsp;&nbsp;adc_set_asc_bit
</UL>

<P><STRONG><a name="[11b]"></a>adc_trigger</STRONG> (Thumb, 16 bytes, Stack size 0 bytes, adc.o(.text), UNUSED)

<P><STRONG><a name="[b1]"></a>adc_enable_interrupt</STRONG> (Thumb, 26 bytes, Stack size 8 bytes, adc.o(.text), UNUSED)
<BR><BR>[Calls]<UL><LI><a href="#[34]">&gt;&gt;</a>&nbsp;&nbsp;&nbsp;__2printf
</UL>

<P><STRONG><a name="[b2]"></a>adc_disable_interrupt</STRONG> (Thumb, 26 bytes, Stack size 8 bytes, adc.o(.text), UNUSED)
<BR><BR>[Calls]<UL><LI><a href="#[34]">&gt;&gt;</a>&nbsp;&nbsp;&nbsp;__2printf
</UL>

<P><STRONG><a name="[5f]"></a>adc_isr</STRONG> (Thumb, 28 bytes, Stack size 8 bytes, adc.o(.text))
<BR><BR>[Stack]<UL><LI>Max Depth = 136 + Unknown Stack Size
<LI>Call Chain = adc_isr &rArr; __2printf &rArr; _printf_char_file &rArr; _printf_char_common &rArr; __printf
</UL>
<BR>[Calls]<UL><LI><a href="#[34]">&gt;&gt;</a>&nbsp;&nbsp;&nbsp;__2printf
</UL>
<BR>[Called By]<UL><LI><a href="#[9]">&gt;&gt;</a>&nbsp;&nbsp;&nbsp;ADC_Handler
</UL>

<P><STRONG><a name="[11c]"></a>gpio_init</STRONG> (Thumb, 14 bytes, Stack size 0 bytes, gpio.o(.text), UNUSED)

<P><STRONG><a name="[11d]"></a>gpio_0_set</STRONG> (Thumb, 14 bytes, Stack size 0 bytes, gpio.o(.text), UNUSED)

<P><STRONG><a name="[11e]"></a>gpio_0_clr</STRONG> (Thumb, 14 bytes, Stack size 0 bytes, gpio.o(.text), UNUSED)

<P><STRONG><a name="[11f]"></a>gpio_0_toggle</STRONG> (Thumb, 14 bytes, Stack size 0 bytes, gpio.o(.text), UNUSED)

<P><STRONG><a name="[120]"></a>gpio_1_set</STRONG> (Thumb, 14 bytes, Stack size 0 bytes, gpio.o(.text), UNUSED)

<P><STRONG><a name="[121]"></a>gpio_1_clr</STRONG> (Thumb, 14 bytes, Stack size 0 bytes, gpio.o(.text), UNUSED)

<P><STRONG><a name="[122]"></a>gpio_1_toggle</STRONG> (Thumb, 14 bytes, Stack size 0 bytes, gpio.o(.text), UNUSED)

<P><STRONG><a name="[a7]"></a>gpio_2_set</STRONG> (Thumb, 14 bytes, Stack size 0 bytes, gpio.o(.text))
<BR><BR>[Called By]<UL><LI><a href="#[61]">&gt;&gt;</a>&nbsp;&nbsp;&nbsp;rftimer_isr
<LI><a href="#[60]">&gt;&gt;</a>&nbsp;&nbsp;&nbsp;radio_isr
</UL>

<P><STRONG><a name="[a9]"></a>gpio_2_clr</STRONG> (Thumb, 14 bytes, Stack size 0 bytes, gpio.o(.text))
<BR><BR>[Called By]<UL><LI><a href="#[61]">&gt;&gt;</a>&nbsp;&nbsp;&nbsp;rftimer_isr
<LI><a href="#[60]">&gt;&gt;</a>&nbsp;&nbsp;&nbsp;radio_isr
</UL>

<P><STRONG><a name="[123]"></a>gpio_2_toggle</STRONG> (Thumb, 14 bytes, Stack size 0 bytes, gpio.o(.text), UNUSED)

<P><STRONG><a name="[124]"></a>gpio_3_set</STRONG> (Thumb, 14 bytes, Stack size 0 bytes, gpio.o(.text), UNUSED)

<P><STRONG><a name="[125]"></a>gpio_3_clr</STRONG> (Thumb, 14 bytes, Stack size 0 bytes, gpio.o(.text), UNUSED)

<P><STRONG><a name="[126]"></a>gpio_3_toggle</STRONG> (Thumb, 14 bytes, Stack size 0 bytes, gpio.o(.text), UNUSED)

<P><STRONG><a name="[127]"></a>gpio_4_set</STRONG> (Thumb, 14 bytes, Stack size 0 bytes, gpio.o(.text), UNUSED)

<P><STRONG><a name="[128]"></a>gpio_4_clr</STRONG> (Thumb, 14 bytes, Stack size 0 bytes, gpio.o(.text), UNUSED)

<P><STRONG><a name="[129]"></a>gpio_4_toggle</STRONG> (Thumb, 14 bytes, Stack size 0 bytes, gpio.o(.text), UNUSED)

<P><STRONG><a name="[12a]"></a>gpio_5_set</STRONG> (Thumb, 14 bytes, Stack size 0 bytes, gpio.o(.text), UNUSED)

<P><STRONG><a name="[12b]"></a>gpio_5_clr</STRONG> (Thumb, 14 bytes, Stack size 0 bytes, gpio.o(.text), UNUSED)

<P><STRONG><a name="[12c]"></a>gpio_5_toggle</STRONG> (Thumb, 14 bytes, Stack size 0 bytes, gpio.o(.text), UNUSED)

<P><STRONG><a name="[a8]"></a>gpio_6_set</STRONG> (Thumb, 14 bytes, Stack size 0 bytes, gpio.o(.text))
<BR><BR>[Called By]<UL><LI><a href="#[60]">&gt;&gt;</a>&nbsp;&nbsp;&nbsp;radio_isr
</UL>

<P><STRONG><a name="[aa]"></a>gpio_6_clr</STRONG> (Thumb, 14 bytes, Stack size 0 bytes, gpio.o(.text))
<BR><BR>[Called By]<UL><LI><a href="#[60]">&gt;&gt;</a>&nbsp;&nbsp;&nbsp;radio_isr
</UL>

<P><STRONG><a name="[12d]"></a>gpio_6_toggle</STRONG> (Thumb, 14 bytes, Stack size 0 bytes, gpio.o(.text), UNUSED)

<P><STRONG><a name="[12e]"></a>gpio_7_set</STRONG> (Thumb, 14 bytes, Stack size 0 bytes, gpio.o(.text), UNUSED)

<P><STRONG><a name="[12f]"></a>gpio_7_clr</STRONG> (Thumb, 14 bytes, Stack size 0 bytes, gpio.o(.text), UNUSED)

<P><STRONG><a name="[130]"></a>gpio_7_toggle</STRONG> (Thumb, 14 bytes, Stack size 0 bytes, gpio.o(.text), UNUSED)

<P><STRONG><a name="[131]"></a>gpio_8_set</STRONG> (Thumb, 16 bytes, Stack size 0 bytes, gpio.o(.text), UNUSED)

<P><STRONG><a name="[132]"></a>gpio_8_clr</STRONG> (Thumb, 16 bytes, Stack size 0 bytes, gpio.o(.text), UNUSED)

<P><STRONG><a name="[133]"></a>gpio_8_toggle</STRONG> (Thumb, 16 bytes, Stack size 0 bytes, gpio.o(.text), UNUSED)

<P><STRONG><a name="[134]"></a>gpio_9_set</STRONG> (Thumb, 16 bytes, Stack size 0 bytes, gpio.o(.text), UNUSED)

<P><STRONG><a name="[135]"></a>gpio_9_clr</STRONG> (Thumb, 16 bytes, Stack size 0 bytes, gpio.o(.text), UNUSED)

<P><STRONG><a name="[136]"></a>gpio_9_toggle</STRONG> (Thumb, 16 bytes, Stack size 0 bytes, gpio.o(.text), UNUSED)

<P><STRONG><a name="[137]"></a>gpio_10_set</STRONG> (Thumb, 16 bytes, Stack size 0 bytes, gpio.o(.text), UNUSED)

<P><STRONG><a name="[138]"></a>gpio_10_clr</STRONG> (Thumb, 16 bytes, Stack size 0 bytes, gpio.o(.text), UNUSED)

<P><STRONG><a name="[139]"></a>gpio_10_toggle</STRONG> (Thumb, 16 bytes, Stack size 0 bytes, gpio.o(.text), UNUSED)

<P><STRONG><a name="[13a]"></a>gpio_11_set</STRONG> (Thumb, 16 bytes, Stack size 0 bytes, gpio.o(.text), UNUSED)

<P><STRONG><a name="[13b]"></a>gpio_11_clr</STRONG> (Thumb, 16 bytes, Stack size 0 bytes, gpio.o(.text), UNUSED)

<P><STRONG><a name="[13c]"></a>gpio_11_toggle</STRONG> (Thumb, 16 bytes, Stack size 0 bytes, gpio.o(.text), UNUSED)

<P><STRONG><a name="[13d]"></a>gpio_12_set</STRONG> (Thumb, 16 bytes, Stack size 0 bytes, gpio.o(.text), UNUSED)

<P><STRONG><a name="[13e]"></a>gpio_12_clr</STRONG> (Thumb, 16 bytes, Stack size 0 bytes, gpio.o(.text), UNUSED)

<P><STRONG><a name="[13f]"></a>gpio_12_toggle</STRONG> (Thumb, 16 bytes, Stack size 0 bytes, gpio.o(.text), UNUSED)

<P><STRONG><a name="[140]"></a>gpio_13_set</STRONG> (Thumb, 16 bytes, Stack size 0 bytes, gpio.o(.text), UNUSED)

<P><STRONG><a name="[141]"></a>gpio_13_clr</STRONG> (Thumb, 16 bytes, Stack size 0 bytes, gpio.o(.text), UNUSED)

<P><STRONG><a name="[142]"></a>gpio_13_toggle</STRONG> (Thumb, 16 bytes, Stack size 0 bytes, gpio.o(.text), UNUSED)

<P><STRONG><a name="[143]"></a>gpio_14_set</STRONG> (Thumb, 16 bytes, Stack size 0 bytes, gpio.o(.text), UNUSED)

<P><STRONG><a name="[144]"></a>gpio_14_clr</STRONG> (Thumb, 16 bytes, Stack size 0 bytes, gpio.o(.text), UNUSED)

<P><STRONG><a name="[145]"></a>gpio_14_toggle</STRONG> (Thumb, 16 bytes, Stack size 0 bytes, gpio.o(.text), UNUSED)

<P><STRONG><a name="[146]"></a>gpio_15_set</STRONG> (Thumb, 16 bytes, Stack size 0 bytes, gpio.o(.text), UNUSED)

<P><STRONG><a name="[147]"></a>gpio_15_clr</STRONG> (Thumb, 16 bytes, Stack size 0 bytes, gpio.o(.text), UNUSED)

<P><STRONG><a name="[148]"></a>gpio_15_toggle</STRONG> (Thumb, 16 bytes, Stack size 0 bytes, gpio.o(.text), UNUSED)

<P><STRONG><a name="[62]"></a>ext_gpio3_activehigh_debounced_isr</STRONG> (Thumb, 10 bytes, Stack size 8 bytes, gpio.o(.text))
<BR><BR>[Stack]<UL><LI>Max Depth = 136 + Unknown Stack Size
<LI>Call Chain = ext_gpio3_activehigh_debounced_isr &rArr; __2printf &rArr; _printf_char_file &rArr; _printf_char_common &rArr; __printf
</UL>
<BR>[Calls]<UL><LI><a href="#[34]">&gt;&gt;</a>&nbsp;&nbsp;&nbsp;__2printf
</UL>
<BR>[Called By]<UL><LI><a href="#[7]">&gt;&gt;</a>&nbsp;&nbsp;&nbsp;EXT_GPIO3_ACTIVEHIGH_DEBOUNCED_Handler
</UL>

<P><STRONG><a name="[63]"></a>ext_gpio8_activehigh_isr</STRONG> (Thumb, 8 bytes, Stack size 8 bytes, gpio.o(.text))
<BR><BR>[Stack]<UL><LI>Max Depth = 208 + Unknown Stack Size
<LI>Call Chain = ext_gpio8_activehigh_isr &rArr; optical_sfd_isr &rArr; __2printf &rArr; _printf_char_file &rArr; _printf_char_common &rArr; __printf
</UL>
<BR>[Calls]<UL><LI><a href="#[69]">&gt;&gt;</a>&nbsp;&nbsp;&nbsp;optical_sfd_isr
</UL>
<BR>[Called By]<UL><LI><a href="#[f]">&gt;&gt;</a>&nbsp;&nbsp;&nbsp;EXT_GPIO8_ACTIVEHIGH_Handler
</UL>

<P><STRONG><a name="[64]"></a>ext_gpio9_activelow_isr</STRONG> (Thumb, 10 bytes, Stack size 8 bytes, gpio.o(.text))
<BR><BR>[Stack]<UL><LI>Max Depth = 136 + Unknown Stack Size
<LI>Call Chain = ext_gpio9_activelow_isr &rArr; __2printf &rArr; _printf_char_file &rArr; _printf_char_common &rArr; __printf
</UL>
<BR>[Calls]<UL><LI><a href="#[34]">&gt;&gt;</a>&nbsp;&nbsp;&nbsp;__2printf
</UL>
<BR>[Called By]<UL><LI><a href="#[10]">&gt;&gt;</a>&nbsp;&nbsp;&nbsp;EXT_GPIO9_ACTIVELOW_Handler
</UL>

<P><STRONG><a name="[65]"></a>ext_gpio10_activelow_isr</STRONG> (Thumb, 10 bytes, Stack size 8 bytes, gpio.o(.text))
<BR><BR>[Stack]<UL><LI>Max Depth = 136 + Unknown Stack Size
<LI>Call Chain = ext_gpio10_activelow_isr &rArr; __2printf &rArr; _printf_char_file &rArr; _printf_char_common &rArr; __printf
</UL>
<BR>[Calls]<UL><LI><a href="#[34]">&gt;&gt;</a>&nbsp;&nbsp;&nbsp;__2printf
</UL>
<BR>[Called By]<UL><LI><a href="#[11]">&gt;&gt;</a>&nbsp;&nbsp;&nbsp;EXT_GPIO10_ACTIVELOW
</UL>

<P><STRONG><a name="[5e]"></a>uart_rx_isr</STRONG> (Thumb, 10 bytes, Stack size 8 bytes, uart.o(.text))
<BR><BR>[Stack]<UL><LI>Max Depth = 136 + Unknown Stack Size
<LI>Call Chain = uart_rx_isr &rArr; __2printf &rArr; _printf_char_file &rArr; _printf_char_common &rArr; __printf
</UL>
<BR>[Calls]<UL><LI><a href="#[34]">&gt;&gt;</a>&nbsp;&nbsp;&nbsp;__2printf
</UL>
<BR>[Called By]<UL><LI><a href="#[6]">&gt;&gt;</a>&nbsp;&nbsp;&nbsp;UART_Handler
</UL>

<P><STRONG><a name="[b3]"></a>rftimer_init</STRONG> (Thumb, 26 bytes, Stack size 8 bytes, rftimer.o(.text))
<BR><BR>[Stack]<UL><LI>Max Depth = 8<LI>Call Chain = rftimer_init
</UL>
<BR>[Calls]<UL><LI><a href="#[45]">&gt;&gt;</a>&nbsp;&nbsp;&nbsp;__aeabi_memclr4
</UL>
<BR>[Called By]<UL><LI><a href="#[33]">&gt;&gt;</a>&nbsp;&nbsp;&nbsp;initialize_mote
</UL>

<P><STRONG><a name="[37]"></a>rftimer_set_callback_by_id</STRONG> (Thumb, 8 bytes, Stack size 0 bytes, rftimer.o(.text))
<BR><BR>[Called By]<UL><LI><a href="#[89]">&gt;&gt;</a>&nbsp;&nbsp;&nbsp;rftimer_set_callback
<LI><a href="#[2d]">&gt;&gt;</a>&nbsp;&nbsp;&nbsp;main
</UL>

<P><STRONG><a name="[89]"></a>rftimer_set_callback</STRONG> (Thumb, 14 bytes, Stack size 8 bytes, rftimer.o(.text), UNUSED)
<BR><BR>[Calls]<UL><LI><a href="#[37]">&gt;&gt;</a>&nbsp;&nbsp;&nbsp;rftimer_set_callback_by_id
</UL>
<BR>[Called By]<UL><LI><a href="#[8c]">&gt;&gt;</a>&nbsp;&nbsp;&nbsp;receive_packet_length
<LI><a href="#[88]">&gt;&gt;</a>&nbsp;&nbsp;&nbsp;send_packet
</UL>

<P><STRONG><a name="[38]"></a>rftimer_enable_interrupts</STRONG> (Thumb, 8 bytes, Stack size 0 bytes, rftimer.o(.text))
<BR><BR>[Called By]<UL><LI><a href="#[b7]">&gt;&gt;</a>&nbsp;&nbsp;&nbsp;delay_milliseconds_asynchronous
<LI><a href="#[b5]">&gt;&gt;</a>&nbsp;&nbsp;&nbsp;rftimer_setCompareIn_by_id
<LI><a href="#[2d]">&gt;&gt;</a>&nbsp;&nbsp;&nbsp;main
</UL>

<P><STRONG><a name="[b4]"></a>rftimer_clear_interrupts_by_id</STRONG> (Thumb, 10 bytes, Stack size 0 bytes, rftimer.o(.text))
<BR><BR>[Called By]<UL><LI><a href="#[b6]">&gt;&gt;</a>&nbsp;&nbsp;&nbsp;rftimer_clear_interrupts
<LI><a href="#[39]">&gt;&gt;</a>&nbsp;&nbsp;&nbsp;rftimer_enable_interrupts_by_id
</UL>

<P><STRONG><a name="[39]"></a>rftimer_enable_interrupts_by_id</STRONG> (Thumb, 22 bytes, Stack size 4 bytes, rftimer.o(.text))
<BR><BR>[Stack]<UL><LI>Max Depth = 4<LI>Call Chain = rftimer_enable_interrupts_by_id
</UL>
<BR>[Calls]<UL><LI><a href="#[b4]">&gt;&gt;</a>&nbsp;&nbsp;&nbsp;rftimer_clear_interrupts_by_id
</UL>
<BR>[Called By]<UL><LI><a href="#[b7]">&gt;&gt;</a>&nbsp;&nbsp;&nbsp;delay_milliseconds_asynchronous
<LI><a href="#[b5]">&gt;&gt;</a>&nbsp;&nbsp;&nbsp;rftimer_setCompareIn_by_id
<LI><a href="#[2d]">&gt;&gt;</a>&nbsp;&nbsp;&nbsp;main
</UL>

<P><STRONG><a name="[b5]"></a>rftimer_setCompareIn_by_id</STRONG> (Thumb, 46 bytes, Stack size 12 bytes, rftimer.o(.text))
<BR><BR>[Stack]<UL><LI>Max Depth = 16<LI>Call Chain = rftimer_setCompareIn_by_id &rArr; rftimer_enable_interrupts_by_id
</UL>
<BR>[Calls]<UL><LI><a href="#[39]">&gt;&gt;</a>&nbsp;&nbsp;&nbsp;rftimer_enable_interrupts_by_id
<LI><a href="#[38]">&gt;&gt;</a>&nbsp;&nbsp;&nbsp;rftimer_enable_interrupts
</UL>
<BR>[Called By]<UL><LI><a href="#[b7]">&gt;&gt;</a>&nbsp;&nbsp;&nbsp;delay_milliseconds_asynchronous
<LI><a href="#[8b]">&gt;&gt;</a>&nbsp;&nbsp;&nbsp;rftimer_setCompareIn
</UL>

<P><STRONG><a name="[8b]"></a>rftimer_setCompareIn</STRONG> (Thumb, 14 bytes, Stack size 8 bytes, rftimer.o(.text), UNUSED)
<BR><BR>[Calls]<UL><LI><a href="#[b5]">&gt;&gt;</a>&nbsp;&nbsp;&nbsp;rftimer_setCompareIn_by_id
</UL>
<BR>[Called By]<UL><LI><a href="#[8c]">&gt;&gt;</a>&nbsp;&nbsp;&nbsp;receive_packet_length
<LI><a href="#[88]">&gt;&gt;</a>&nbsp;&nbsp;&nbsp;send_packet
</UL>

<P><STRONG><a name="[8a]"></a>rftimer_readCounter</STRONG> (Thumb, 8 bytes, Stack size 0 bytes, rftimer.o(.text))
<BR><BR>[Called By]<UL><LI><a href="#[b7]">&gt;&gt;</a>&nbsp;&nbsp;&nbsp;delay_milliseconds_asynchronous
<LI><a href="#[8c]">&gt;&gt;</a>&nbsp;&nbsp;&nbsp;receive_packet_length
<LI><a href="#[88]">&gt;&gt;</a>&nbsp;&nbsp;&nbsp;send_packet
</UL>

<P><STRONG><a name="[149]"></a>rftimer_disable_interrupts</STRONG> (Thumb, 10 bytes, Stack size 0 bytes, rftimer.o(.text), UNUSED)

<P><STRONG><a name="[14a]"></a>rftimer_disable_interrupts_by_id</STRONG> (Thumb, 12 bytes, Stack size 0 bytes, rftimer.o(.text), UNUSED)

<P><STRONG><a name="[b6]"></a>rftimer_clear_interrupts</STRONG> (Thumb, 10 bytes, Stack size 4 bytes, rftimer.o(.text), UNUSED)
<BR><BR>[Calls]<UL><LI><a href="#[b4]">&gt;&gt;</a>&nbsp;&nbsp;&nbsp;rftimer_clear_interrupts_by_id
</UL>

<P><STRONG><a name="[14b]"></a>rftimer_set_repeat</STRONG> (Thumb, 6 bytes, Stack size 0 bytes, rftimer.o(.text), UNUSED)

<P><STRONG><a name="[b7]"></a>delay_milliseconds_asynchronous</STRONG> (Thumb, 46 bytes, Stack size 20 bytes, rftimer.o(.text))
<BR><BR>[Stack]<UL><LI>Max Depth = 36<LI>Call Chain = delay_milliseconds_asynchronous &rArr; rftimer_setCompareIn_by_id &rArr; rftimer_enable_interrupts_by_id
</UL>
<BR>[Calls]<UL><LI><a href="#[b5]">&gt;&gt;</a>&nbsp;&nbsp;&nbsp;rftimer_setCompareIn_by_id
<LI><a href="#[8a]">&gt;&gt;</a>&nbsp;&nbsp;&nbsp;rftimer_readCounter
<LI><a href="#[39]">&gt;&gt;</a>&nbsp;&nbsp;&nbsp;rftimer_enable_interrupts_by_id
<LI><a href="#[38]">&gt;&gt;</a>&nbsp;&nbsp;&nbsp;rftimer_enable_interrupts
</UL>
<BR>[Called By]<UL><LI><a href="#[b9]">&gt;&gt;</a>&nbsp;&nbsp;&nbsp;handle_interrupt
<LI><a href="#[b8]">&gt;&gt;</a>&nbsp;&nbsp;&nbsp;delay_milliseconds_synchronous
</UL>

<P><STRONG><a name="[b8]"></a>delay_milliseconds_synchronous</STRONG> (Thumb, 32 bytes, Stack size 12 bytes, rftimer.o(.text), UNUSED)
<BR><BR>[Calls]<UL><LI><a href="#[b7]">&gt;&gt;</a>&nbsp;&nbsp;&nbsp;delay_milliseconds_asynchronous
</UL>

<P><STRONG><a name="[b9]"></a>handle_interrupt</STRONG> (Thumb, 60 bytes, Stack size 8 bytes, rftimer.o(.text))
<BR><BR>[Stack]<UL><LI>Max Depth = 136 + Unknown Stack Size
<LI>Call Chain = handle_interrupt &rArr; __2printf &rArr; _printf_char_file &rArr; _printf_char_common &rArr; __printf
</UL>
<BR>[Calls]<UL><LI><a href="#[34]">&gt;&gt;</a>&nbsp;&nbsp;&nbsp;__2printf
<LI><a href="#[b7]">&gt;&gt;</a>&nbsp;&nbsp;&nbsp;delay_milliseconds_asynchronous
</UL>
<BR>[Called By]<UL><LI><a href="#[61]">&gt;&gt;</a>&nbsp;&nbsp;&nbsp;rftimer_isr
</UL>

<P><STRONG><a name="[61]"></a>rftimer_isr</STRONG> (Thumb, 52 bytes, Stack size 16 bytes, rftimer.o(.text))
<BR><BR>[Stack]<UL><LI>Max Depth = 152 + Unknown Stack Size
<LI>Call Chain = rftimer_isr &rArr; handle_interrupt &rArr; __2printf &rArr; _printf_char_file &rArr; _printf_char_common &rArr; __printf
</UL>
<BR>[Calls]<UL><LI><a href="#[b9]">&gt;&gt;</a>&nbsp;&nbsp;&nbsp;handle_interrupt
<LI><a href="#[a7]">&gt;&gt;</a>&nbsp;&nbsp;&nbsp;gpio_2_set
<LI><a href="#[a9]">&gt;&gt;</a>&nbsp;&nbsp;&nbsp;gpio_2_clr
</UL>
<BR>[Called By]<UL><LI><a href="#[b]">&gt;&gt;</a>&nbsp;&nbsp;&nbsp;RFTIMER_Handler
</UL>

<P><STRONG><a name="[ba]"></a>scm3c_hw_interface_init</STRONG> (Thumb, 56 bytes, Stack size 8 bytes, scm3c_hw_interface.o(.text))
<BR><BR>[Stack]<UL><LI>Max Depth = 8<LI>Call Chain = scm3c_hw_interface_init
</UL>
<BR>[Calls]<UL><LI><a href="#[45]">&gt;&gt;</a>&nbsp;&nbsp;&nbsp;__aeabi_memclr4
<LI><a href="#[a5]">&gt;&gt;</a>&nbsp;&nbsp;&nbsp;__aeabi_memcpy4
</UL>
<BR>[Called By]<UL><LI><a href="#[33]">&gt;&gt;</a>&nbsp;&nbsp;&nbsp;initialize_mote
</UL>

<P><STRONG><a name="[72]"></a>scm3c_hw_interface_get_HF_CLOCK_fine</STRONG> (Thumb, 8 bytes, Stack size 0 bytes, scm3c_hw_interface.o(.text))
<BR><BR>[Called By]<UL><LI><a href="#[69]">&gt;&gt;</a>&nbsp;&nbsp;&nbsp;optical_sfd_isr
</UL>

<P><STRONG><a name="[73]"></a>scm3c_hw_interface_get_HF_CLOCK_coarse</STRONG> (Thumb, 8 bytes, Stack size 0 bytes, scm3c_hw_interface.o(.text))
<BR><BR>[Called By]<UL><LI><a href="#[69]">&gt;&gt;</a>&nbsp;&nbsp;&nbsp;optical_sfd_isr
</UL>

<P><STRONG><a name="[74]"></a>scm3c_hw_interface_get_RC2M_coarse</STRONG> (Thumb, 8 bytes, Stack size 0 bytes, scm3c_hw_interface.o(.text))
<BR><BR>[Called By]<UL><LI><a href="#[69]">&gt;&gt;</a>&nbsp;&nbsp;&nbsp;optical_sfd_isr
</UL>

<P><STRONG><a name="[75]"></a>scm3c_hw_interface_get_RC2M_fine</STRONG> (Thumb, 8 bytes, Stack size 0 bytes, scm3c_hw_interface.o(.text))
<BR><BR>[Called By]<UL><LI><a href="#[69]">&gt;&gt;</a>&nbsp;&nbsp;&nbsp;optical_sfd_isr
</UL>

<P><STRONG><a name="[76]"></a>scm3c_hw_interface_get_RC2M_superfine</STRONG> (Thumb, 8 bytes, Stack size 0 bytes, scm3c_hw_interface.o(.text))
<BR><BR>[Called By]<UL><LI><a href="#[69]">&gt;&gt;</a>&nbsp;&nbsp;&nbsp;optical_sfd_isr
</UL>

<P><STRONG><a name="[77]"></a>scm3c_hw_interface_get_IF_clk_target</STRONG> (Thumb, 8 bytes, Stack size 0 bytes, scm3c_hw_interface.o(.text))
<BR><BR>[Called By]<UL><LI><a href="#[69]">&gt;&gt;</a>&nbsp;&nbsp;&nbsp;optical_sfd_isr
</UL>

<P><STRONG><a name="[78]"></a>scm3c_hw_interface_get_IF_coarse</STRONG> (Thumb, 8 bytes, Stack size 0 bytes, scm3c_hw_interface.o(.text))
<BR><BR>[Called By]<UL><LI><a href="#[a0]">&gt;&gt;</a>&nbsp;&nbsp;&nbsp;radio_frequency_housekeeping
<LI><a href="#[69]">&gt;&gt;</a>&nbsp;&nbsp;&nbsp;optical_sfd_isr
</UL>

<P><STRONG><a name="[79]"></a>scm3c_hw_interface_get_IF_fine</STRONG> (Thumb, 8 bytes, Stack size 0 bytes, scm3c_hw_interface.o(.text))
<BR><BR>[Called By]<UL><LI><a href="#[a0]">&gt;&gt;</a>&nbsp;&nbsp;&nbsp;radio_frequency_housekeeping
<LI><a href="#[69]">&gt;&gt;</a>&nbsp;&nbsp;&nbsp;optical_sfd_isr
</UL>

<P><STRONG><a name="[7c]"></a>scm3c_hw_interface_set_HF_CLOCK_fine</STRONG> (Thumb, 8 bytes, Stack size 0 bytes, scm3c_hw_interface.o(.text))
<BR><BR>[Called By]<UL><LI><a href="#[69]">&gt;&gt;</a>&nbsp;&nbsp;&nbsp;optical_sfd_isr
</UL>

<P><STRONG><a name="[7b]"></a>scm3c_hw_interface_set_HF_CLOCK_coarse</STRONG> (Thumb, 8 bytes, Stack size 0 bytes, scm3c_hw_interface.o(.text))
<BR><BR>[Called By]<UL><LI><a href="#[69]">&gt;&gt;</a>&nbsp;&nbsp;&nbsp;optical_sfd_isr
</UL>

<P><STRONG><a name="[7f]"></a>scm3c_hw_interface_set_RC2M_coarse</STRONG> (Thumb, 8 bytes, Stack size 0 bytes, scm3c_hw_interface.o(.text))
<BR><BR>[Called By]<UL><LI><a href="#[69]">&gt;&gt;</a>&nbsp;&nbsp;&nbsp;optical_sfd_isr
</UL>

<P><STRONG><a name="[80]"></a>scm3c_hw_interface_set_RC2M_fine</STRONG> (Thumb, 8 bytes, Stack size 0 bytes, scm3c_hw_interface.o(.text))
<BR><BR>[Called By]<UL><LI><a href="#[69]">&gt;&gt;</a>&nbsp;&nbsp;&nbsp;optical_sfd_isr
</UL>

<P><STRONG><a name="[81]"></a>scm3c_hw_interface_set_RC2M_superfine</STRONG> (Thumb, 8 bytes, Stack size 0 bytes, scm3c_hw_interface.o(.text))
<BR><BR>[Called By]<UL><LI><a href="#[69]">&gt;&gt;</a>&nbsp;&nbsp;&nbsp;optical_sfd_isr
</UL>

<P><STRONG><a name="[14c]"></a>scm3c_hw_interface_set_IF_clk_target</STRONG> (Thumb, 8 bytes, Stack size 0 bytes, scm3c_hw_interface.o(.text), UNUSED)

<P><STRONG><a name="[83]"></a>scm3c_hw_interface_set_IF_coarse</STRONG> (Thumb, 8 bytes, Stack size 0 bytes, scm3c_hw_interface.o(.text))
<BR><BR>[Called By]<UL><LI><a href="#[a0]">&gt;&gt;</a>&nbsp;&nbsp;&nbsp;radio_frequency_housekeeping
<LI><a href="#[69]">&gt;&gt;</a>&nbsp;&nbsp;&nbsp;optical_sfd_isr
</UL>

<P><STRONG><a name="[84]"></a>scm3c_hw_interface_set_IF_fine</STRONG> (Thumb, 8 bytes, Stack size 0 bytes, scm3c_hw_interface.o(.text))
<BR><BR>[Called By]<UL><LI><a href="#[a0]">&gt;&gt;</a>&nbsp;&nbsp;&nbsp;radio_frequency_housekeeping
<LI><a href="#[69]">&gt;&gt;</a>&nbsp;&nbsp;&nbsp;optical_sfd_isr
</UL>

<P><STRONG><a name="[bb]"></a>scm3c_hw_interface_set_asc</STRONG> (Thumb, 16 bytes, Stack size 8 bytes, scm3c_hw_interface.o(.text), UNUSED)
<BR><BR>[Calls]<UL><LI><a href="#[a5]">&gt;&gt;</a>&nbsp;&nbsp;&nbsp;__aeabi_memcpy4
</UL>

<P><STRONG><a name="[bd]"></a>reverse</STRONG> (Thumb, 78 bytes, Stack size 0 bytes, scm3c_hw_interface.o(.text))
<BR><BR>[Called By]<UL><LI><a href="#[bc]">&gt;&gt;</a>&nbsp;&nbsp;&nbsp;crc32c
</UL>

<P><STRONG><a name="[bc]"></a>crc32c</STRONG> (Thumb, 68 bytes, Stack size 28 bytes, scm3c_hw_interface.o(.text))
<BR><BR>[Stack]<UL><LI>Max Depth = 28<LI>Call Chain = crc32c
</UL>
<BR>[Calls]<UL><LI><a href="#[bd]">&gt;&gt;</a>&nbsp;&nbsp;&nbsp;reverse
</UL>
<BR>[Called By]<UL><LI><a href="#[3c]">&gt;&gt;</a>&nbsp;&nbsp;&nbsp;crc_check
</UL>

<P><STRONG><a name="[3c]"></a>crc_check</STRONG> (Thumb, 54 bytes, Stack size 8 bytes, scm3c_hw_interface.o(.text))
<BR><BR>[Stack]<UL><LI>Max Depth = 136 + Unknown Stack Size
<LI>Call Chain = crc_check &rArr; __2printf &rArr; _printf_char_file &rArr; _printf_char_common &rArr; __printf
</UL>
<BR>[Calls]<UL><LI><a href="#[34]">&gt;&gt;</a>&nbsp;&nbsp;&nbsp;__2printf
<LI><a href="#[bc]">&gt;&gt;</a>&nbsp;&nbsp;&nbsp;crc32c
</UL>
<BR>[Called By]<UL><LI><a href="#[2d]">&gt;&gt;</a>&nbsp;&nbsp;&nbsp;main
</UL>

<P><STRONG><a name="[47]"></a>flipChar</STRONG> (Thumb, 48 bytes, Stack size 0 bytes, scm3c_hw_interface.o(.text))
<BR><BR>[Called By]<UL><LI><a href="#[46]">&gt;&gt;</a>&nbsp;&nbsp;&nbsp;ble_generate_packet
<LI><a href="#[40]">&gt;&gt;</a>&nbsp;&nbsp;&nbsp;LC_FREQCHANGE
</UL>

<P><STRONG><a name="[53]"></a>clear_asc_bit</STRONG> (Thumb, 32 bytes, Stack size 8 bytes, scm3c_hw_interface.o(.text))
<BR><BR>[Stack]<UL><LI>Max Depth = 8<LI>Call Chain = clear_asc_bit
</UL>
<BR>[Called By]<UL><LI><a href="#[ca]">&gt;&gt;</a>&nbsp;&nbsp;&nbsp;radio_init_rx_MF
<LI><a href="#[c9]">&gt;&gt;</a>&nbsp;&nbsp;&nbsp;set_IF_comparator_trim_Q
<LI><a href="#[c8]">&gt;&gt;</a>&nbsp;&nbsp;&nbsp;set_IF_comparator_trim_I
<LI><a href="#[c7]">&gt;&gt;</a>&nbsp;&nbsp;&nbsp;set_IF_ZCC_early
<LI><a href="#[c6]">&gt;&gt;</a>&nbsp;&nbsp;&nbsp;set_zcc_demod_threshold
<LI><a href="#[c5]">&gt;&gt;</a>&nbsp;&nbsp;&nbsp;set_ALWAYSON_LDO_voltage
<LI><a href="#[c4]">&gt;&gt;</a>&nbsp;&nbsp;&nbsp;set_AUX_LDO_voltage
<LI><a href="#[c3]">&gt;&gt;</a>&nbsp;&nbsp;&nbsp;set_VDDD_LDO_voltage
<LI><a href="#[c2]">&gt;&gt;</a>&nbsp;&nbsp;&nbsp;set_IF_LDO_voltage
<LI><a href="#[c0]">&gt;&gt;</a>&nbsp;&nbsp;&nbsp;init_ldo_control
<LI><a href="#[bf]">&gt;&gt;</a>&nbsp;&nbsp;&nbsp;GPI_enables
<LI><a href="#[be]">&gt;&gt;</a>&nbsp;&nbsp;&nbsp;GPO_enables
<LI><a href="#[ab]">&gt;&gt;</a>&nbsp;&nbsp;&nbsp;adc_set_asc_bit
<LI><a href="#[a6]">&gt;&gt;</a>&nbsp;&nbsp;&nbsp;radio_build_channel_table
<LI><a href="#[7a]">&gt;&gt;</a>&nbsp;&nbsp;&nbsp;set_sys_clk_secondary_freq
<LI><a href="#[82]">&gt;&gt;</a>&nbsp;&nbsp;&nbsp;set_IF_clock_frequency
<LI><a href="#[5a]">&gt;&gt;</a>&nbsp;&nbsp;&nbsp;set_IF_stg3gm_ASC
<LI><a href="#[59]">&gt;&gt;</a>&nbsp;&nbsp;&nbsp;set_IF_gain_ASC
<LI><a href="#[5b]">&gt;&gt;</a>&nbsp;&nbsp;&nbsp;set_IF_ZCC_clkdiv
<LI><a href="#[58]">&gt;&gt;</a>&nbsp;&nbsp;&nbsp;radio_init_rx_ZCC
<LI><a href="#[57]">&gt;&gt;</a>&nbsp;&nbsp;&nbsp;ble_init_rx
<LI><a href="#[33]">&gt;&gt;</a>&nbsp;&nbsp;&nbsp;initialize_mote
<LI><a href="#[36]">&gt;&gt;</a>&nbsp;&nbsp;&nbsp;ble_init_tx
<LI><a href="#[3f]">&gt;&gt;</a>&nbsp;&nbsp;&nbsp;GPO_control
<LI><a href="#[3e]">&gt;&gt;</a>&nbsp;&nbsp;&nbsp;GPI_control
</UL>

<P><STRONG><a name="[52]"></a>set_asc_bit</STRONG> (Thumb, 32 bytes, Stack size 8 bytes, scm3c_hw_interface.o(.text))
<BR><BR>[Stack]<UL><LI>Max Depth = 8<LI>Call Chain = set_asc_bit
</UL>
<BR>[Called By]<UL><LI><a href="#[cc]">&gt;&gt;</a>&nbsp;&nbsp;&nbsp;radio_init_divider
<LI><a href="#[cb]">&gt;&gt;</a>&nbsp;&nbsp;&nbsp;radio_init_tx
<LI><a href="#[ca]">&gt;&gt;</a>&nbsp;&nbsp;&nbsp;radio_init_rx_MF
<LI><a href="#[c9]">&gt;&gt;</a>&nbsp;&nbsp;&nbsp;set_IF_comparator_trim_Q
<LI><a href="#[c8]">&gt;&gt;</a>&nbsp;&nbsp;&nbsp;set_IF_comparator_trim_I
<LI><a href="#[c7]">&gt;&gt;</a>&nbsp;&nbsp;&nbsp;set_IF_ZCC_early
<LI><a href="#[c6]">&gt;&gt;</a>&nbsp;&nbsp;&nbsp;set_zcc_demod_threshold
<LI><a href="#[c5]">&gt;&gt;</a>&nbsp;&nbsp;&nbsp;set_ALWAYSON_LDO_voltage
<LI><a href="#[c4]">&gt;&gt;</a>&nbsp;&nbsp;&nbsp;set_AUX_LDO_voltage
<LI><a href="#[c3]">&gt;&gt;</a>&nbsp;&nbsp;&nbsp;set_VDDD_LDO_voltage
<LI><a href="#[c2]">&gt;&gt;</a>&nbsp;&nbsp;&nbsp;set_IF_LDO_voltage
<LI><a href="#[c0]">&gt;&gt;</a>&nbsp;&nbsp;&nbsp;init_ldo_control
<LI><a href="#[bf]">&gt;&gt;</a>&nbsp;&nbsp;&nbsp;GPI_enables
<LI><a href="#[be]">&gt;&gt;</a>&nbsp;&nbsp;&nbsp;GPO_enables
<LI><a href="#[ab]">&gt;&gt;</a>&nbsp;&nbsp;&nbsp;adc_set_asc_bit
<LI><a href="#[a6]">&gt;&gt;</a>&nbsp;&nbsp;&nbsp;radio_build_channel_table
<LI><a href="#[7a]">&gt;&gt;</a>&nbsp;&nbsp;&nbsp;set_sys_clk_secondary_freq
<LI><a href="#[82]">&gt;&gt;</a>&nbsp;&nbsp;&nbsp;set_IF_clock_frequency
<LI><a href="#[5a]">&gt;&gt;</a>&nbsp;&nbsp;&nbsp;set_IF_stg3gm_ASC
<LI><a href="#[59]">&gt;&gt;</a>&nbsp;&nbsp;&nbsp;set_IF_gain_ASC
<LI><a href="#[5b]">&gt;&gt;</a>&nbsp;&nbsp;&nbsp;set_IF_ZCC_clkdiv
<LI><a href="#[58]">&gt;&gt;</a>&nbsp;&nbsp;&nbsp;radio_init_rx_ZCC
<LI><a href="#[57]">&gt;&gt;</a>&nbsp;&nbsp;&nbsp;ble_init_rx
<LI><a href="#[33]">&gt;&gt;</a>&nbsp;&nbsp;&nbsp;initialize_mote
<LI><a href="#[36]">&gt;&gt;</a>&nbsp;&nbsp;&nbsp;ble_init_tx
<LI><a href="#[3f]">&gt;&gt;</a>&nbsp;&nbsp;&nbsp;GPO_control
<LI><a href="#[3e]">&gt;&gt;</a>&nbsp;&nbsp;&nbsp;GPI_control
</UL>

<P><STRONG><a name="[3f]"></a>GPO_control</STRONG> (Thumb, 170 bytes, Stack size 36 bytes, scm3c_hw_interface.o(.text))
<BR><BR>[Stack]<UL><LI>Max Depth = 44<LI>Call Chain = GPO_control &rArr; set_asc_bit
</UL>
<BR>[Calls]<UL><LI><a href="#[52]">&gt;&gt;</a>&nbsp;&nbsp;&nbsp;set_asc_bit
<LI><a href="#[53]">&gt;&gt;</a>&nbsp;&nbsp;&nbsp;clear_asc_bit
</UL>
<BR>[Called By]<UL><LI><a href="#[33]">&gt;&gt;</a>&nbsp;&nbsp;&nbsp;initialize_mote
<LI><a href="#[2d]">&gt;&gt;</a>&nbsp;&nbsp;&nbsp;main
</UL>

<P><STRONG><a name="[3e]"></a>GPI_control</STRONG> (Thumb, 182 bytes, Stack size 36 bytes, scm3c_hw_interface.o(.text))
<BR><BR>[Stack]<UL><LI>Max Depth = 44<LI>Call Chain = GPI_control &rArr; set_asc_bit
</UL>
<BR>[Calls]<UL><LI><a href="#[52]">&gt;&gt;</a>&nbsp;&nbsp;&nbsp;set_asc_bit
<LI><a href="#[53]">&gt;&gt;</a>&nbsp;&nbsp;&nbsp;clear_asc_bit
</UL>
<BR>[Called By]<UL><LI><a href="#[33]">&gt;&gt;</a>&nbsp;&nbsp;&nbsp;initialize_mote
<LI><a href="#[2d]">&gt;&gt;</a>&nbsp;&nbsp;&nbsp;main
</UL>

<P><STRONG><a name="[be]"></a>GPO_enables</STRONG> (Thumb, 64 bytes, Stack size 48 bytes, scm3c_hw_interface.o(.text))
<BR><BR>[Stack]<UL><LI>Max Depth = 56<LI>Call Chain = GPO_enables &rArr; set_asc_bit
</UL>
<BR>[Calls]<UL><LI><a href="#[a5]">&gt;&gt;</a>&nbsp;&nbsp;&nbsp;__aeabi_memcpy4
<LI><a href="#[52]">&gt;&gt;</a>&nbsp;&nbsp;&nbsp;set_asc_bit
<LI><a href="#[53]">&gt;&gt;</a>&nbsp;&nbsp;&nbsp;clear_asc_bit
</UL>
<BR>[Called By]<UL><LI><a href="#[33]">&gt;&gt;</a>&nbsp;&nbsp;&nbsp;initialize_mote
</UL>

<P><STRONG><a name="[bf]"></a>GPI_enables</STRONG> (Thumb, 236 bytes, Stack size 48 bytes, scm3c_hw_interface.o(.text))
<BR><BR>[Stack]<UL><LI>Max Depth = 56<LI>Call Chain = GPI_enables &rArr; set_asc_bit
</UL>
<BR>[Calls]<UL><LI><a href="#[a5]">&gt;&gt;</a>&nbsp;&nbsp;&nbsp;__aeabi_memcpy4
<LI><a href="#[52]">&gt;&gt;</a>&nbsp;&nbsp;&nbsp;set_asc_bit
<LI><a href="#[53]">&gt;&gt;</a>&nbsp;&nbsp;&nbsp;clear_asc_bit
</UL>
<BR>[Called By]<UL><LI><a href="#[33]">&gt;&gt;</a>&nbsp;&nbsp;&nbsp;initialize_mote
</UL>

<P><STRONG><a name="[c0]"></a>init_ldo_control</STRONG> (Thumb, 142 bytes, Stack size 4 bytes, scm3c_hw_interface.o(.text))
<BR><BR>[Stack]<UL><LI>Max Depth = 12<LI>Call Chain = init_ldo_control &rArr; set_asc_bit
</UL>
<BR>[Calls]<UL><LI><a href="#[52]">&gt;&gt;</a>&nbsp;&nbsp;&nbsp;set_asc_bit
<LI><a href="#[53]">&gt;&gt;</a>&nbsp;&nbsp;&nbsp;clear_asc_bit
</UL>
<BR>[Called By]<UL><LI><a href="#[33]">&gt;&gt;</a>&nbsp;&nbsp;&nbsp;initialize_mote
</UL>

<P><STRONG><a name="[c1]"></a>sram_test</STRONG> (Thumb, 412 bytes, Stack size 32 bytes, scm3c_hw_interface.o(.text), UNUSED)
<BR><BR>[Calls]<UL><LI><a href="#[34]">&gt;&gt;</a>&nbsp;&nbsp;&nbsp;__2printf
</UL>

<P><STRONG><a name="[c2]"></a>set_IF_LDO_voltage</STRONG> (Thumb, 50 bytes, Stack size 12 bytes, scm3c_hw_interface.o(.text))
<BR><BR>[Stack]<UL><LI>Max Depth = 20<LI>Call Chain = set_IF_LDO_voltage &rArr; set_asc_bit
</UL>
<BR>[Calls]<UL><LI><a href="#[52]">&gt;&gt;</a>&nbsp;&nbsp;&nbsp;set_asc_bit
<LI><a href="#[53]">&gt;&gt;</a>&nbsp;&nbsp;&nbsp;clear_asc_bit
</UL>
<BR>[Called By]<UL><LI><a href="#[ca]">&gt;&gt;</a>&nbsp;&nbsp;&nbsp;radio_init_rx_MF
<LI><a href="#[58]">&gt;&gt;</a>&nbsp;&nbsp;&nbsp;radio_init_rx_ZCC
</UL>

<P><STRONG><a name="[c3]"></a>set_VDDD_LDO_voltage</STRONG> (Thumb, 94 bytes, Stack size 12 bytes, scm3c_hw_interface.o(.text), UNUSED)
<BR><BR>[Calls]<UL><LI><a href="#[52]">&gt;&gt;</a>&nbsp;&nbsp;&nbsp;set_asc_bit
<LI><a href="#[53]">&gt;&gt;</a>&nbsp;&nbsp;&nbsp;clear_asc_bit
</UL>

<P><STRONG><a name="[c4]"></a>set_AUX_LDO_voltage</STRONG> (Thumb, 94 bytes, Stack size 12 bytes, scm3c_hw_interface.o(.text), UNUSED)
<BR><BR>[Calls]<UL><LI><a href="#[52]">&gt;&gt;</a>&nbsp;&nbsp;&nbsp;set_asc_bit
<LI><a href="#[53]">&gt;&gt;</a>&nbsp;&nbsp;&nbsp;clear_asc_bit
</UL>

<P><STRONG><a name="[c5]"></a>set_ALWAYSON_LDO_voltage</STRONG> (Thumb, 102 bytes, Stack size 12 bytes, scm3c_hw_interface.o(.text), UNUSED)
<BR><BR>[Calls]<UL><LI><a href="#[52]">&gt;&gt;</a>&nbsp;&nbsp;&nbsp;set_asc_bit
<LI><a href="#[53]">&gt;&gt;</a>&nbsp;&nbsp;&nbsp;clear_asc_bit
</UL>

<P><STRONG><a name="[c6]"></a>set_zcc_demod_threshold</STRONG> (Thumb, 46 bytes, Stack size 12 bytes, scm3c_hw_interface.o(.text), UNUSED)
<BR><BR>[Calls]<UL><LI><a href="#[52]">&gt;&gt;</a>&nbsp;&nbsp;&nbsp;set_asc_bit
<LI><a href="#[53]">&gt;&gt;</a>&nbsp;&nbsp;&nbsp;clear_asc_bit
</UL>
<BR>[Called By]<UL><LI><a href="#[58]">&gt;&gt;</a>&nbsp;&nbsp;&nbsp;radio_init_rx_ZCC
</UL>

<P><STRONG><a name="[5b]"></a>set_IF_ZCC_clkdiv</STRONG> (Thumb, 46 bytes, Stack size 12 bytes, scm3c_hw_interface.o(.text), UNUSED)
<BR><BR>[Calls]<UL><LI><a href="#[52]">&gt;&gt;</a>&nbsp;&nbsp;&nbsp;set_asc_bit
<LI><a href="#[53]">&gt;&gt;</a>&nbsp;&nbsp;&nbsp;clear_asc_bit
</UL>
<BR>[Called By]<UL><LI><a href="#[58]">&gt;&gt;</a>&nbsp;&nbsp;&nbsp;radio_init_rx_ZCC
<LI><a href="#[57]">&gt;&gt;</a>&nbsp;&nbsp;&nbsp;ble_init_rx
</UL>

<P><STRONG><a name="[c7]"></a>set_IF_ZCC_early</STRONG> (Thumb, 46 bytes, Stack size 12 bytes, scm3c_hw_interface.o(.text), UNUSED)
<BR><BR>[Calls]<UL><LI><a href="#[52]">&gt;&gt;</a>&nbsp;&nbsp;&nbsp;set_asc_bit
<LI><a href="#[53]">&gt;&gt;</a>&nbsp;&nbsp;&nbsp;clear_asc_bit
</UL>
<BR>[Called By]<UL><LI><a href="#[58]">&gt;&gt;</a>&nbsp;&nbsp;&nbsp;radio_init_rx_ZCC
</UL>

<P><STRONG><a name="[5a]"></a>set_IF_stg3gm_ASC</STRONG> (Thumb, 438 bytes, Stack size 16 bytes, scm3c_hw_interface.o(.text))
<BR><BR>[Stack]<UL><LI>Max Depth = 24<LI>Call Chain = set_IF_stg3gm_ASC &rArr; set_asc_bit
</UL>
<BR>[Calls]<UL><LI><a href="#[52]">&gt;&gt;</a>&nbsp;&nbsp;&nbsp;set_asc_bit
<LI><a href="#[53]">&gt;&gt;</a>&nbsp;&nbsp;&nbsp;clear_asc_bit
</UL>
<BR>[Called By]<UL><LI><a href="#[ca]">&gt;&gt;</a>&nbsp;&nbsp;&nbsp;radio_init_rx_MF
<LI><a href="#[57]">&gt;&gt;</a>&nbsp;&nbsp;&nbsp;ble_init_rx
</UL>

<P><STRONG><a name="[c8]"></a>set_IF_comparator_trim_I</STRONG> (Thumb, 96 bytes, Stack size 16 bytes, scm3c_hw_interface.o(.text))
<BR><BR>[Stack]<UL><LI>Max Depth = 24<LI>Call Chain = set_IF_comparator_trim_I &rArr; set_asc_bit
</UL>
[...]
<LI><a href="#[7a]">&gt;&gt;</a>&nbsp;&nbsp;&nbsp;set_sys_clk_secondary_freq
<LI><a href="#[82]">&gt;&gt;</a>&nbsp;&nbsp;&nbsp;set_IF_clock_frequency
<LI><a href="#[7e]">&gt;&gt;</a>&nbsp;&nbsp;&nbsp;set_2M_RC_frequency
<LI><a href="#[7d]">&gt;&gt;</a>&nbsp;&nbsp;&nbsp;LC_monotonic
<LI><a href="#[6e]">&gt;&gt;</a>&nbsp;&nbsp;&nbsp;optical_init
<LI><a href="#[52]">&gt;&gt;</a>&nbsp;&nbsp;&nbsp;set_asc_bit
<LI><a href="#[53]">&gt;&gt;</a>&nbsp;&nbsp;&nbsp;clear_asc_bit
<LI><a href="#[3a]">&gt;&gt;</a>&nbsp;&nbsp;&nbsp;analog_scan_chain_write
<LI><a href="#[3b]">&gt;&gt;</a>&nbsp;&nbsp;&nbsp;analog_scan_chain_load
<LI><a href="#[3f]">&gt;&gt;</a>&nbsp;&nbsp;&nbsp;GPO_control
<LI><a href="#[3e]">&gt;&gt;</a>&nbsp;&nbsp;&nbsp;GPI_control
</UL>
<BR>[Called By]<UL><LI><a href="#[2d]">&gt;&gt;</a>&nbsp;&nbsp;&nbsp;main
</UL>

<P><STRONG><a name="[d1]"></a>estimate_temperature_2M_32k</STRONG> (Thumb, 70 bytes, Stack size 24 bytes, scm3c_hw_interface.o(.text), UNUSED)
<BR><BR>[Calls]<UL><LI><a href="#[a3]">&gt;&gt;</a>&nbsp;&nbsp;&nbsp;__aeabi_uidivmod
</UL>

<P><STRONG><a name="[d2]"></a>initialize_2M_DAC</STRONG> (Thumb, 30 bytes, Stack size 12 bytes, scm3c_hw_interface.o(.text), UNUSED)
<BR><BR>[Calls]<UL><LI><a href="#[7e]">&gt;&gt;</a>&nbsp;&nbsp;&nbsp;set_2M_RC_frequency
</UL>

<P><STRONG><a name="[14e]"></a>read_counters</STRONG> (Thumb, 66 bytes, Stack size 16 bytes, scm3c_hw_interface.o(.text), UNUSED)

<P><STRONG><a name="[14f]"></a>update_PN31_byte</STRONG> (Thumb, 36 bytes, Stack size 8 bytes, scm3c_hw_interface.o(.text), UNUSED)

<P><STRONG><a name="[150]"></a>disable_polyphase_ASC</STRONG> (Thumb, 20 bytes, Stack size 0 bytes, scm3c_hw_interface.o(.text), UNUSED)

<P><STRONG><a name="[151]"></a>enable_polyphase_ASC</STRONG> (Thumb, 20 bytes, Stack size 0 bytes, scm3c_hw_interface.o(.text), UNUSED)

<P><STRONG><a name="[152]"></a>disable_div_power_ASC</STRONG> (Thumb, 20 bytes, Stack size 0 bytes, scm3c_hw_interface.o(.text), UNUSED)

<P><STRONG><a name="[153]"></a>enable_div_power_ASC</STRONG> (Thumb, 20 bytes, Stack size 0 bytes, scm3c_hw_interface.o(.text), UNUSED)

<P><STRONG><a name="[154]"></a>ext_clk_ble_ASC</STRONG> (Thumb, 16 bytes, Stack size 0 bytes, scm3c_hw_interface.o(.text), UNUSED)

<P><STRONG><a name="[155]"></a>int_clk_ble_ASC</STRONG> (Thumb, 16 bytes, Stack size 0 bytes, scm3c_hw_interface.o(.text), UNUSED)

<P><STRONG><a name="[156]"></a>enable_1mhz_ble_ASC</STRONG> (Thumb, 16 bytes, Stack size 0 bytes, scm3c_hw_interface.o(.text), UNUSED)

<P><STRONG><a name="[157]"></a>disable_1mhz_ble_ASC</STRONG> (Thumb, 16 bytes, Stack size 0 bytes, scm3c_hw_interface.o(.text), UNUSED)

<P><STRONG><a name="[158]"></a>__use_no_semihosting</STRONG> (Thumb, 2 bytes, Stack size 0 bytes, use_no_semi_2.o(.text), UNUSED)

<P><STRONG><a name="[34]"></a>__2printf</STRONG> (Thumb, 22 bytes, Stack size 24 bytes, noretval__2printf.o(.text))
<BR><BR>[Stack]<UL><LI>Max Depth = 128 + Unknown Stack Size
<LI>Call Chain = __2printf &rArr; _printf_char_file &rArr; _printf_char_common &rArr; __printf
</UL>
<BR>[Calls]<UL><LI><a href="#[d3]">&gt;&gt;</a>&nbsp;&nbsp;&nbsp;_printf_char_file
</UL>
<BR>[Called By]<UL><LI><a href="#[c1]">&gt;&gt;</a>&nbsp;&nbsp;&nbsp;sram_test
<LI><a href="#[b9]">&gt;&gt;</a>&nbsp;&nbsp;&nbsp;handle_interrupt
<LI><a href="#[b2]">&gt;&gt;</a>&nbsp;&nbsp;&nbsp;adc_disable_interrupt
<LI><a href="#[b1]">&gt;&gt;</a>&nbsp;&nbsp;&nbsp;adc_enable_interrupt
<LI><a href="#[19]">&gt;&gt;</a>&nbsp;&nbsp;&nbsp;default_radio_rx_cb
<LI><a href="#[96]">&gt;&gt;</a>&nbsp;&nbsp;&nbsp;repeat_rx_tx
<LI><a href="#[32]">&gt;&gt;</a>&nbsp;&nbsp;&nbsp;_sys_exit
<LI><a href="#[5e]">&gt;&gt;</a>&nbsp;&nbsp;&nbsp;uart_rx_isr
<LI><a href="#[67]">&gt;&gt;</a>&nbsp;&nbsp;&nbsp;rawchips_32_isr
<LI><a href="#[69]">&gt;&gt;</a>&nbsp;&nbsp;&nbsp;optical_sfd_isr
<LI><a href="#[64]">&gt;&gt;</a>&nbsp;&nbsp;&nbsp;ext_gpio9_activelow_isr
<LI><a href="#[62]">&gt;&gt;</a>&nbsp;&nbsp;&nbsp;ext_gpio3_activehigh_debounced_isr
<LI><a href="#[65]">&gt;&gt;</a>&nbsp;&nbsp;&nbsp;ext_gpio10_activelow_isr
<LI><a href="#[5f]">&gt;&gt;</a>&nbsp;&nbsp;&nbsp;adc_isr
<LI><a href="#[3d]">&gt;&gt;</a>&nbsp;&nbsp;&nbsp;perform_calibration
<LI><a href="#[3c]">&gt;&gt;</a>&nbsp;&nbsp;&nbsp;crc_check
<LI><a href="#[2d]">&gt;&gt;</a>&nbsp;&nbsp;&nbsp;main
</UL>

<P><STRONG><a name="[d4]"></a>__printf</STRONG> (Thumb, 108 bytes, Stack size 24 bytes, __printf.o(.text))
<BR><BR>[Stack]<UL><LI>Max Depth = 24 + Unknown Stack Size
<LI>Call Chain = __printf
</UL>
<BR>[Calls]<UL><LI><a href="#[d5]">&gt;&gt;</a>&nbsp;&nbsp;&nbsp;_printf_percent
</UL>
<BR>[Called By]<UL><LI><a href="#[e4]">&gt;&gt;</a>&nbsp;&nbsp;&nbsp;_printf_char_common
</UL>

<P><STRONG><a name="[25]"></a>_printf_int_dec</STRONG> (Thumb, 90 bytes, Stack size 32 bytes, _printf_dec.o(.text))
<BR><BR>[Stack]<UL><LI>Max Depth = 72<LI>Call Chain = _printf_int_dec &rArr; _printf_int_common
</UL>
<BR>[Calls]<UL><LI><a href="#[d8]">&gt;&gt;</a>&nbsp;&nbsp;&nbsp;__rt_udiv10
<LI><a href="#[d9]">&gt;&gt;</a>&nbsp;&nbsp;&nbsp;_printf_int_common
<LI><a href="#[d7]">&gt;&gt;</a>&nbsp;&nbsp;&nbsp;_printf_truncate_unsigned (Weak Reference)
<LI><a href="#[d6]">&gt;&gt;</a>&nbsp;&nbsp;&nbsp;_printf_truncate_signed (Weak Reference)
</UL>
<BR>[Called By]<UL><LI><a href="#[23]">&gt;&gt;</a>&nbsp;&nbsp;&nbsp;_printf_d
</UL>

<P><STRONG><a name="[27]"></a>_printf_int_hex</STRONG> (Thumb, 84 bytes, Stack size 16 bytes, _printf_hex_int.o(.text))
<BR><BR>[Stack]<UL><LI>Max Depth = 56<LI>Call Chain = _printf_int_hex &rArr; _printf_int_common
</UL>
<BR>[Calls]<UL><LI><a href="#[d9]">&gt;&gt;</a>&nbsp;&nbsp;&nbsp;_printf_int_common
<LI><a href="#[d7]">&gt;&gt;</a>&nbsp;&nbsp;&nbsp;_printf_truncate_unsigned (Weak Reference)
</UL>
<BR>[Called By]<UL><LI><a href="#[24]">&gt;&gt;</a>&nbsp;&nbsp;&nbsp;_printf_x
</UL>

<P><STRONG><a name="[159]"></a>_printf_longlong_hex</STRONG> (Thumb, 0 bytes, Stack size 16 bytes, _printf_hex_int.o(.text), UNUSED)

<P><STRONG><a name="[4b]"></a>__aeabi_memcpy</STRONG> (Thumb, 130 bytes, Stack size 24 bytes, rt_memcpy.o(.text))
<BR><BR>[Stack]<UL><LI>Max Depth = 24<LI>Call Chain = __aeabi_memcpy
</UL>
<BR>[Calls]<UL><LI><a href="#[a5]">&gt;&gt;</a>&nbsp;&nbsp;&nbsp;__aeabi_memcpy4
</UL>
<BR>[Called By]<UL><LI><a href="#[90]">&gt;&gt;</a>&nbsp;&nbsp;&nbsp;radio_getReceivedFrame
<LI><a href="#[85]">&gt;&gt;</a>&nbsp;&nbsp;&nbsp;radio_loadPacket
<LI><a href="#[51]">&gt;&gt;</a>&nbsp;&nbsp;&nbsp;ble_set_data
<LI><a href="#[50]">&gt;&gt;</a>&nbsp;&nbsp;&nbsp;ble_set_tuning_code
<LI><a href="#[4f]">&gt;&gt;</a>&nbsp;&nbsp;&nbsp;ble_set_name
<LI><a href="#[4e]">&gt;&gt;</a>&nbsp;&nbsp;&nbsp;ble_set_advertiser_address
<LI><a href="#[46]">&gt;&gt;</a>&nbsp;&nbsp;&nbsp;ble_generate_packet
</UL>

<P><STRONG><a name="[15a]"></a>__rt_memcpy</STRONG> (Thumb, 0 bytes, Stack size 24 bytes, rt_memcpy.o(.text), UNUSED)

<P><STRONG><a name="[db]"></a>_memset_w</STRONG> (Thumb, 26 bytes, Stack size 0 bytes, rt_memclr.o(.text))
<BR><BR>[Called By]<UL><LI><a href="#[dc]">&gt;&gt;</a>&nbsp;&nbsp;&nbsp;__rt_memclr_w
<LI><a href="#[da]">&gt;&gt;</a>&nbsp;&nbsp;&nbsp;_memset
</UL>

<P><STRONG><a name="[da]"></a>_memset</STRONG> (Thumb, 30 bytes, Stack size 0 bytes, rt_memclr.o(.text))
<BR><BR>[Calls]<UL><LI><a href="#[db]">&gt;&gt;</a>&nbsp;&nbsp;&nbsp;_memset_w
</UL>
<BR>[Called By]<UL><LI><a href="#[93]">&gt;&gt;</a>&nbsp;&nbsp;&nbsp;__aeabi_memclr
</UL>

<P><STRONG><a name="[93]"></a>__aeabi_memclr</STRONG> (Thumb, 4 bytes, Stack size 0 bytes, rt_memclr.o(.text))
<BR><BR>[Calls]<UL><LI><a href="#[da]">&gt;&gt;</a>&nbsp;&nbsp;&nbsp;_memset
</UL>
<BR>[Called By]<UL><LI><a href="#[18]">&gt;&gt;</a>&nbsp;&nbsp;&nbsp;cb_endFrame_rx_radio
</UL>

<P><STRONG><a name="[15b]"></a>__rt_memclr</STRONG> (Thumb, 0 bytes, Stack size 0 bytes, rt_memclr.o(.text), UNUSED)

<P><STRONG><a name="[45]"></a>__aeabi_memclr4</STRONG> (Thumb, 0 bytes, Stack size 0 bytes, rt_memclr.o(.text))
<BR><BR>[Called By]<UL><LI><a href="#[ba]">&gt;&gt;</a>&nbsp;&nbsp;&nbsp;scm3c_hw_interface_init
<LI><a href="#[b3]">&gt;&gt;</a>&nbsp;&nbsp;&nbsp;rftimer_init
<LI><a href="#[a4]">&gt;&gt;</a>&nbsp;&nbsp;&nbsp;build_TX_channel_table
<LI><a href="#[a2]">&gt;&gt;</a>&nbsp;&nbsp;&nbsp;build_RX_channel_table
<LI><a href="#[97]">&gt;&gt;</a>&nbsp;&nbsp;&nbsp;radio_init
<LI><a href="#[6e]">&gt;&gt;</a>&nbsp;&nbsp;&nbsp;optical_init
<LI><a href="#[4d]">&gt;&gt;</a>&nbsp;&nbsp;&nbsp;ble_gen_test_packet
<LI><a href="#[4c]">&gt;&gt;</a>&nbsp;&nbsp;&nbsp;ble_scan_rsp_packet
<LI><a href="#[46]">&gt;&gt;</a>&nbsp;&nbsp;&nbsp;ble_generate_packet
<LI><a href="#[35]">&gt;&gt;</a>&nbsp;&nbsp;&nbsp;ble_init
<LI><a href="#[41]">&gt;&gt;</a>&nbsp;&nbsp;&nbsp;ble_adv_packet
</UL>

<P><STRONG><a name="[15c]"></a>__aeabi_memclr8</STRONG> (Thumb, 0 bytes, Stack size 0 bytes, rt_memclr.o(.text), UNUSED)

<P><STRONG><a name="[dc]"></a>__rt_memclr_w</STRONG> (Thumb, 4 bytes, Stack size 0 bytes, rt_memclr.o(.text), UNUSED)
<BR><BR>[Calls]<UL><LI><a href="#[db]">&gt;&gt;</a>&nbsp;&nbsp;&nbsp;_memset_w
</UL>

<P><STRONG><a name="[15d]"></a>__aeabi_uidiv</STRONG> (Thumb, 0 bytes, Stack size 0 bytes, aeabi_sdiv.o(.text), UNUSED)

<P><STRONG><a name="[a3]"></a>__aeabi_uidivmod</STRONG> (Thumb, 20 bytes, Stack size 0 bytes, aeabi_sdiv.o(.text), UNUSED)
<BR><BR>[Called By]<UL><LI><a href="#[d1]">&gt;&gt;</a>&nbsp;&nbsp;&nbsp;estimate_temperature_2M_32k
<LI><a href="#[a4]">&gt;&gt;</a>&nbsp;&nbsp;&nbsp;build_TX_channel_table
<LI><a href="#[a2]">&gt;&gt;</a>&nbsp;&nbsp;&nbsp;build_RX_channel_table
</UL>

<P><STRONG><a name="[15e]"></a>__aeabi_idiv</STRONG> (Thumb, 0 bytes, Stack size 8 bytes, aeabi_sdiv.o(.text), UNUSED)

<P><STRONG><a name="[a1]"></a>__aeabi_idivmod</STRONG> (Thumb, 326 bytes, Stack size 8 bytes, aeabi_sdiv.o(.text))
<BR><BR>[Stack]<UL><LI>Max Depth = 8<LI>Call Chain = __aeabi_idivmod
</UL>
<BR>[Called By]<UL><LI><a href="#[a0]">&gt;&gt;</a>&nbsp;&nbsp;&nbsp;radio_frequency_housekeeping
<LI><a href="#[7d]">&gt;&gt;</a>&nbsp;&nbsp;&nbsp;LC_monotonic
</UL>

<P><STRONG><a name="[15f]"></a>__use_two_region_memory</STRONG> (Thumb, 2 bytes, Stack size 0 bytes, heapauxi.o(.text), UNUSED)

<P><STRONG><a name="[160]"></a>__rt_heap_escrow$2region</STRONG> (Thumb, 2 bytes, Stack size 0 bytes, heapauxi.o(.text), UNUSED)

<P><STRONG><a name="[161]"></a>__rt_heap_expand$2region</STRONG> (Thumb, 2 bytes, Stack size 0 bytes, heapauxi.o(.text), UNUSED)

<P><STRONG><a name="[48]"></a>__aeabi_dadd</STRONG> (Thumb, 0 bytes, Stack size 8 bytes, daddsub.o(.text), UNUSED)
<BR><BR>[Called By]<UL><LI><a href="#[46]">&gt;&gt;</a>&nbsp;&nbsp;&nbsp;ble_generate_packet
</UL>

<P><STRONG><a name="[dd]"></a>_dadd</STRONG> (Thumb, 26 bytes, Stack size 8 bytes, daddsub.o(.text), UNUSED)
<BR><BR>[Calls]<UL><LI><a href="#[de]">&gt;&gt;</a>&nbsp;&nbsp;&nbsp;_dsub1
<LI><a href="#[df]">&gt;&gt;</a>&nbsp;&nbsp;&nbsp;_dadd1
</UL>

<P><STRONG><a name="[162]"></a>__aeabi_dsub</STRONG> (Thumb, 0 bytes, Stack size 8 bytes, daddsub.o(.text), UNUSED)

<P><STRONG><a name="[e0]"></a>_dsub</STRONG> (Thumb, 22 bytes, Stack size 8 bytes, daddsub.o(.text), UNUSED)
<BR><BR>[Calls]<UL><LI><a href="#[de]">&gt;&gt;</a>&nbsp;&nbsp;&nbsp;_dsub1
<LI><a href="#[df]">&gt;&gt;</a>&nbsp;&nbsp;&nbsp;_dadd1
</UL>

<P><STRONG><a name="[163]"></a>__aeabi_drsub</STRONG> (Thumb, 0 bytes, Stack size 16 bytes, daddsub.o(.text), UNUSED)

<P><STRONG><a name="[e1]"></a>_drsb</STRONG> (Thumb, 28 bytes, Stack size 16 bytes, daddsub.o(.text), UNUSED)
<BR><BR>[Calls]<UL><LI><a href="#[de]">&gt;&gt;</a>&nbsp;&nbsp;&nbsp;_dsub1
<LI><a href="#[df]">&gt;&gt;</a>&nbsp;&nbsp;&nbsp;_dadd1
</UL>

<P><STRONG><a name="[4a]"></a>__aeabi_d2iz</STRONG> (Thumb, 0 bytes, Stack size 12 bytes, dfixi.o(.text), UNUSED)
<BR><BR>[Called By]<UL><LI><a href="#[46]">&gt;&gt;</a>&nbsp;&nbsp;&nbsp;ble_generate_packet
</UL>

<P><STRONG><a name="[164]"></a>_dfix</STRONG> (Thumb, 98 bytes, Stack size 12 bytes, dfixi.o(.text), UNUSED)

<P><STRONG><a name="[49]"></a>__aeabi_dmul</STRONG> (Thumb, 0 bytes, Stack size 56 bytes, dmul.o(.text), UNUSED)
<BR><BR>[Called By]<UL><LI><a href="#[46]">&gt;&gt;</a>&nbsp;&nbsp;&nbsp;ble_generate_packet
</UL>

<P><STRONG><a name="[165]"></a>_dmul</STRONG> (Thumb, 558 bytes, Stack size 56 bytes, dmul.o(.text), UNUSED)

<P><STRONG><a name="[166]"></a>__I$use$semihosting</STRONG> (Thumb, 0 bytes, Stack size 0 bytes, use_no_semi.o(.text), UNUSED)

<P><STRONG><a name="[167]"></a>__use_no_semihosting_swi</STRONG> (Thumb, 2 bytes, Stack size 0 bytes, use_no_semi.o(.text), UNUSED)

<P><STRONG><a name="[d9]"></a>_printf_int_common</STRONG> (Thumb, 176 bytes, Stack size 40 bytes, _printf_intcommon.o(.text))
<BR><BR>[Stack]<UL><LI>Max Depth = 40<LI>Call Chain = _printf_int_common
</UL>
<BR>[Calls]<UL><LI><a href="#[e2]">&gt;&gt;</a>&nbsp;&nbsp;&nbsp;_printf_pre_padding (Weak Reference)
<LI><a href="#[e3]">&gt;&gt;</a>&nbsp;&nbsp;&nbsp;_printf_post_padding (Weak Reference)
</UL>
<BR>[Called By]<UL><LI><a href="#[27]">&gt;&gt;</a>&nbsp;&nbsp;&nbsp;_printf_int_hex
<LI><a href="#[25]">&gt;&gt;</a>&nbsp;&nbsp;&nbsp;_printf_int_dec
</UL>

<P><STRONG><a name="[d3]"></a>_printf_char_file</STRONG> (Thumb, 34 bytes, Stack size 16 bytes, _printf_char_file.o(.text))
<BR><BR>[Stack]<UL><LI>Max Depth = 104 + Unknown Stack Size
<LI>Call Chain = _printf_char_file &rArr; _printf_char_common &rArr; __printf
</UL>
<BR>[Calls]<UL><LI><a href="#[e4]">&gt;&gt;</a>&nbsp;&nbsp;&nbsp;_printf_char_common
<LI><a href="#[e5]">&gt;&gt;</a>&nbsp;&nbsp;&nbsp;ferror
</UL>
<BR>[Called By]<UL><LI><a href="#[34]">&gt;&gt;</a>&nbsp;&nbsp;&nbsp;__2printf
</UL>

<P><STRONG><a name="[d8]"></a>__rt_udiv10</STRONG> (Thumb, 40 bytes, Stack size 0 bytes, rtudiv10.o(.text))
<BR><BR>[Called By]<UL><LI><a href="#[25]">&gt;&gt;</a>&nbsp;&nbsp;&nbsp;_printf_int_dec
</UL>

<P><STRONG><a name="[e4]"></a>_printf_char_common</STRONG> (Thumb, 32 bytes, Stack size 64 bytes, _printf_char_common.o(.text))
<BR><BR>[Stack]<UL><LI>Max Depth = 88 + Unknown Stack Size
<LI>Call Chain = _printf_char_common &rArr; __printf
</UL>
<BR>[Calls]<UL><LI><a href="#[d4]">&gt;&gt;</a>&nbsp;&nbsp;&nbsp;__printf
</UL>
<BR>[Called By]<UL><LI><a href="#[d3]">&gt;&gt;</a>&nbsp;&nbsp;&nbsp;_printf_char_file
</UL>

<P><STRONG><a name="[29]"></a>__user_setup_stackheap</STRONG> (Thumb, 62 bytes, Stack size 8 bytes, sys_stackheap_outer.o(.text))
<BR><BR>[Stack]<UL><LI>Max Depth = 8 + Unknown Stack Size
<LI>Call Chain = __user_setup_stackheap
</UL>
<BR>[Calls]<UL><LI><a href="#[e6]">&gt;&gt;</a>&nbsp;&nbsp;&nbsp;__user_perproc_libspace
<LI><a href="#[1e]">&gt;&gt;</a>&nbsp;&nbsp;&nbsp;__user_initial_stackheap
</UL>
<BR>[Called By]<UL><LI><a href="#[28]">&gt;&gt;</a>&nbsp;&nbsp;&nbsp;__rt_entry_sh
</UL>

<P><STRONG><a name="[2e]"></a>exit</STRONG> (Thumb, 16 bytes, Stack size 8 bytes, exit.o(.text))
<BR><BR>[Stack]<UL><LI>Max Depth = 8 + Unknown Stack Size
<LI>Call Chain = exit
</UL>
<BR>[Calls]<UL><LI><a href="#[e8]">&gt;&gt;</a>&nbsp;&nbsp;&nbsp;__rt_exit
<LI><a href="#[e7]">&gt;&gt;</a>&nbsp;&nbsp;&nbsp;_call_atexit_fns (Weak Reference)
</UL>
<BR>[Called By]<UL><LI><a href="#[2c]">&gt;&gt;</a>&nbsp;&nbsp;&nbsp;__rt_entry_main
</UL>

<P><STRONG><a name="[168]"></a>__user_libspace</STRONG> (Thumb, 8 bytes, Stack size 0 bytes, libspace.o(.text), UNUSED)

<P><STRONG><a name="[e6]"></a>__user_perproc_libspace</STRONG> (Thumb, 0 bytes, Stack size 0 bytes, libspace.o(.text))
<BR><BR>[Called By]<UL><LI><a href="#[29]">&gt;&gt;</a>&nbsp;&nbsp;&nbsp;__user_setup_stackheap
</UL>

<P><STRONG><a name="[169]"></a>__user_perthread_libspace</STRONG> (Thumb, 0 bytes, Stack size 0 bytes, libspace.o(.text), UNUSED)
<P>
<H3>
Local Symbols
</H3>
<P><STRONG><a name="[12]"></a>ble_tx_rftimer_callback</STRONG> (Thumb, 8 bytes, Stack size 0 bytes, ble_tx.o(.text))
<BR>[Address Reference Count : 1]<UL><LI> ble_tx.o(.text)
</UL>
<P><STRONG><a name="[5c]"></a>ble_load_tx_arb_fifo</STRONG> (Thumb, 110 bytes, Stack size 16 bytes, ble.o(.text))
<BR><BR>[Stack]<UL><LI>Max Depth = 16<LI>Call Chain = ble_load_tx_arb_fifo
</UL>
<BR>[Called By]<UL><LI><a href="#[42]">&gt;&gt;</a>&nbsp;&nbsp;&nbsp;ble_transmit
</UL>

<P><STRONG><a name="[ab]"></a>adc_set_asc_bit</STRONG> (Thumb, 30 bytes, Stack size 16 bytes, adc.o(.text), UNUSED)
<BR><BR>[Calls]<UL><LI><a href="#[52]">&gt;&gt;</a>&nbsp;&nbsp;&nbsp;set_asc_bit
<LI><a href="#[53]">&gt;&gt;</a>&nbsp;&nbsp;&nbsp;clear_asc_bit
</UL>
<BR>[Called By]<UL><LI><a href="#[b0]">&gt;&gt;</a>&nbsp;&nbsp;&nbsp;adc_config
<LI><a href="#[af]">&gt;&gt;</a>&nbsp;&nbsp;&nbsp;adc_set_const_gm_tuning_code_asc_bits
<LI><a href="#[ae]">&gt;&gt;</a>&nbsp;&nbsp;&nbsp;adc_set_bandgap_refernce_tuning_code_asc_bits
<LI><a href="#[ad]">&gt;&gt;</a>&nbsp;&nbsp;&nbsp;adc_set_settling_time_asc_bits
<LI><a href="#[ac]">&gt;&gt;</a>&nbsp;&nbsp;&nbsp;adc_set_pga_gain_asc_bits
</UL>

<P><STRONG><a name="[ac]"></a>adc_set_pga_gain_asc_bits</STRONG> (Thumb, 100 bytes, Stack size 8 bytes, adc.o(.text), UNUSED)
<BR><BR>[Calls]<UL><LI><a href="#[ab]">&gt;&gt;</a>&nbsp;&nbsp;&nbsp;adc_set_asc_bit
</UL>
<BR>[Called By]<UL><LI><a href="#[b0]">&gt;&gt;</a>&nbsp;&nbsp;&nbsp;adc_config
</UL>

<P><STRONG><a name="[ad]"></a>adc_set_settling_time_asc_bits</STRONG> (Thumb, 102 bytes, Stack size 8 bytes, adc.o(.text), UNUSED)
<BR><BR>[Calls]<UL><LI><a href="#[ab]">&gt;&gt;</a>&nbsp;&nbsp;&nbsp;adc_set_asc_bit
</UL>
<BR>[Called By]<UL><LI><a href="#[b0]">&gt;&gt;</a>&nbsp;&nbsp;&nbsp;adc_config
</UL>

<P><STRONG><a name="[ae]"></a>adc_set_bandgap_refernce_tuning_code_asc_bits</STRONG> (Thumb, 90 bytes, Stack size 8 bytes, adc.o(.text), UNUSED)
<BR><BR>[Calls]<UL><LI><a href="#[ab]">&gt;&gt;</a>&nbsp;&nbsp;&nbsp;adc_set_asc_bit
</UL>
<BR>[Called By]<UL><LI><a href="#[b0]">&gt;&gt;</a>&nbsp;&nbsp;&nbsp;adc_config
</UL>

<P><STRONG><a name="[af]"></a>adc_set_const_gm_tuning_code_asc_bits</STRONG> (Thumb, 102 bytes, Stack size 8 bytes, adc.o(.text), UNUSED)
<BR><BR>[Calls]<UL><LI><a href="#[ab]">&gt;&gt;</a>&nbsp;&nbsp;&nbsp;adc_set_asc_bit
</UL>
<BR>[Called By]<UL><LI><a href="#[b0]">&gt;&gt;</a>&nbsp;&nbsp;&nbsp;adc_config
</UL>

<P><STRONG><a name="[df]"></a>_dadd1</STRONG> (Thumb, 290 bytes, Stack size 20 bytes, daddsub.o(.text), UNUSED)
<BR><BR>[Called By]<UL><LI><a href="#[e1]">&gt;&gt;</a>&nbsp;&nbsp;&nbsp;_drsb
<LI><a href="#[e0]">&gt;&gt;</a>&nbsp;&nbsp;&nbsp;_dsub
<LI><a href="#[dd]">&gt;&gt;</a>&nbsp;&nbsp;&nbsp;_dadd
</UL>

<P><STRONG><a name="[de]"></a>_dsub1</STRONG> (Thumb, 470 bytes, Stack size 40 bytes, daddsub.o(.text), UNUSED)
<BR><BR>[Called By]<UL><LI><a href="#[e1]">&gt;&gt;</a>&nbsp;&nbsp;&nbsp;_drsb
<LI><a href="#[e0]">&gt;&gt;</a>&nbsp;&nbsp;&nbsp;_dsub
<LI><a href="#[dd]">&gt;&gt;</a>&nbsp;&nbsp;&nbsp;_dadd
</UL>

<P><STRONG><a name="[1b]"></a>_printf_input_char</STRONG> (Thumb, 10 bytes, Stack size 0 bytes, _printf_char_common.o(.text))
<BR>[Address Reference Count : 1]<UL><LI> _printf_char_common.o(.text)
</UL><P>
<H3>
Undefined Global Symbols
</H3>
<P><STRONG><a name="[e7]"></a>_call_atexit_fns</STRONG> (ARM, 0 bytes, Stack size 0 bytes, UNDEFINED)
<BR><BR>[Called By]<UL><LI><a href="#[2e]">&gt;&gt;</a>&nbsp;&nbsp;&nbsp;exit
</UL>

<P><STRONG><a name="[e3]"></a>_printf_post_padding</STRONG> (ARM, 0 bytes, Stack size 0 bytes, UNDEFINED)
<BR><BR>[Called By]<UL><LI><a href="#[d9]">&gt;&gt;</a>&nbsp;&nbsp;&nbsp;_printf_int_common
</UL>

<P><STRONG><a name="[e2]"></a>_printf_pre_padding</STRONG> (ARM, 0 bytes, Stack size 0 bytes, UNDEFINED)
<BR><BR>[Called By]<UL><LI><a href="#[d9]">&gt;&gt;</a>&nbsp;&nbsp;&nbsp;_printf_int_common
</UL>

<P><STRONG><a name="[d6]"></a>_printf_truncate_signed</STRONG> (ARM, 0 bytes, Stack size 0 bytes, UNDEFINED)
<BR><BR>[Called By]<UL><LI><a href="#[25]">&gt;&gt;</a>&nbsp;&nbsp;&nbsp;_printf_int_dec
</UL>

<P><STRONG><a name="[d7]"></a>_printf_truncate_unsigned</STRONG> (ARM, 0 bytes, Stack size 0 bytes, UNDEFINED)
<BR><BR>[Called By]<UL><LI><a href="#[27]">&gt;&gt;</a>&nbsp;&nbsp;&nbsp;_printf_int_hex
<LI><a href="#[25]">&gt;&gt;</a>&nbsp;&nbsp;&nbsp;_printf_int_dec
</UL>
<HR></body></html>
